###############################################################################
#
# IAR ELF Linker V7.10.3.6832/W32 for ARM                 18/Nov/2015  17:51:50
# Copyright 2007-2014 IAR Systems AB.
#
#    Output file  =  
#        E:\SVN Dir\PQ\UIF Board\UIF_Host_OS_V2\Release\Exe\AT91SAM3U-OS-PQ.out
#    Map file     =  
#        E:\SVN Dir\PQ\UIF
#        Board\UIF_Host_OS_V2\Release\List\AT91SAM3U-OS-PQ.map
#    Command line =  
#        "E:\SVN Dir\PQ\UIF Board\UIF_Host_OS_V2\Release\Obj\app.o" "E:\SVN
#        Dir\PQ\UIF Board\UIF_Host_OS_V2\Release\Obj\app_hooks.o" "E:\SVN
#        Dir\PQ\UIF Board\UIF_Host_OS_V2\Release\Obj\app_probe.o" "E:\SVN
#        Dir\PQ\UIF Board\UIF_Host_OS_V2\Release\Obj\app_vect.o" "E:\SVN
#        Dir\PQ\UIF Board\UIF_Host_OS_V2\Release\Obj\bsp.o" "E:\SVN Dir\PQ\UIF
#        Board\UIF_Host_OS_V2\Release\Obj\bsp_cpu.o" "E:\SVN Dir\PQ\UIF
#        Board\UIF_Host_OS_V2\Release\Obj\bsp_gpio.o" "E:\SVN Dir\PQ\UIF
#        Board\UIF_Host_OS_V2\Release\Obj\bsp_int.o" "E:\SVN Dir\PQ\UIF
#        Board\UIF_Host_OS_V2\Release\Obj\bsp_os.o" "E:\SVN Dir\PQ\UIF
#        Board\UIF_Host_OS_V2\Release\Obj\bsp_pmc.o" "E:\SVN Dir\PQ\UIF
#        Board\UIF_Host_OS_V2\Release\Obj\codec.o" "E:\SVN Dir\PQ\UIF
#        Board\UIF_Host_OS_V2\Release\Obj\commands.o" "E:\SVN Dir\PQ\UIF
#        Board\UIF_Host_OS_V2\Release\Obj\core_cm3.o" "E:\SVN Dir\PQ\UIF
#        Board\UIF_Host_OS_V2\Release\Obj\cpu_a.o" "E:\SVN Dir\PQ\UIF
#        Board\UIF_Host_OS_V2\Release\Obj\cpu_c.o" "E:\SVN Dir\PQ\UIF
#        Board\UIF_Host_OS_V2\Release\Obj\cpu_core.o" "E:\SVN Dir\PQ\UIF
#        Board\UIF_Host_OS_V2\Release\Obj\dma.o" "E:\SVN Dir\PQ\UIF
#        Board\UIF_Host_OS_V2\Release\Obj\dmad.o" "E:\SVN Dir\PQ\UIF
#        Board\UIF_Host_OS_V2\Release\Obj\dsp.o" "E:\SVN Dir\PQ\UIF
#        Board\UIF_Host_OS_V2\Release\Obj\eefc.o" "E:\SVN Dir\PQ\UIF
#        Board\UIF_Host_OS_V2\Release\Obj\emb.o" "E:\SVN Dir\PQ\UIF
#        Board\UIF_Host_OS_V2\Release\Obj\flashd_eefc.o" "E:\SVN Dir\PQ\UIF
#        Board\UIF_Host_OS_V2\Release\Obj\gpio.o" "E:\SVN Dir\PQ\UIF
#        Board\UIF_Host_OS_V2\Release\Obj\i2c_gpio.o" "E:\SVN Dir\PQ\UIF
#        Board\UIF_Host_OS_V2\Release\Obj\im501_comm.o" "E:\SVN Dir\PQ\UIF
#        Board\UIF_Host_OS_V2\Release\Obj\kfifo.o" "E:\SVN Dir\PQ\UIF
#        Board\UIF_Host_OS_V2\Release\Obj\led.o" "E:\SVN Dir\PQ\UIF
#        Board\UIF_Host_OS_V2\Release\Obj\lib_ascii.o" "E:\SVN Dir\PQ\UIF
#        Board\UIF_Host_OS_V2\Release\Obj\lib_math.o" "E:\SVN Dir\PQ\UIF
#        Board\UIF_Host_OS_V2\Release\Obj\lib_mem.o" "E:\SVN Dir\PQ\UIF
#        Board\UIF_Host_OS_V2\Release\Obj\lib_mem_a.o" "E:\SVN Dir\PQ\UIF
#        Board\UIF_Host_OS_V2\Release\Obj\lib_str.o" "E:\SVN Dir\PQ\UIF
#        Board\UIF_Host_OS_V2\Release\Obj\math.o" "E:\SVN Dir\PQ\UIF
#        Board\UIF_Host_OS_V2\Release\Obj\mem_basic.o" "E:\SVN Dir\PQ\UIF
#        Board\UIF_Host_OS_V2\Release\Obj\noah_cmd.o" "E:\SVN Dir\PQ\UIF
#        Board\UIF_Host_OS_V2\Release\Obj\nvic.o" "E:\SVN Dir\PQ\UIF
#        Board\UIF_Host_OS_V2\Release\Obj\os_core.o" "E:\SVN Dir\PQ\UIF
#        Board\UIF_Host_OS_V2\Release\Obj\os_cpu_a.o" "E:\SVN Dir\PQ\UIF
#        Board\UIF_Host_OS_V2\Release\Obj\os_cpu_c.o" "E:\SVN Dir\PQ\UIF
#        Board\UIF_Host_OS_V2\Release\Obj\os_dbg.o" "E:\SVN Dir\PQ\UIF
#        Board\UIF_Host_OS_V2\Release\Obj\os_flag.o" "E:\SVN Dir\PQ\UIF
#        Board\UIF_Host_OS_V2\Release\Obj\os_mbox.o" "E:\SVN Dir\PQ\UIF
#        Board\UIF_Host_OS_V2\Release\Obj\os_mem.o" "E:\SVN Dir\PQ\UIF
#        Board\UIF_Host_OS_V2\Release\Obj\os_mutex.o" "E:\SVN Dir\PQ\UIF
#        Board\UIF_Host_OS_V2\Release\Obj\os_probe.o" "E:\SVN Dir\PQ\UIF
#        Board\UIF_Host_OS_V2\Release\Obj\os_q.o" "E:\SVN Dir\PQ\UIF
#        Board\UIF_Host_OS_V2\Release\Obj\os_sem.o" "E:\SVN Dir\PQ\UIF
#        Board\UIF_Host_OS_V2\Release\Obj\os_task.o" "E:\SVN Dir\PQ\UIF
#        Board\UIF_Host_OS_V2\Release\Obj\os_time.o" "E:\SVN Dir\PQ\UIF
#        Board\UIF_Host_OS_V2\Release\Obj\os_tmr.o" "E:\SVN Dir\PQ\UIF
#        Board\UIF_Host_OS_V2\Release\Obj\pio.o" "E:\SVN Dir\PQ\UIF
#        Board\UIF_Host_OS_V2\Release\Obj\pio_it.o" "E:\SVN Dir\PQ\UIF
#        Board\UIF_Host_OS_V2\Release\Obj\probe_com_os.o" "E:\SVN Dir\PQ\UIF
#        Board\UIF_Host_OS_V2\Release\Obj\probe_demo_intro.o" "E:\SVN
#        Dir\PQ\UIF Board\UIF_Host_OS_V2\Release\Obj\probe_rs232.o" "E:\SVN
#        Dir\PQ\UIF Board\UIF_Host_OS_V2\Release\Obj\probe_rs232_os.o" "E:\SVN
#        Dir\PQ\UIF Board\UIF_Host_OS_V2\Release\Obj\probe_rs232c.o" "E:\SVN
#        Dir\PQ\UIF Board\UIF_Host_OS_V2\Release\Obj\queue.o" "E:\SVN
#        Dir\PQ\UIF Board\UIF_Host_OS_V2\Release\Obj\ruler.o" "E:\SVN
#        Dir\PQ\UIF Board\UIF_Host_OS_V2\Release\Obj\sine_table.o" "E:\SVN
#        Dir\PQ\UIF Board\UIF_Host_OS_V2\Release\Obj\spi.o" "E:\SVN Dir\PQ\UIF
#        Board\UIF_Host_OS_V2\Release\Obj\task_cmd_parse.o" "E:\SVN Dir\PQ\UIF
#        Board\UIF_Host_OS_V2\Release\Obj\task_debug_info.o" "E:\SVN Dir\PQ\UIF
#        Board\UIF_Host_OS_V2\Release\Obj\task_joy.o" "E:\SVN Dir\PQ\UIF
#        Board\UIF_Host_OS_V2\Release\Obj\task_noah.o" "E:\SVN Dir\PQ\UIF
#        Board\UIF_Host_OS_V2\Release\Obj\task_noah_ruler.o" "E:\SVN Dir\PQ\UIF
#        Board\UIF_Host_OS_V2\Release\Obj\task_shell.o" "E:\SVN Dir\PQ\UIF
#        Board\UIF_Host_OS_V2\Release\Obj\task_uart_rx.o" "E:\SVN Dir\PQ\UIF
#        Board\UIF_Host_OS_V2\Release\Obj\task_uart_tx.o" "E:\SVN Dir\PQ\UIF
#        Board\UIF_Host_OS_V2\Release\Obj\task_uart_tx_ruler.o" "E:\SVN
#        Dir\PQ\UIF Board\UIF_Host_OS_V2\Release\Obj\task_user_if.o" "E:\SVN
#        Dir\PQ\UIF Board\UIF_Host_OS_V2\Release\Obj\timer.o" "E:\SVN
#        Dir\PQ\UIF Board\UIF_Host_OS_V2\Release\Obj\twi.o" "E:\SVN Dir\PQ\UIF
#        Board\UIF_Host_OS_V2\Release\Obj\twid.o" "E:\SVN Dir\PQ\UIF
#        Board\UIF_Host_OS_V2\Release\Obj\uart.o" "E:\SVN Dir\PQ\UIF
#        Board\UIF_Host_OS_V2\Release\Obj\uif.o" "E:\SVN Dir\PQ\UIF
#        Board\UIF_Host_OS_V2\Release\Obj\Xmodem.o" -o "E:\SVN Dir\PQ\UIF
#        Board\UIF_Host_OS_V2\Release\Exe\AT91SAM3U-OS-PQ.out" --map "E:\SVN
#        Dir\PQ\UIF Board\UIF_Host_OS_V2\Release\List\AT91SAM3U-OS-PQ.map"
#        --config "E:\SVN Dir\PQ\UIF
#        Board\UIF_Host_OS_V2\BSP\AT91SAM3U_FLASH.icf" --entry
#        __iar_program_start --inline --vfe
#
###############################################################################

*******************************************************************************
*** RUNTIME MODEL ATTRIBUTES
***

CppFlavor       = *
__Heap_Handler  = DLMalloc
__SystemLibrary = DLib


*******************************************************************************
*** PLACEMENT SUMMARY
***

"A1":  place at 0x00080000 { ro section .vectors };
"P1":  place in [from 0x00080000 to 0x0009ffff] { ro };
"P2":  place in [from 0x20078000 to 0x20083fff] { rw, block HEAP, block CSTACK };

  Section            Kind        Address     Size  Object
  -------            ----        -------     ----  ------
"A1":                                        0xbc
  .vectors                    0x00080000     0xbc  <Block>
    .vectors         const    0x00080000     0xbc  app_vect.o [1]
                            - 0x000800bc     0xbc

"P1":                                     0x101a9
  .text              ro code  0x000800bc    0xd86  xprintffull_nomb.o [3]
  .text              ro code  0x00080e42     0x22  zero_init3.o [5]
  .text              ro code  0x00080e64     0x16  strchr.o [5]
  .text              ro code  0x00080e7a      0xa  xsprout.o [3]
  .text              ro code  0x00080e84     0x36  strlen.o [5]
  .rodata            const    0x00080eba      0x2  os_dbg.o [1]
  .text              ro code  0x00080ebc     0x58  memchr.o [5]
  .text              ro code  0x00080f14     0xee  I64DivMod.o [5]
  .rodata            const    0x00081002      0x2  os_dbg.o [1]
  .text              ro code  0x00081004     0x76  ABImemcpy_unaligned.o [5]
  .text              ro code  0x0008107a     0x42  xdnorm.o [4]
  .text              ro code  0x000810bc     0x2e  DblCmpLe.o [4]
  .rodata            const    0x000810ea      0x2  os_dbg.o [1]
  .text              ro code  0x000810ec     0x2e  DblCmpGe.o [4]
  .rodata            const    0x0008111a      0x2  os_dbg.o [1]
  .text              ro code  0x0008111c    0x10c  xdscale.o [4]
  .text              ro code  0x00081228     0x58  DblToI32.o [4]
  .text              ro code  0x00081280     0x30  I32ToDbl.o [4]
  .text              ro code  0x000812b0    0x180  DblSub.o [4]
  .text              ro code  0x00081430    0x1a2  DblMul.o [4]
  .rodata            const    0x000815d2      0x2  os_dbg.o [1]
  .text              ro code  0x000815d4    0x246  DblDiv.o [4]
  .text              ro code  0x0008181a      0xe  div.o [3]
  .text              ro code  0x00081828      0x2  I64DivZer.o [5]
  .rodata            const    0x0008182a      0x2  os_dbg.o [1]
  .text              ro code  0x0008182c     0xd4  DblAdd.o [4]
  .text              ro code  0x00081900    0xd7c  ruler.o [1]
  .text              ro code  0x0008267c    0x404  os_q.o [1]
  .text              ro code  0x00082a80     0x94  os_time.o [1]
  .text              ro code  0x00082b14    0xb2c  bsp.o [1]
  .text              ro code  0x00083640    0x16a  queue.o [1]
  .rodata            const    0x000837aa      0x2  os_dbg.o [1]
  .text              ro code  0x000837ac    0x36c  codec.o [1]
  Veneer             ro code  0x00083b18      0x8  - Linker created -
  Veneer             ro code  0x00083b20      0x8  - Linker created -
  .text              ro code  0x00083b28    0x8c4  uart.o [1]
  .text              ro code  0x000843ec    0x3b4  gpio.o [1]
  .text              ro code  0x000847a0    0x9c0  dsp.o [1]
  CODE               ro code  0x00085160     0xa0  os_cpu_a.o [1]
  Veneer             ro code  0x00085200      0x8  - Linker created -
  Veneer             ro code  0x00085208      0x8  - Linker created -
  .text              ro code  0x00085210    0x494  spi.o [1]
  .text              ro code  0x000856a4    0x31a  os_sem.o [1]
  .rodata            const    0x000859be      0x2  os_dbg.o [1]
  .text              ro code  0x000859c0    0xbac  noah_cmd.o [1]
  .text              ro code  0x0008656c    0x104  flashd_eefc.o [1]
  .text              ro code  0x00086670     0xfc  led.o [1]
  .text              ro code  0x0008676c     0x44  strcpy_unaligned.o [5]
  .text              ro code  0x000867b0    0x814  im501_comm.o [1]
  .text              ro code  0x00086fc4     0x14  memset.o [3]
  .text              ro code  0x00086fd8    0x190  task_user_if.o [1]
  .text              ro code  0x00087168    0x278  Xmodem.o [1]
  .text              ro code  0x000873e0    0xa2c  os_core.o [1]
  .text              ro code  0x00087e0c    0x110  bsp_pmc.o [1]
  .text              ro code  0x00087f1c    0x1a6  bsp_int.o [1]
  .rodata            const    0x000880c2      0x2  os_dbg.o [1]
  .text              ro code  0x000880c4     0xec  bsp_gpio.o [1]
  .text              ro code  0x000881b0    0x100  nvic.o [1]
  .text              ro code  0x000882b0     0x1a  bsp_os.o [1]
  .rodata            const    0x000882ca      0x2  os_dbg.o [1]
  .text              ro code  0x000882cc    0x384  twid.o [1]
  .text              ro code  0x00088650     0xf8  timer.o [1]
  .text              ro code  0x00088748     0x2c  vsprintf.o [3]
  .text              ro code  0x00088774     0xb8  task_debug_info.o [1]
  .text              ro code  0x0008882c    0x1b2  pio.o [1]
  .text              ro code  0x000889de     0xbc  kfifo.o [1]
  .rodata            const    0x00088a9a      0x2  os_dbg.o [1]
  .text              ro code  0x00088a9c    0x740  mem_basic.o [1]
  .text              ro code  0x000891dc     0x5c  dma.o [1]
  .text              ro code  0x00089238     0x38  dmad.o [1]
  .text              ro code  0x00089270    0x1d0  os_mem.o [1]
  .text              ro code  0x00089440    0x596  emb.o [1]
  .text              ro code  0x000899d6     0x1c  strcat.o [3]
  .rodata            const    0x000899f2      0x2  os_dbg.o [1]
  .text              ro code  0x000899f4    0x838  uif.o [1]
  .text              ro code  0x0008a22c     0xc6  eefc.o [1]
  .text              ro code  0x0008a2f2     0x1e  math.o [1]
  .text              ro code  0x0008a310      0xc  memcpy.o [3]
  .text              ro code  0x0008a31c     0x66  ABImemset.o [5]
  .rodata            const    0x0008a382      0x2  os_dbg.o [1]
  .text              ro code  0x0008a384    0x1ee  os_mbox.o [1]
  .rodata            const    0x0008a572      0x2  os_dbg.o [1]
  .text              ro code  0x0008a574    0x154  os_cpu_c.o [1]
  .text              ro code  0x0008a6c8     0x86  os_flag.o [1]
  .rodata            const    0x0008a74e      0x2  os_dbg.o [1]
  .text              ro code  0x0008a750    0x280  os_tmr.o [1]
  .text              ro code  0x0008a9d0    0x1cc  os_dbg.o [1]
  .text              ro code  0x0008ab9c    0x4d8  os_task.o [1]
  .text              ro code  0x0008b074    0x124  cpu_c.o [1]
  CODE               ro code  0x0008b198     0x2a  cpu_a.o [1]
  .rodata            const    0x0008b1c2      0x2  os_dbg.o [1]
  .text              ro code  0x0008b1c4     0xf2  twi.o [1]
  .rodata            const    0x0008b2b6      0x2  os_dbg.o [1]
  Veneer             ro code  0x0008b2b8      0x8  - Linker created -
  .text              ro code  0x0008b2c0    0x50c  i2c_gpio.o [1]
  .text              ro code  0x0008b7cc    0xb10  commands.o [1]
  .text              ro code  0x0008c2dc    0x4e0  lib_str.o [1]
  .text              ro code  0x0008c7bc     0xe8  lib_ascii.o [1]
  .text              ro code  0x0008c8a4    0x46c  app.o [1]
  .text              ro code  0x0008cd10     0x6c  cpu_core.o [1]
  .text              ro code  0x0008cd7c     0x28  lib_math.o [1]
  .text              ro code  0x0008cda4     0x94  lib_mem.o [1]
  .text              ro code  0x0008ce38    0x1e0  task_shell.o [1]
  .text              ro code  0x0008d018    0x1c6  lz77_init.o [5]
  .text              ro code  0x0008d1de      0x6  abort.o [3]
  .text              ro code  0x0008d1e4      0xc  XXexit.o [5]
  .text              ro code  0x0008d1f0    0x17c  task_joy.o [1]
  .rodata            const    0x0008d36c    0x100  os_core.o [1]
  .text              ro code  0x0008d46c     0xd0  task_uart_tx.o [1]
  .text              ro code  0x0008d53c     0xb4  task_uart_rx.o [1]
  .rodata            const    0x0008d5f0     0x94  lib_str.o [1]
  .rodata            const    0x0008d684     0x88  bsp.o [1]
  .rodata            const    0x0008d70c     0x88  bsp.o [1]
  .rodata            const    0x0008d794     0x88  bsp.o [1]
  .rodata            const    0x0008d81c     0x88  bsp.o [1]
  .rodata            const    0x0008d8a4     0x88  bsp.o [1]
  .rodata            const    0x0008d92c     0x88  bsp.o [1]
  .rodata            const    0x0008d9b4     0x80  spi.o [1]
  .rodata            const    0x0008da34     0x80  spi.o [1]
  .rodata            const    0x0008dab4     0x80  uart.o [1]
  .rodata            const    0x0008db34     0x70  commands.o [1]
  .rodata            const    0x0008dba4     0x60  uart.o [1]
  .rodata            const    0x0008dc04     0x5c  commands.o [1]
  .rodata            const    0x0008dc60     0x5c  commands.o [1]
  .text              ro code  0x0008dcbc     0x5c  task_cmd_parse.o [1]
  .rodata            const    0x0008dd18     0x54  ruler.o [1]
  .rodata            const    0x0008dd6c     0x50  bsp.o [1]
  .rodata            const    0x0008ddbc     0x50  ruler.o [1]
  .rodata            const    0x0008de0c     0x4c  bsp.o [1]
  .rodata            const    0x0008de58     0x4c  bsp.o [1]
  .rodata            const    0x0008dea4     0x48  bsp.o [1]
  .rodata            const    0x0008deec     0x48  task_user_if.o [1]
  .rodata            const    0x0008df34     0x44  bsp.o [1]
  .rodata            const    0x0008df78     0x44  commands.o [1]
  .rodata            const    0x0008dfbc     0x40  bsp.o [1]
  .rodata            const    0x0008dffc     0x40  bsp.o [1]
  .rodata            const    0x0008e03c     0x40  bsp.o [1]
  .rodata            const    0x0008e07c     0x40  bsp.o [1]
  .rodata            const    0x0008e0bc     0x40  bsp.o [1]
  .rodata            const    0x0008e0fc     0x40  commands.o [1]
  .rodata            const    0x0008e13c     0x40  commands.o [1]
  .rodata            const    0x0008e17c     0x40  gpio.o [1]
  .rodata            const    0x0008e1bc     0x40  led.o [1]
  .rodata            const    0x0008e1fc     0x40  twid.o [1]
  .rodata            const    0x0008e23c     0x3c  commands.o [1]
  .rodata            const    0x0008e278     0x3c  commands.o [1]
  .rodata            const    0x0008e2b4     0x3c  commands.o [1]
  .rodata            const    0x0008e2f0     0x3c  uif.o [1]
  .rodata            const    0x0008e32c     0x38  bsp.o [1]
  .rodata            const    0x0008e364     0x38  bsp.o [1]
  .rodata            const    0x0008e39c     0x38  bsp.o [1]
  .rodata            const    0x0008e3d4     0x38  bsp.o [1]
  .rodata            const    0x0008e40c     0x38  bsp.o [1]
  .rodata            const    0x0008e444     0x38  bsp.o [1]
  .rodata            const    0x0008e47c     0x38  commands.o [1]
  .rodata            const    0x0008e4b4     0x38  commands.o [1]
  .rodata            const    0x0008e4ec     0x38  ruler.o [1]
  .rodata            const    0x0008e524     0x38  ruler.o [1]
  .rodata            const    0x0008e55c     0x38  ruler.o [1]
  .rodata            const    0x0008e594     0x34  bsp.o [1]
  .rodata            const    0x0008e5c8     0x34  bsp.o [1]
  .rodata            const    0x0008e5fc     0x34  bsp.o [1]
  .rodata            const    0x0008e630     0x34  bsp.o [1]
  .rodata            const    0x0008e664     0x34  bsp.o [1]
  .rodata            const    0x0008e698     0x34  bsp.o [1]
  .rodata            const    0x0008e6cc     0x34  commands.o [1]
  .rodata            const    0x0008e700     0x34  dsp.o [1]
  .rodata            const    0x0008e734     0x34  dsp.o [1]
  .rodata            const    0x0008e768     0x34  dsp.o [1]
  .rodata            const    0x0008e79c     0x34  ruler.o [1]
  .rodata            const    0x0008e7d0     0x34  ruler.o [1]
  .rodata            const    0x0008e804     0x34  ruler.o [1]
  .rodata            const    0x0008e838     0x34  task_shell.o [1]
  .rodata            const    0x0008e86c     0x30  commands.o [1]
  .rodata            const    0x0008e89c     0x30  commands.o [1]
  .rodata            const    0x0008e8cc     0x30  commands.o [1]
  .rodata            const    0x0008e8fc     0x30  noah_cmd.o [1]
  .rodata            const    0x0008e92c     0x30  ruler.o [1]
  .rodata            const    0x0008e95c     0x30  ruler.o [1]
  .rodata            const    0x0008e98c     0x30  ruler.o [1]
  .rodata            const    0x0008e9bc     0x30  ruler.o [1]
  .rodata            const    0x0008e9ec     0x30  ruler.o [1]
  .rodata            const    0x0008ea1c     0x30  ruler.o [1]
  .rodata            const    0x0008ea4c     0x30  ruler.o [1]
  .rodata            const    0x0008ea7c     0x30  task_user_if.o [1]
  .rodata            const    0x0008eaac     0x30  uif.o [1]
  .rodata            const    0x0008eadc     0x2c  commands.o [1]
  .rodata            const    0x0008eb08     0x2c  dsp.o [1]
  .rodata            const    0x0008eb34     0x2c  dsp.o [1]
  .rodata            const    0x0008eb60     0x2c  i2c_gpio.o [1]
  .rodata            const    0x0008eb8c     0x2c  im501_comm.o [1]
  .rodata            const    0x0008ebb8     0x2c  im501_comm.o [1]
  .rodata            const    0x0008ebe4     0x2c  ruler.o [1]
  .rodata            const    0x0008ec10     0x2c  spi.o [1]
  .rodata            const    0x0008ec3c     0x2c  spi.o [1]
  .rodata            const    0x0008ec68     0x2c  task_joy.o [1]
  .rodata            const    0x0008ec94     0x28  commands.o [1]
  .rodata            const    0x0008ecbc     0x28  dsp.o [1]
  .rodata            const    0x0008ece4     0x28  ruler.o [1]
  .rodata            const    0x0008ed0c     0x28  ruler.o [1]
  .rodata            const    0x0008ed34     0x28  ruler.o [1]
  .rodata            const    0x0008ed5c     0x28  ruler.o [1]
  .rodata            const    0x0008ed84     0x28  task_shell.o [1]
  .rodata            const    0x0008edac     0x28  task_shell.o [1]
  .rodata            const    0x0008edd4     0x28  task_shell.o [1]
  .rodata            const    0x0008edfc     0x28  task_user_if.o [1]
  .rodata            const    0x0008ee24     0x28  uif.o [1]
  .rodata            const    0x0008ee4c     0x28  uif.o [1]
  .text              ro code  0x0008ee74     0x28  data_init.o [5]
  .rodata            const    0x0008ee9c     0x24  bsp.o [1]
  .rodata            const    0x0008eec0     0x24  commands.o [1]
  .rodata            const    0x0008eee4     0x24  commands.o [1]
  .rodata            const    0x0008ef08     0x24  dsp.o [1]
  .rodata            const    0x0008ef2c     0x24  dsp.o [1]
  .rodata            const    0x0008ef50     0x24  dsp.o [1]
  .rodata            const    0x0008ef74     0x24  gpio.o [1]
  .rodata            const    0x0008ef98     0x24  i2c_gpio.o [1]
  .rodata            const    0x0008efbc     0x24  ruler.o [1]
  .rodata            const    0x0008efe0     0x24  ruler.o [1]
  .rodata            const    0x0008f004     0x24  ruler.o [1]
  .rodata            const    0x0008f028     0x24  ruler.o [1]
  .rodata            const    0x0008f04c     0x24  ruler.o [1]
  .rodata            const    0x0008f070     0x24  ruler.o [1]
  .rodata            const    0x0008f094     0x24  ruler.o [1]
  .rodata            const    0x0008f0b8     0x24  task_joy.o [1]
  .rodata            const    0x0008f0dc     0x24  uif.o [1]
  .rodata            const    0x0008f100     0x24  uif.o [1]
  .text              ro code  0x0008f124     0x24  app_vect.o [1]
  .iar.init_table    const    0x0008f148     0x2c  - Linker created -
  .rodata            const    0x0008f174     0x20  bsp.o [1]
  .rodata            const    0x0008f194     0x20  commands.o [1]
  .rodata            const    0x0008f1b4     0x20  commands.o [1]
  .rodata            const    0x0008f1d4     0x20  commands.o [1]
  .rodata            const    0x0008f1f4     0x20  commands.o [1]
  .rodata            const    0x0008f214     0x20  commands.o [1]
  .rodata            const    0x0008f234     0x20  dsp.o [1]
  .rodata            const    0x0008f254     0x20  dsp.o [1]
  .rodata            const    0x0008f274     0x20  im501_comm.o [1]
  .rodata            const    0x0008f294     0x20  led.o [1]
  .rodata            const    0x0008f2b4     0x20  ruler.o [1]
  .rodata            const    0x0008f2d4     0x20  ruler.o [1]
  .rodata            const    0x0008f2f4     0x20  ruler.o [1]
  .rodata            const    0x0008f314     0x20  ruler.o [1]
  .rodata            const    0x0008f334     0x20  ruler.o [1]
  .rodata            const    0x0008f354     0x20  ruler.o [1]
  .rodata            const    0x0008f374     0x20  task_shell.o [1]
  .rodata            const    0x0008f394     0x20  uif.o [1]
  .rodata            const    0x0008f3b4     0x20  uif.o [1]
  .rodata            const    0x0008f3d4     0x20  uif.o [1]
  .rodata            const    0x0008f3f4     0x20  uif.o [1]
  .rodata            const    0x0008f414     0x1c  app.o [1]
  .rodata            const    0x0008f430     0x1c  app.o [1]
  .rodata            const    0x0008f44c     0x1c  app.o [1]
  .rodata            const    0x0008f468     0x1c  bsp.o [1]
  .rodata            const    0x0008f484     0x1c  bsp.o [1]
  .rodata            const    0x0008f4a0     0x1c  commands.o [1]
  .rodata            const    0x0008f4bc     0x1c  commands.o [1]
  .rodata            const    0x0008f4d8     0x1c  commands.o [1]
  .rodata            const    0x0008f4f4     0x1c  commands.o [1]
  .rodata            const    0x0008f510     0x1c  commands.o [1]
  .rodata            const    0x0008f52c     0x1c  commands.o [1]
  .rodata            const    0x0008f548     0x1c  commands.o [1]
  .rodata            const    0x0008f564     0x1c  dsp.o [1]
  .rodata            const    0x0008f580     0x1c  dsp.o [1]
  .rodata            const    0x0008f59c     0x1c  gpio.o [1]
  .rodata            const    0x0008f5b8     0x1c  im501_comm.o [1]
  .rodata            const    0x0008f5d4     0x1c  im501_comm.o [1]
  .rodata            const    0x0008f5f0     0x1c  ruler.o [1]
  .rodata            const    0x0008f60c     0x1c  ruler.o [1]
  .rodata            const    0x0008f628     0x1c  ruler.o [1]
  .rodata            const    0x0008f644     0x1c  ruler.o [1]
  .rodata            const    0x0008f660     0x1c  ruler.o [1]
  .rodata            const    0x0008f67c     0x1c  ruler.o [1]
  .rodata            const    0x0008f698     0x1c  task_shell.o [1]
  .rodata            const    0x0008f6b4     0x1c  task_user_if.o [1]
  .rodata            const    0x0008f6d0     0x1c  task_user_if.o [1]
  .text              ro code  0x0008f6ec     0x1a  cmain.o [5]
  .text              ro code  0x0008f706      0x4  exit.o [3]
  .rodata            const    0x0008f70a      0x2  os_dbg.o [1]
  .text              ro code  0x0008f70c      0xa  cexit.o [5]
  .rodata            const    0x0008f716      0x2  os_dbg.o [1]
  .rodata            const    0x0008f718     0x18  app.o [1]
  .rodata            const    0x0008f730     0x18  app.o [1]
  .rodata            const    0x0008f748     0x18  app.o [1]
  .rodata            const    0x0008f760     0x18  codec.o [1]
  .rodata            const    0x0008f778     0x18  commands.o [1]
  .rodata            const    0x0008f790     0x18  commands.o [1]
  .rodata            const    0x0008f7a8     0x18  commands.o [1]
  .rodata            const    0x0008f7c0     0x18  commands.o [1]
  .rodata            const    0x0008f7d8     0x18  commands.o [1]
  .rodata            const    0x0008f7f0     0x18  commands.o [1]
  .rodata            const    0x0008f808     0x18  commands.o [1]
  .rodata            const    0x0008f820     0x18  dsp.o [1]
  .rodata            const    0x0008f838     0x18  ruler.o [1]
  .rodata            const    0x0008f850     0x18  ruler.o [1]
  .rodata            const    0x0008f868     0x18  uif.o [1]
  .rodata            const    0x0008f880     0x14  app.o [1]
  .rodata            const    0x0008f894     0x14  app.o [1]
  .rodata            const    0x0008f8a8     0x14  app.o [1]
  .rodata            const    0x0008f8bc     0x14  app.o [1]
  .rodata            const    0x0008f8d0     0x14  app.o [1]
  .rodata            const    0x0008f8e4     0x14  app.o [1]
  .rodata            const    0x0008f8f8     0x14  app.o [1]
  .rodata            const    0x0008f90c     0x14  app.o [1]
  .rodata            const    0x0008f920     0x14  commands.o [1]
  .rodata            const    0x0008f934     0x14  commands.o [1]
  .rodata            const    0x0008f948     0x14  commands.o [1]
  .rodata            const    0x0008f95c     0x14  os_tmr.o [1]
  .rodata            const    0x0008f970     0x14  os_tmr.o [1]
  .rodata            const    0x0008f984     0x14  ruler.o [1]
  .rodata            const    0x0008f998     0x14  ruler.o [1]
  .rodata            const    0x0008f9ac     0x14  ruler.o [1]
  .rodata            const    0x0008f9c0     0x10  bsp.o [1]
  .rodata            const    0x0008f9d0     0x10  codec.o [1]
  .rodata            const    0x0008f9e0     0x10  commands.o [1]
  .rodata            const    0x0008f9f0     0x10  dsp.o [1]
  .rodata            const    0x0008fa00     0x10  dsp.o [1]
  .rodata            const    0x0008fa10     0x10  dsp.o [1]
  .rodata            const    0x0008fa20     0x10  os_core.o [1]
  .rodata            const    0x0008fa30     0x10  os_core.o [1]
  .rodata            const    0x0008fa40     0x10  os_tmr.o [1]
  .rodata            const    0x0008fa50     0x10  ruler.o [1]
  .rodata            const    0x0008fa60     0x10  ruler.o [1]
  .rodata            const    0x0008fa70     0x10  ruler.o [1]
  .rodata            const    0x0008fa80     0x10  ruler.o [1]
  .rodata            const    0x0008fa90     0x10  ruler.o [1]
  .rodata            const    0x0008faa0     0x10  ruler.o [1]
  .rodata            const    0x0008fab0     0x10  ruler.o [1]
  .rodata            const    0x0008fac0     0x10  task_user_if.o [1]
  .rodata            const    0x0008fad0     0x10  twid.o [1]
  .rodata            const    0x0008fae0      0xc  app.o [1]
  .rodata            const    0x0008faec      0xc  app.o [1]
  .rodata            const    0x0008faf8      0xc  app.o [1]
  .rodata            const    0x0008fb04      0xc  app.o [1]
  .rodata            const    0x0008fb10      0xc  app.o [1]
  .rodata            const    0x0008fb1c      0xc  app.o [1]
  .rodata            const    0x0008fb28      0xc  bsp.o [1]
  .rodata            const    0x0008fb34      0xc  bsp.o [1]
  .rodata            const    0x0008fb40      0xc  bsp.o [1]
  .rodata            const    0x0008fb4c      0xc  bsp.o [1]
  .rodata            const    0x0008fb58      0xc  bsp.o [1]
  .rodata            const    0x0008fb64      0xc  bsp.o [1]
  .rodata            const    0x0008fb70      0xc  commands.o [1]
  .rodata            const    0x0008fb7c      0xc  commands.o [1]
  .rodata            const    0x0008fb88      0xc  commands.o [1]
  .rodata            const    0x0008fb94      0xc  commands.o [1]
  .rodata            const    0x0008fba0      0xc  commands.o [1]
  .rodata            const    0x0008fbac      0xc  ruler.o [1]
  .rodata            const    0x0008fbb8      0xc  ruler.o [1]
  .rodata            const    0x0008fbc4      0xc  ruler.o [1]
  .rodata            const    0x0008fbd0      0xc  task_user_if.o [1]
  .rodata            const    0x0008fbdc      0xc  timer.o [1]
  .rodata            const    0x0008fbe8      0xc  uart.o [1]
  .rodata            const    0x0008fbf4      0xc  uart.o [1]
  .rodata            const    0x0008fc00      0xc  uart.o [1]
  .rodata            const    0x0008fc0c      0xc  uart.o [1]
  .rodata            const    0x0008fc18      0xc  uart.o [1]
  .rodata            const    0x0008fc24      0xc  uart.o [1]
  .rodata            const    0x0008fc30      0xc  uart.o [1]
  .rodata            const    0x0008fc3c      0xc  uart.o [1]
  .rodata            const    0x0008fc48      0xc  uart.o [1]
  .rodata            const    0x0008fc54      0xc  Xmodem.o [1]
  .text              ro code  0x0008fc60      0xc  cstartup_M.o [5]
  .rodata            const    0x0008fc6c      0x8  app.o [1]
  .rodata            const    0x0008fc74      0x8  app.o [1]
  .rodata            const    0x0008fc7c      0x8  app.o [1]
  .rodata            const    0x0008fc84      0x8  bsp.o [1]
  .rodata            const    0x0008fc8c      0x8  bsp.o [1]
  .rodata            const    0x0008fc94      0x8  bsp.o [1]
  .rodata            const    0x0008fc9c      0x8  bsp.o [1]
  .rodata            const    0x0008fca4      0x8  bsp.o [1]
  .rodata            const    0x0008fcac      0x8  bsp.o [1]
  .rodata            const    0x0008fcb4      0x8  bsp.o [1]
  .rodata            const    0x0008fcbc      0x8  bsp.o [1]
  .rodata            const    0x0008fcc4      0x8  bsp.o [1]
  .rodata            const    0x0008fccc      0x8  bsp.o [1]
  .rodata            const    0x0008fcd4      0x8  bsp.o [1]
  .rodata            const    0x0008fcdc      0x8  bsp.o [1]
  .rodata            const    0x0008fce4      0x8  bsp.o [1]
  .rodata            const    0x0008fcec      0x8  commands.o [1]
  .rodata            const    0x0008fcf4      0x8  commands.o [1]
  .rodata            const    0x0008fcfc      0x8  commands.o [1]
  .rodata            const    0x0008fd04      0x8  commands.o [1]
  .rodata            const    0x0008fd0c      0x8  commands.o [1]
  .rodata            const    0x0008fd14      0x8  commands.o [1]
  .rodata            const    0x0008fd1c      0x8  commands.o [1]
  .rodata            const    0x0008fd24      0x8  commands.o [1]
  .rodata            const    0x0008fd2c      0x8  commands.o [1]
  .rodata            const    0x0008fd34      0x8  commands.o [1]
  .rodata            const    0x0008fd3c      0x8  commands.o [1]
  .rodata            const    0x0008fd44      0x8  commands.o [1]
  .rodata            const    0x0008fd4c      0x8  commands.o [1]
  .rodata            const    0x0008fd54      0x8  commands.o [1]
  .rodata            const    0x0008fd5c      0x8  mem_basic.o [1]
  .rodata            const    0x0008fd64      0x8  mem_basic.o [1]
  .rodata            const    0x0008fd6c      0x8  mem_basic.o [1]
  .rodata            const    0x0008fd74      0x8  mem_basic.o [1]
  .rodata            const    0x0008fd7c      0x8  mem_basic.o [1]
  .rodata            const    0x0008fd84      0x8  mem_basic.o [1]
  .rodata            const    0x0008fd8c      0x8  mem_basic.o [1]
  .rodata            const    0x0008fd94      0x8  mem_basic.o [1]
  .rodata            const    0x0008fd9c      0x8  mem_basic.o [1]
  .rodata            const    0x0008fda4      0x8  mem_basic.o [1]
  .rodata            const    0x0008fdac      0x8  ruler.o [1]
  .rodata            const    0x0008fdb4      0x8  ruler.o [1]
  .rodata            const    0x0008fdbc      0x8  spi.o [1]
  .rodata            const    0x0008fdc4      0x8  task_user_if.o [1]
  .rodata            const    0x0008fdcc      0x8  Xmodem.o [1]
  .rodata            const    0x0008fdd4      0x8  Xmodem.o [1]
  .rodata            const    0x0008fddc      0x4  gpio.o [1]
  .rodata            const    0x0008fde0      0x4  led.o [1]
  .rodata            const    0x0008fde4      0x4  mem_basic.o [1]
  .rodata            const    0x0008fde8      0x4  mem_basic.o [1]
  .rodata            const    0x0008fdec      0x4  os_dbg.o [1]
  .rodata            const    0x0008fdf0      0x4  ruler.o [1]
  .rodata            const    0x0008fdf4      0x4  ruler.o [1]
  .rodata            const    0x0008fdf8      0x4  ruler.o [1]
  .rodata            const    0x0008fdfc      0x4  uart.o [1]
  .rodata            const    0x0008fe00      0x2  os_dbg.o [1]
  .rodata            const    0x0008fe02      0x2  os_dbg.o [1]
  .rodata            const    0x0008fe04      0x2  os_dbg.o [1]
  .rodata            const    0x0008fe06      0x2  os_dbg.o [1]
  .rodata            const    0x0008fe08      0x2  os_dbg.o [1]
  .rodata            const    0x0008fe0a      0x2  os_dbg.o [1]
  .rodata            const    0x0008fe0c      0x2  os_dbg.o [1]
  .rodata            const    0x0008fe0e      0x2  os_dbg.o [1]
  .rodata            const    0x0008fe10      0x2  os_dbg.o [1]
  .rodata            const    0x0008fe12      0x2  os_dbg.o [1]
  .rodata            const    0x0008fe14      0x2  os_dbg.o [1]
  .rodata            const    0x0008fe16      0x2  os_dbg.o [1]
  .rodata            const    0x0008fe18      0x2  os_dbg.o [1]
  .rodata            const    0x0008fe1a      0x2  os_dbg.o [1]
  .rodata            const    0x0008fe1c      0x2  os_dbg.o [1]
  .rodata            const    0x0008fe1e      0x2  os_dbg.o [1]
  .rodata            const    0x0008fe20      0x2  os_dbg.o [1]
  .rodata            const    0x0008fe22      0x2  os_dbg.o [1]
  .rodata            const    0x0008fe24      0x2  os_dbg.o [1]
  .rodata            const    0x0008fe26      0x2  os_dbg.o [1]
  .rodata            const    0x0008fe28      0x2  os_dbg.o [1]
  .rodata            const    0x0008fe2a      0x2  os_dbg.o [1]
  .rodata            const    0x0008fe2c      0x2  os_dbg.o [1]
  .rodata            const    0x0008fe2e      0x2  os_dbg.o [1]
  .rodata            const    0x0008fe30      0x2  os_dbg.o [1]
  .rodata            const    0x0008fe32      0x2  os_dbg.o [1]
  .rodata            const    0x0008fe34      0x2  os_dbg.o [1]
  .rodata            const    0x0008fe36      0x2  os_dbg.o [1]
  .rodata            const    0x0008fe38      0x2  os_dbg.o [1]
  .rodata            const    0x0008fe3a      0x2  os_dbg.o [1]
  .rodata            const    0x0008fe3c      0x2  os_dbg.o [1]
  .rodata            const    0x0008fe3e      0x2  os_dbg.o [1]
  .rodata            const    0x0008fe40      0x2  os_dbg.o [1]
  .rodata            const    0x0008fe42      0x2  os_dbg.o [1]
  .rodata            const    0x0008fe44      0x2  os_dbg.o [1]
  .rodata            const    0x0008fe46      0x2  ruler.o [1]
  .rodata            const    0x0008fe48      0x0  zero_init3.o [5]
  .rodata            const    0x0008fe48      0x0  lz77_init.o [5]
  Initializer bytes  ro data  0x0008fe48    0x41d  <for P2 s0>
                            - 0x00090265  0x101a9

"P2", part 1 of 3:                          0x89c
  P2 s0                       0x20078000    0x89a  <Init block>
    .data            inited   0x20078000    0x260  gpio.o [1]
    .data            inited   0x20078260    0x24c  codec.o [1]
    .data            inited   0x200784ac    0x12c  dsp.o [1]
    .data            inited   0x200785d8     0xfc  dsp.o [1]
    .textrw          inited   0x200786d4     0xac  gpio.o [1]
    .textrw          inited   0x20078780     0x5c  timer.o [1]
    .data            inited   0x200787dc     0x54  codec.o [1]
    .data            inited   0x20078830     0x20  bsp.o [1]
    .data            inited   0x20078850     0x14  dsp.o [1]
    .textrw          inited   0x20078864     0x14  kfifo.o [1]
    .data            inited   0x20078878      0xc  timer.o [1]
    .data            inited   0x20078884      0x8  codec.o [1]
    .data            inited   0x2007888c      0x4  spi.o [1]
    .data            inited   0x20078890      0x4  timer.o [1]
    .data            inited   0x20078894      0x1  dsp.o [1]
    .data            inited   0x20078895      0x1  i2c_gpio.o [1]
    .data            inited   0x20078896      0x1  i2c_gpio.o [1]
    .data            inited   0x20078897      0x1  i2c_gpio.o [1]
    .data            inited   0x20078898      0x1  mem_basic.o [1]
    .data            inited   0x20078899      0x1  task_user_if.o [1]
                            - 0x2007889a    0x89a

"P2", part 2 of 3:                         0xae3c
  .bss               zero     0x2007889c   0x5208  task_uart_tx.o [1]
  .bss               zero     0x2007daa4   0x1060  uif.o [1]
  .bss               zero     0x2007eb04   0x1000  task_debug_info.o [1]
  .bss               zero     0x2007fb04    0x5d8  os_core.o [1]
  .bss               zero     0x200800dc    0x400  app.o [1]
  .bss               zero     0x200804dc    0x400  app.o [1]
  .bss               zero     0x200808dc    0x400  app.o [1]
  .bss               zero     0x20080cdc    0x400  uart.o [1]
  .bss               zero     0x200810dc    0x400  uart.o [1]
  .bss               zero     0x200814dc    0x280  os_core.o [1]
  .bss               zero     0x2008175c    0x258  os_core.o [1]
  .bss               zero     0x200819b4    0x200  app.o [1]
  .bss               zero     0x20081bb4    0x200  app.o [1]
  .bss               zero     0x20081db4    0x200  app.o [1]
  .bss               zero     0x20081fb4    0x200  app.o [1]
  .bss               zero     0x200821b4    0x200  app.o [1]
  .bss               zero     0x200823b4    0x200  os_core.o [1]
  .bss               zero     0x200825b4    0x200  os_core.o [1]
  .bss               zero     0x200827b4    0x200  os_core.o [1]
  .bss               zero     0x200829b4    0x200  task_uart_rx.o [1]
  .bss               zero     0x20082bb4    0x140  commands.o [1]
  .bss               zero     0x20082cf4    0x100  flashd_eefc.o [1]
  .bss               zero     0x20082df4    0x100  os_core.o [1]
  .bss               zero     0x20082ef4     0x90  os_core.o [1]
  .bss               zero     0x20082f84     0x80  uart.o [1]
  .bss               zero     0x20083004     0x80  uart.o [1]
  .bss               zero     0x20083084     0x80  uart.o [1]
  .bss               zero     0x20083104     0x80  uart.o [1]
  .bss               zero     0x20083184     0x80  uart.o [1]
  .bss               zero     0x20083204     0x80  uart.o [1]
  .bss               zero     0x20083284     0x78  bsp_int.o [1]
  .bss               zero     0x200832fc     0x54  bsp.o [1]
  .bss               zero     0x20083350     0x50  os_core.o [1]
  .bss               zero     0x200833a0     0x40  os_core.o [1]
  .bss               zero     0x200833e0     0x40  uart.o [1]
  .bss               zero     0x20083420     0x40  uart.o [1]
  .bss               zero     0x20083460     0x30  uart.o [1]
  .bss               zero     0x20083490     0x30  uart.o [1]
  .bss               zero     0x200834c0     0x20  uif.o [1]
  .bss               zero     0x200834e0     0x1c  os_core.o [1]
  .bss               zero     0x200834fc     0x14  ruler.o [1]
  .bss               zero     0x20083510     0x14  task_cmd_parse.o [1]
  .bss               zero     0x20083524     0x14  task_uart_tx.o [1]
  .bss               zero     0x20083538     0x14  task_uart_tx.o [1]
  .bss               zero     0x2008354c     0x14  task_uart_tx_ruler.o [1]
  .bss               zero     0x20083560     0x14  task_uart_tx_ruler.o [1]
  .bss               zero     0x20083574     0x10  cpu_core.o [1]
  .bss               zero     0x20083584     0x10  ruler.o [1]
  .bss               zero     0x20083594     0x10  task_debug_info.o [1]
  .bss               zero     0x200835a4      0xc  ruler.o [1]
  .bss               zero     0x200835b0      0xc  uart.o [1]
  .bss               zero     0x200835bc      0x8  os_core.o [1]
  .bss               zero     0x200835c4      0x8  twid.o [1]
  .bss               zero     0x200835cc      0x4  bsp.o [1]
  .bss               zero     0x200835d0      0x4  bsp.o [1]
  .bss               zero     0x200835d4      0x4  codec.o [1]
  .bss               zero     0x200835d8      0x4  gpio.o [1]
  .bss               zero     0x200835dc      0x4  im501_comm.o [1]
  .bss               zero     0x200835e0      0x4  im501_comm.o [1]
  .bss               zero     0x200835e4      0x4  im501_comm.o [1]
  .bss               zero     0x200835e8      0x4  lib_math.o [1]
  .bss               zero     0x200835ec      0x4  os_core.o [1]
  .bss               zero     0x200835f0      0x4  os_core.o [1]
  .bss               zero     0x200835f4      0x4  os_core.o [1]
  .bss               zero     0x200835f8      0x4  os_core.o [1]
  .bss               zero     0x200835fc      0x4  os_core.o [1]
  .bss               zero     0x20083600      0x4  os_core.o [1]
  .bss               zero     0x20083604      0x4  os_core.o [1]
  .bss               zero     0x20083608      0x4  os_core.o [1]
  .bss               zero     0x2008360c      0x4  os_core.o [1]
  .bss               zero     0x20083610      0x4  os_core.o [1]
  .bss               zero     0x20083614      0x4  os_core.o [1]
  .bss               zero     0x20083618      0x4  os_core.o [1]
  .bss               zero     0x2008361c      0x4  os_core.o [1]
  .bss               zero     0x20083620      0x4  os_core.o [1]
  .bss               zero     0x20083624      0x4  os_core.o [1]
  .bss               zero     0x20083628      0x4  os_core.o [1]
  .bss               zero     0x2008362c      0x4  os_core.o [1]
  .bss               zero     0x20083630      0x4  ruler.o [1]
  .bss               zero     0x20083634      0x4  ruler.o [1]
  .bss               zero     0x20083638      0x4  ruler.o [1]
  .bss               zero     0x2008363c      0x4  spi.o [1]
  .bss               zero     0x20083640      0x4  spi.o [1]
  .bss               zero     0x20083644      0x4  spi.o [1]
  .bss               zero     0x20083648      0x4  task_cmd_parse.o [1]
  .bss               zero     0x2008364c      0x4  task_noah.o [1]
  .bss               zero     0x20083650      0x4  task_noah_ruler.o [1]
  .bss               zero     0x20083654      0x4  task_noah_ruler.o [1]
  .bss               zero     0x20083658      0x4  task_noah_ruler.o [1]
  .bss               zero     0x2008365c      0x4  task_noah_ruler.o [1]
  .bss               zero     0x20083660      0x4  task_noah_ruler.o [1]
  .bss               zero     0x20083664      0x4  task_noah_ruler.o [1]
  .bss               zero     0x20083668      0x4  task_noah_ruler.o [1]
  .bss               zero     0x2008366c      0x4  task_noah_ruler.o [1]
  .bss               zero     0x20083670      0x4  task_uart_tx.o [1]
  .bss               zero     0x20083674      0x4  task_uart_tx.o [1]
  .bss               zero     0x20083678      0x4  task_uart_tx.o [1]
  .bss               zero     0x2008367c      0x4  task_uart_tx.o [1]
  .bss               zero     0x20083680      0x4  task_uart_tx_ruler.o [1]
  .bss               zero     0x20083684      0x4  task_uart_tx_ruler.o [1]
  .bss               zero     0x20083688      0x4  task_uart_tx_ruler.o [1]
  .bss               zero     0x2008368c      0x4  task_user_if.o [1]
  .bss               zero     0x20083690      0x4  twid.o [1]
  .bss               zero     0x20083694      0x4  twid.o [1]
  .bss               zero     0x20083698      0x4  uart.o [1]
  .bss               zero     0x2008369c      0x4  uart.o [1]
  .bss               zero     0x200836a0      0x4  uart.o [1]
  .bss               zero     0x200836a4      0x4  uart.o [1]
  .bss               zero     0x200836a8      0x2  dsp.o [1]
  .bss               zero     0x200836aa      0x2  os_core.o [1]
  .bss               zero     0x200836ac      0x2  os_core.o [1]
  .bss               zero     0x200836ae      0x2  os_cpu_c.o [1]
  .bss               zero     0x200836b0      0x2  ruler.o [1]
  .bss               zero     0x200836b2      0x2  task_debug_info.o [1]
  .bss               zero     0x200836b4      0x2  task_debug_info.o [1]
  .bss               zero     0x200836b6      0x1  bsp.o [1]
  .bss               zero     0x200836b7      0x1  bsp.o [1]
  .bss               zero     0x200836b8      0x1  codec.o [1]
  .bss               zero     0x200836b9      0x1  codec.o [1]
  .bss               zero     0x200836ba      0x1  dsp.o [1]
  .bss               zero     0x200836bb      0x1  dsp.o [1]
  .bss               zero     0x200836bc      0x1  dsp.o [1]
  .bss               zero     0x200836bd      0x1  dsp.o [1]
  .bss               zero     0x200836be      0x1  dsp.o [1]
  .bss               zero     0x200836bf      0x1  dsp.o [1]
  .bss               zero     0x200836c0      0x1  gpio.o [1]
  .bss               zero     0x200836c1      0x1  led.o [1]
  .bss               zero     0x200836c2      0x1  os_core.o [1]
  .bss               zero     0x200836c3      0x1  os_core.o [1]
  .bss               zero     0x200836c4      0x1  os_core.o [1]
  .bss               zero     0x200836c5      0x1  os_core.o [1]
  .bss               zero     0x200836c6      0x1  os_core.o [1]
  .bss               zero     0x200836c7      0x1  os_core.o [1]
  .bss               zero     0x200836c8      0x1  os_core.o [1]
  .bss               zero     0x200836c9      0x1  os_core.o [1]
  .bss               zero     0x200836ca      0x1  os_core.o [1]
  .bss               zero     0x200836cb      0x1  ruler.o [1]
  .bss               zero     0x200836cc      0x1  ruler.o [1]
  .bss               zero     0x200836cd      0x1  ruler.o [1]
  .bss               zero     0x200836ce      0x1  ruler.o [1]
  .bss               zero     0x200836cf      0x1  task_uart_rx.o [1]
  .bss               zero     0x200836d0      0x1  twid.o [1]
  .bss               zero     0x200836d1      0x1  uart.o [1]
  .bss               zero     0x200836d2      0x1  uart.o [1]
                            - 0x200836d3   0xae37

"P2", part 3 of 3:                          0x3e8
  CSTACK                      0x200836d8    0x3e8  <Block>
    CSTACK           uninit   0x200836d8    0x3e8  <Block tail>
                            - 0x20083ac0    0x3e8


*******************************************************************************
*** INIT TABLE
***

          Address     Size
          -------     ----
Zero (__iar_zero_init3)
    1 destination range, total size 0xae37:
          0x2007889c  0xae37

Copy/lz77 (__iar_lz77_init3)
    1 source range, total size 0x41d (47% of destination):
          0x0008fe48   0x41d
    1 destination range, total size 0x89a:
          0x20078000   0x89a



*******************************************************************************
*** MODULE SUMMARY
***

    Module                 ro code  rw code  ro data  rw data
    ------                 -------  -------  -------  -------
E:\SVN Dir\PQ\UIF Board\UIF_Host_OS_V2\Release\Obj: [1]
    Xmodem.o                   632                28
    app.o                    1 132               412    5 632
    app_vect.o                  36               188
    bsp.o                    2 860             2 487      126
    bsp_gpio.o                 236
    bsp_int.o                  422                        120
    bsp_os.o                    26
    bsp_pmc.o                  272
    codec.o                    876               365      686
    commands.o               2 832             1 908      320
    cpu_a.o                     42
    cpu_c.o                    292
    cpu_core.o                 108                         16
    dma.o                       92
    dmad.o                      56
    dsp.o                    2 496               858      581
    eefc.o                     198
    emb.o                    1 430
    flashd_eefc.o              260                        256
    gpio.o                     948      172      505      613
    i2c_gpio.o               1 292                82        3
    im501_comm.o             2 068               176       12
    kfifo.o                    188       20        9
    led.o                      252               100        1
    lib_ascii.o                232
    lib_math.o                  40                          4
    lib_mem.o                  148
    lib_str.o                1 248               148
    math.o                      30
    mem_basic.o              1 856                88        1
    noah_cmd.o               2 988                48
    nvic.o                     256
    os_core.o                2 604               288    4 933
    os_cpu_a.o                 160
    os_cpu_c.o                 340                          2
    os_dbg.o                   460               112
    os_flag.o                  134
    os_mbox.o                  494
    os_mem.o                   464
    os_q.o                   1 028
    os_sem.o                   794
    os_task.o                1 240
    os_time.o                  148
    os_tmr.o                   640                56
    pio.o                      434
    queue.o                    362
    ruler.o                  3 452             1 926       66
    spi.o                    1 172               354       16
    task_cmd_parse.o            92                         24
    task_debug_info.o          184                      4 116
    task_joy.o                 380                80
    task_noah.o                                             4
    task_noah_ruler.o                                      32
    task_shell.o               480               232
    task_uart_rx.o             180                        513
    task_uart_tx.o             208                     21 056
    task_uart_tx_ruler.o                                   52
    task_user_if.o             400               253        5
    timer.o                    248       92       64       16
    twi.o                      242
    twid.o                     900                80       17
    uart.o                   2 244               336    3 070
    uif.o                    2 104               412    4 224
    ---------------------------------------------------------
    Total:                  47 432      284   11 595   46 517

command line: [2]
    ---------------------------------------------------------
    Total:

dl7M_tln.a: [3]
    abort.o                      6
    div.o                       14
    exit.o                       4
    memcpy.o                    12
    memset.o                    20
    strcat.o                    28
    vsprintf.o                  44
    xprintffull_nomb.o       3 462
    xsprout.o                   10
    ---------------------------------------------------------
    Total:                   3 600

m7M_tl.a: [4]
    DblAdd.o                   212
    DblCmpGe.o                  46
    DblCmpLe.o                  46
    DblDiv.o                   582
    DblMul.o                   418
    DblSub.o                   384
    DblToI32.o                  88
    I32ToDbl.o                  48
    xdnorm.o                    66
    xdscale.o                  268
    ---------------------------------------------------------
    Total:                   2 158

rt7M_tl.a: [5]
    ABImemcpy_unaligned.o      118
    ABImemset.o                102
    I64DivMod.o                238
    I64DivZer.o                  2
    XXexit.o                    12
    cexit.o                     10
    cmain.o                     26
    cstartup_M.o                12
    data_init.o                 40
    lz77_init.o                454
    memchr.o                    88
    strchr.o                    22
    strcpy_unaligned.o          68
    strlen.o                    54
    zero_init3.o                34
    ---------------------------------------------------------
    Total:                   1 280

    Linker created              40                44    1 000
-------------------------------------------------------------
    Grand Total:            54 510      284   11 639   47 517


*******************************************************************************
*** ENTRY LIST
***

Entry                      Address    Size  Type      Object
-----                      -------    ----  ----      ------
.vectors$$Base          0x00080000           --   Gb  - Linker created -
.vectors$$Limit         0x000800bc           --   Gb  - Linker created -
?main                   0x0008f6ed          Code  Gb  cmain.o [5]
AB_POST                 0x0008250f    0xdc  Code  Gb  ruler.o [1]
ACK_Sem_PCUART          0x2008364c     0x4  Data  Gb  task_noah.o [1]
ACK_Sem_RulerUART       0x20083654     0x4  Data  Gb  task_noah_ruler.o [1]
ASCII_IsAlphaNum        0x0008c7bd    0x58  Code  Gb  lib_ascii.o [1]
ASCII_IsDig             0x0008c82d    0x18  Code  Gb  lib_ascii.o [1]
ASCII_IsDigHex          0x0008c845    0x30  Code  Gb  lib_ascii.o [1]
ASCII_IsLower           0x0008c815    0x18  Code  Gb  lib_ascii.o [1]
ASCII_IsSpace           0x0008c875    0x30  Code  Gb  lib_ascii.o [1]
AT91_TC_Init            0x00088651    0xcc  Code  Gb  timer.o [1]
App_BufferCreate        0x0008c949    0x2c  Code  Gb  app.o [1]
App_BusFault_ISR        0x0008f141     0x2  Code  Lc  app_vect.o [1]
App_EventCreate         0x0008c975   0x156  Code  Lc  app.o [1]
App_Fault_ISR           0x0008f13f     0x2  Code  Lc  app_vect.o [1]
App_MemFault_ISR        0x0008f145     0x2  Code  Lc  app_vect.o [1]
App_NMI_ISR             0x0008f13d     0x2  Code  Lc  app_vect.o [1]
App_Spurious_ISR        0x0008f147     0x2  Code  Lc  app_vect.o [1]
App_TaskCMDParse        0x0008dcbd    0x5c  Code  Gb  task_cmd_parse.o [1]
App_TaskCMDParseStk     0x200808dc   0x400  Data  Lc  app.o [1]
App_TaskCreate          0x0008cacb   0x134  Code  Lc  app.o [1]
App_TaskDebugInfo       0x00088775    0x72  Code  Gb  task_debug_info.o [1]
App_TaskDebugInfoStk    0x200821b4   0x200  Data  Lc  app.o [1]
App_TaskGenieShell      0x0008ce39   0x1e0  Code  Gb  task_shell.o [1]
App_TaskGenieShellStk   0x200804dc   0x400  Data  Lc  app.o [1]
App_TaskJoy             0x0008d1f1   0x17c  Code  Gb  task_joy.o [1]
App_TaskJoyStk          0x20081bb4   0x200  Data  Lc  app.o [1]
App_TaskStart           0x0008c901    0x48  Code  Lc  app.o [1]
App_TaskStartStk        0x200819b4   0x200  Data  Lc  app.o [1]
App_TaskUART_Rx         0x0008d53d    0xb4  Code  Gb  task_uart_rx.o [1]
App_TaskUART_RxStk      0x20081db4   0x200  Data  Lc  app.o [1]
App_TaskUART_Tx         0x0008d46d    0xd0  Code  Gb  task_uart_tx.o [1]
App_TaskUART_TxStk      0x20081fb4   0x200  Data  Lc  app.o [1]
App_TaskUserIF          0x00086fd9   0x148  Code  Gb  task_user_if.o [1]
App_TaskUserIF_Stk      0x200800dc   0x400  Data  Lc  app.o [1]
App_UsageFault_ISR      0x0008f143     0x2  Code  Lc  app_vect.o [1]
App_UserIF_Mbox         0x2008368c     0x4  Data  Gb  task_user_if.o [1]
Audio_Version           0x200834fc    0x14  Data  Gb  ruler.o [1]
BCLK_SOURCE             0x20078884     0x8  Data  Gb  codec.o [1]
BSP_BP_Init             0x00082d39     0x2  Code  Lc  bsp.o [1]
BSP_CPU_ClkFreq         0x00082ddd    0x50  Code  Gb  bsp.o [1]
BSP_ClkInit             0x00082b7f   0x140  Code  Lc  bsp.o [1]
BSP_GPIO_Cfg            0x000880c5    0xa8  Code  Gb  bsp_gpio.o [1]
BSP_GPIO_Set            0x0008816d    0x36  Code  Gb  bsp_gpio.o [1]
BSP_Init                0x00082d83    0x5a  Code  Gb  bsp.o [1]
BSP_IntEn               0x00087f1d    0x14  Code  Gb  bsp_int.o [1]
BSP_IntHandler          0x0008808d    0x30  Code  Lc  bsp_int.o [1]
BSP_IntHandlerAD12B     0x00088065     0xa  Code  Gb  bsp_int.o [1]
BSP_IntHandlerADC       0x0008806f     0xa  Code  Gb  bsp_int.o [1]
BSP_IntHandlerDMAC      0x00088079     0xa  Code  Gb  bsp_int.o [1]
BSP_IntHandlerDummy     0x000880c1     0x2  Code  Lc  bsp_int.o [1]
BSP_IntHandlerEEFC0     0x00087fa7     0xa  Code  Gb  bsp_int.o [1]
BSP_IntHandlerEEFC1     0x00087fb1     0xa  Code  Gb  bsp_int.o [1]
BSP_IntHandlerHSMCI     0x0008800b     0xa  Code  Gb  bsp_int.o [1]
BSP_IntHandlerPIOA      0x00087fcf     0xa  Code  Gb  bsp_int.o [1]
BSP_IntHandlerPIOB      0x00087fd9     0xa  Code  Gb  bsp_int.o [1]
BSP_IntHandlerPIOC      0x00087fe3     0xa  Code  Gb  bsp_int.o [1]
BSP_IntHandlerPMC       0x00087f9d     0xa  Code  Gb  bsp_int.o [1]
BSP_IntHandlerPWM       0x0008805b     0xa  Code  Gb  bsp_int.o [1]
BSP_IntHandlerRSTC      0x00087f75     0xa  Code  Gb  bsp_int.o [1]
BSP_IntHandlerRTC       0x00087f7f     0xa  Code  Gb  bsp_int.o [1]
BSP_IntHandlerRTT       0x00087f89     0xa  Code  Gb  bsp_int.o [1]
BSP_IntHandlerSMC       0x00087fc5     0xa  Code  Gb  bsp_int.o [1]
BSP_IntHandlerSPI0      0x00088029     0xa  Code  Gb  bsp_int.o [1]
BSP_IntHandlerSSC0      0x00088033     0xa  Code  Gb  bsp_int.o [1]
BSP_IntHandlerSUPC      0x00087f6b     0xa  Code  Gb  bsp_int.o [1]
BSP_IntHandlerTC0       0x0008803d     0xa  Code  Gb  bsp_int.o [1]
BSP_IntHandlerTC1       0x00088047     0xa  Code  Gb  bsp_int.o [1]
BSP_IntHandlerTC2       0x00088051     0xa  Code  Gb  bsp_int.o [1]
BSP_IntHandlerTWI0      0x00088015     0xa  Code  Gb  bsp_int.o [1]
BSP_IntHandlerTWI1      0x0008801f     0xa  Code  Gb  bsp_int.o [1]
BSP_IntHandlerUART      0x00087fbb     0xa  Code  Gb  bsp_int.o [1]
BSP_IntHandlerUDPHS     0x00088083     0xa  Code  Gb  bsp_int.o [1]
BSP_IntHandlerUS0       0x00087fed     0xa  Code  Gb  bsp_int.o [1]
BSP_IntHandlerUS1       0x00087ff7     0xa  Code  Gb  bsp_int.o [1]
BSP_IntHandlerUS2       0x00088001     0xa  Code  Gb  bsp_int.o [1]
BSP_IntHandlerWDT       0x00087f93     0xa  Code  Gb  bsp_int.o [1]
BSP_IntInit             0x00087f51    0x1a  Code  Gb  bsp_int.o [1]
BSP_IntVectSet          0x00087f31    0x20  Code  Gb  bsp_int.o [1]
BSP_IntVectTbl          0x20083284    0x78  Data  Lc  bsp_int.o [1]
BSP_LED_Init            0x00082cd7    0x1a  Code  Lc  bsp.o [1]
BSP_LED_Off             0x00082cf1    0x32  Code  Gb  bsp.o [1]
BSP_LowLevelInit        0x00082b15    0x6a  Code  Gb  bsp.o [1]
BSP_OS_TmrTickInit      0x000882b1    0x1a  Code  Gb  bsp_os.o [1]
BSP_PB_Init             0x00082d23    0x16  Code  Lc  bsp.o [1]
BSP_PLL_GetFreq         0x00082e2d    0x34  Code  Gb  bsp.o [1]
BSP_PMC_MainOscFreqGet  0x00087ea7    0x3c  Code  Lc  bsp_pmc.o [1]
BSP_PMC_SlowOscFreqGet  0x00087ee3    0x26  Code  Lc  bsp_pmc.o [1]
BSP_PerClkEn            0x00087e0d    0x16  Code  Gb  bsp_pmc.o [1]
BSP_PostInit            0x00082ccf     0x8  Code  Gb  bsp.o [1]
BSP_PreInit             0x00082cbf    0x10  Code  Gb  bsp.o [1]
BSP_ResetInit           0x00082d55    0x2e  Code  Lc  bsp.o [1]
BSP_Reset_ISR_Handler   0x00082d3b    0x1a  Code  Lc  bsp.o [1]
BSP_Ser_Init            0x00082e61    0xd2  Code  Gb  bsp.o [1]
BSP_Ser_Printf          0x00082ff9    0x24  Code  Gb  bsp.o [1]
BSP_Ser_RdByte          0x00082f8d    0x6c  Code  Gb  bsp.o [1]
BSP_Ser_WrByte          0x00082f33    0x5a  Code  Gb  bsp.o [1]
BSP_Ser_WrStr_To_Buffer
                        0x000887e7    0x36  Code  Gb  task_debug_info.o [1]
BSP_SysClkFreqGet       0x00087e23    0x84  Code  Gb  bsp_pmc.o [1]
BUZZER_MUTE             0x200836c1     0x1  Data  Gb  led.o [1]
Beep                    0x0008301d    0x46  Code  Gb  bsp.o [1]
Bsp_Ser_Rx_Sem_lock     0x200835d0     0x4  Data  Gb  bsp.o [1]
Bsp_Ser_Tx_Sem_lock     0x200835cc     0x4  Data  Gb  bsp.o [1]
Buzzer_OnOff            0x00086715    0x22  Code  Gb  led.o [1]
Buzzer_Toggle           0x00086737    0x24  Code  Gb  led.o [1]
CM_LegacyRead           0x00088e51    0xfc  Code  Gb  mem_basic.o [1]
CM_SingleWrite          0x00088bb1    0x56  Code  Gb  mem_basic.o [1]
CODEC_PARA_TABLE        0x20078260   0x24c  Data  Gb  codec.o [1]
CPU_CntLeadZeros        0x0008b1af          Code  Gb  cpu_a.o [1]
CPU_Init                0x0008cd11     0x8  Code  Gb  cpu_core.o [1]
CPU_IntDis              0x0008b199          Code  Gb  cpu_a.o [1]
CPU_IntEn               0x0008b19d          Code  Gb  cpu_a.o [1]
CPU_IntSrcEn            0x0008b075   0x114  Code  Gb  cpu_c.o [1]
CPU_Name                0x20083574    0x10  Data  Gb  cpu_core.o [1]
CPU_NameClr             0x0008cd19    0x1a  Code  Gb  cpu_core.o [1]
CPU_NameInit            0x0008cd75     0x8  Code  Lc  cpu_core.o [1]
CPU_NameSet             0x0008cd33    0x3e  Code  Gb  cpu_core.o [1]
CPU_RevBits             0x0008b1b5          Code  Gb  cpu_a.o [1]
CPU_SR_Restore          0x0008b1a9          Code  Gb  cpu_a.o [1]
CPU_SR_Save             0x0008b1a1          Code  Gb  cpu_a.o [1]
CPU_WaitForExcept       0x0008b1bf          Code  Gb  cpu_a.o [1]
CPU_WaitForInt          0x0008b1bb          Code  Gb  cpu_a.o [1]
CSTACK$$Base            0x200836d8           --   Gb  - Linker created -
CSTACK$$Limit           0x20083ac0           --   Gb  - Linker created -
CS_GPIO_Init            0x0008b79d    0x1c  Code  Gb  i2c_gpio.o [1]
CS_GPIO_Write           0x0008b717    0x86  Code  Gb  i2c_gpio.o [1]
Check_GPIO_Intrrupt     0x00084739    0x22  Code  Gb  gpio.o [1]
Check_SR_Support        0x00083ad5    0x20  Code  Gb  codec.o [1]
Check_UART_Mixer_Ready  0x0008195b    0x62  Code  Gb  ruler.o [1]
Clear_AT91C_SPI_CSAAT   0x0008524f    0x18  Code  Gb  spi.o [1]
Codec_Write             0x000837ad    0x2c  Code  Gb  codec.o [1]
CommandParse            0x0008c0dd    0xf2  Code  Gb  commands.o [1]
Config_GPIO_Interrupt   0x00084689    0xb0  Code  Gb  gpio.o [1]
Config_Lin              0x0008484f    0x88  Code  Lc  dsp.o [1]
Config_SP0IN_to_SP1Out  0x00084d79    0x4e  Code  Lc  dsp.o [1]
Config_SP0_Out          0x000848d7    0x80  Code  Lc  dsp.o [1]
Config_SPx_Format       0x00084957    0x92  Code  Lc  dsp.o [1]
Config_SR               0x000849e9    0xbe  Code  Lc  dsp.o [1]
DBGU_Configure          0x00084337    0x4a  Code  Gb  uart.o [1]
DBGU_Rx_Sem_lock        0x2008369c     0x4  Data  Gb  uart.o [1]
DBGU_Tx_Sem_lock        0x20083698     0x4  Data  Gb  uart.o [1]
DBG_UART_Send_Buffer    0x2007eb04  0x1000  Data  Gb  task_debug_info.o [1]
DBG_UART_Send_kFIFO     0x20083594    0x10  Data  Gb  task_debug_info.o [1]
DMAD_Initialize         0x00089239    0x34  Code  Gb  dmad.o [1]
DMA_Disable             0x000891e5     0xa  Code  Gb  dma.o [1]
DMA_DisableChannel      0x00089205    0x14  Code  Gb  dma.o [1]
DMA_DisableIt           0x000891ef     0x6  Code  Gb  dma.o [1]
DMA_Enable              0x000891dd     0x8  Code  Gb  dma.o [1]
DMA_EnableChannel       0x000891fb     0xa  Code  Gb  dma.o [1]
DMA_GetChannelStatus    0x00089219     0x6  Code  Gb  dma.o [1]
DMA_GetStatus           0x000891f5     0x6  Code  Gb  dma.o [1]
DMIC_PGA_Control        0x000847af    0xa0  Code  Gb  dsp.o [1]
DM_LegacyRead           0x00088c07    0xf8  Code  Gb  mem_basic.o [1]
DM_SingleWrite          0x00088af1    0x54  Code  Gb  mem_basic.o [1]
DM_Write                0x00088a9d    0x16  Code  Gb  mem_basic.o [1]
DSP_LegacyRead          0x000890c5    0xe4  Code  Gb  mem_basic.o [1]
DSP_PM_Type             0x20078898     0x1  Data  Gb  mem_basic.o [1]
DSP_SingleWrite_1       0x0008903b    0x40  Code  Gb  mem_basic.o [1]
DSP_SingleWrite_2       0x0008907b    0x4a  Code  Gb  mem_basic.o [1]
Debug_COM_Sel           0x200836b6     0x1  Data  Gb  bsp.o [1]
Disable_GPIO_Interrupt  0x0008475b    0x16  Code  Gb  gpio.o [1]
Disable_SPI_Port        0x00085629     0xc  Code  Gb  spi.o [1]
Done_Sem_RulerUART      0x20083658     0x4  Data  Gb  task_noah_ruler.o [1]
EFC_ComputeAddress      0x0008a28f    0x36  Code  Gb  eefc.o [1]
EFC_DisableFrdyIt       0x0008a22d     0xa  Code  Gb  eefc.o [1]
EFC_PerformCommand      0x0008a2d1    0x22  Code  Gb  eefc.o [1]
EFC_TranslateAddress    0x0008a237    0x58  Code  Gb  eefc.o [1]
EMB_Data_Build          0x00085d47   0x1ba  Code  Gb  noah_cmd.o [1]
EMB_Data_Parse          0x00085f01   0x642  Code  Gb  noah_cmd.o [1]
EVENT_MsgQ_Noah2CMDParse
                        0x20083648     0x4  Data  Gb  task_cmd_parse.o [1]
EVENT_MsgQ_Noah2PCUART  0x20083678     0x4  Data  Gb  task_uart_tx.o [1]
EVENT_MsgQ_Noah2RulerUART
                        0x20083684     0x4  Data  Gb  task_uart_tx_ruler.o [1]
EVENT_MsgQ_PCUART2Noah  0x20083674     0x4  Data  Gb  task_uart_tx.o [1]
EVENT_MsgQ_RulerUART2Noah
                        0x20083680     0x4  Data  Gb  task_uart_tx_ruler.o [1]
Enable_SPI_Port         0x0008561d     0xc  Code  Gb  spi.o [1]
FLASHD_Initialize       0x0008656d    0x12  Code  Gb  flashd_eefc.o [1]
FLASHD_Write            0x0008657f    0xe6  Code  Gb  flashd_eefc.o [1]
FLASHD_Write_Safe       0x000820a1    0x34  Code  Gb  ruler.o [1]
FM36_PDMADC_CLK_OnOff   0x00084ae7    0xe2  Code  Gb  dsp.o [1]
FM36_PDM_CLK_Set        0x00084bc9   0x1b0  Code  Gb  dsp.o [1]
FM36_PWD_Bypass         0x00084aa7    0x40  Code  Gb  dsp.o [1]
Flag_Reset_Pin_Trigger  0x200836b7     0x1  Data  Gb  bsp.o [1]
Flash_Info              0x0008c0a5    0x38  Code  Gb  commands.o [1]
GPIODIR_FLOAT           0x00084405    0x46  Code  Gb  gpio.o [1]
GPIOPIN_Get             0x000844d3    0x1e  Code  Gb  gpio.o [1]
GPIOPIN_Get_Fast        0x20078753    0x2a  Code  Gb  gpio.o [1]
GPIOPIN_Init_Fast       0x000844f1    0x52  Code  Gb  gpio.o [1]
GPIOPIN_Set             0x0008444b    0x88  Code  Gb  gpio.o [1]
GPIOPIN_Set_Fast        0x200786d5    0x7e  Code  Gb  gpio.o [1]
GPIO_CS                 0x20078897     0x1  Data  Gb  i2c_gpio.o [1]
GPIO_Init               0x000843ed    0x18  Code  Gb  gpio.o [1]
GPIO_SCL                0x20078896     0x1  Data  Gb  i2c_gpio.o [1]
GPIO_SDA                0x20078895     0x1  Data  Gb  i2c_gpio.o [1]
GPIO_Sem_I2C_Mixer      0x200835d8     0x4  Data  Gb  gpio.o [1]
Get_Audio_Version       0x00081dc9    0x54  Code  Gb  ruler.o [1]
Get_Flash_Info          0x00083205    0x8e  Code  Gb  bsp.o [1]
Get_Mask_Num            0x0008193b    0x20  Code  Gb  ruler.o [1]
Get_Port_Detect         0x0008460d    0x28  Code  Gb  gpio.o [1]
Get_Switches            0x000845e3    0x2a  Code  Gb  gpio.o [1]
Get_Task_Info           0x0008309b    0xf2  Code  Gb  bsp.o [1]
Get_Uptime              0x0008318d    0x76  Code  Gb  bsp.o [1]
Get_Ver_Info            0x0008c089    0x1a  Code  Gb  commands.o [1]
Global_Bridge_POST      0x200836cc     0x1  Data  Gb  ruler.o [1]
Global_Idle_Ready       0x200836cf     0x1  Data  Gb  task_uart_rx.o [1]
Global_Mic_Mask         0x20083584    0x10  Data  Gb  ruler.o [1]
Global_Mic_State        0x20083638     0x4  Data  Gb  ruler.o [1]
Global_Ruler_Index      0x200836cb     0x1  Data  Gb  ruler.o [1]
Global_Ruler_State      0x20083630     0x4  Data  Gb  ruler.o [1]
Global_Ruler_Type       0x20083634     0x4  Data  Gb  ruler.o [1]
Global_SPI_Record       0x200836ce     0x1  Data  Gb  ruler.o [1]
Global_UIF_Setting      0x200834c0    0x20  Data  Gb  uif.o [1]
Global_VEC_Cfg          0x200835a4     0xc  Data  Gb  ruler.o [1]
HOST_LegacyRead         0x00088fd7    0x64  Code  Gb  mem_basic.o [1]
HOST_SingleWrite_1      0x00088f4d    0x40  Code  Gb  mem_basic.o [1]
HOST_SingleWrite_2      0x00088f8d    0x4a  Code  Gb  mem_basic.o [1]
Head_Info               0x000832e5   0x1a2  Code  Gb  bsp.o [1]
HelpFunc                0x0008ba59    0x70  Code  Gb  commands.o [1]
HostNameFunc            0x0008bac9    0x38  Code  Gb  commands.o [1]
I2CWrite_Codec_AIC3204  0x000837d9    0x1c  Code  Gb  codec.o [1]
I2C_GPIO_Init           0x0008b6e1    0x36  Code  Gb  i2c_gpio.o [1]
I2C_GPIO_Read           0x0008b49f    0x64  Code  Gb  i2c_gpio.o [1]
I2C_GPIO_Read_iM205     0x0008b503    0xa6  Code  Gb  i2c_gpio.o [1]
I2C_GPIO_Write          0x0008b5a9    0x7a  Code  Gb  i2c_gpio.o [1]
I2C_GPIO_Write_iM205    0x0008b623    0xbe  Code  Gb  i2c_gpio.o [1]
I2C_Mix_Index_Save      0x200836c0     0x1  Data  Lc  gpio.o [1]
I2C_Mixer               0x00084543    0xa0  Code  Gb  gpio.o [1]
IRQ_ConfigureIT         0x00088213    0x6c  Code  Gb  nvic.o [1]
IRQ_DisableIT           0x0008828d     0xe  Code  Gb  nvic.o [1]
IRQ_EnableIT            0x0008827f     0xe  Code  Gb  nvic.o [1]
ISR_PC_UART             0x00083df9   0x196  Code  Gb  uart.o [1]
ISR_Ruler_UART          0x0008400f   0x122  Code  Gb  uart.o [1]
ISR_iM501_IRQ           0x00086f69    0x1c  Code  Gb  im501_comm.o [1]
InStream_Read           0x0008d019    0x22  Code  Lc  lz77_init.o [5]
InitCommands            0x0008b7cd   0x1e4  Code  Gb  commands.o [1]
InitI2CFunc             0x0008bb65    0x44  Code  Gb  commands.o [1]
Init_CMD_Read           0x000859c1    0x14  Code  Gb  noah_cmd.o [1]
Init_CODEC              0x000837f5   0x2e0  Code  Gb  codec.o [1]
Init_FM36_AB03          0x00084dc7   0x2fc  Code  Gb  dsp.o [1]
Init_FM36_AB03_Preset   0x000850c3    0x28  Code  Gb  dsp.o [1]
Init_Global_Var         0x00081901    0x3a  Code  Gb  ruler.o [1]
LED_Clear               0x000866a7    0x36  Code  Gb  led.o [1]
LED_Set                 0x00086671    0x36  Code  Gb  led.o [1]
LED_Toggle              0x000866dd    0x38  Code  Gb  led.o [1]
LsFunc                  0x0008b9b1    0x3e  Code  Gb  commands.o [1]
MCU_Load_Vec            0x00086869   0x334  Code  Gb  im501_comm.o [1]
Math_Init               0x0008cd7d     0xa  Code  Gb  lib_math.o [1]
Math_RandSeedCur        0x200835e8     0x4  Data  Gb  lib_math.o [1]
Math_RandSetSeed        0x0008cd87    0x18  Code  Gb  lib_math.o [1]
MemPartition_MsgUART    0x2007889c  0x5208  Data  Gb  task_uart_tx.o [1]
Mem_Clr                 0x0008cda5    0x12  Code  Gb  lib_mem.o [1]
Mem_Set                 0x0008cdb7    0x82  Code  Gb  lib_mem.o [1]
MsgQ_Noah2CMDParse      0x20083510    0x14  Data  Gb  task_cmd_parse.o [1]
MsgQ_Noah2PCUART        0x20083538    0x14  Data  Gb  task_uart_tx.o [1]
MsgQ_Noah2RulerUART     0x20083560    0x14  Data  Gb  task_uart_tx_ruler.o [1]
MsgQ_PCUART2Noah        0x20083524    0x14  Data  Gb  task_uart_tx.o [1]
MsgQ_RulerUART2Noah     0x2008354c    0x14  Data  Gb  task_uart_tx_ruler.o [1]
NVIC_ClearPendingIRQ    0x000881d9    0x14  Code  Lc  nvic.o [1]
NVIC_DisableIRQ         0x000881c5    0x14  Code  Lc  nvic.o [1]
NVIC_EnableIRQ          0x000881b1    0x14  Code  Lc  nvic.o [1]
NVIC_SetPriority        0x000881ed    0x26  Code  Lc  nvic.o [1]
Noah_CMD_Read           0x000859d5   0x148  Code  Gb  noah_cmd.o [1]
OSCPUUsage              0x200836c2     0x1  Data  Gb  os_core.o [1]
OSCtxSw                 0x0008518b          Code  Gb  os_cpu_a.o [1]
OSCtxSwCtr              0x200835ec     0x4  Data  Gb  os_core.o [1]
OSDataSize              0x0008fe44     0x2  Data  Gb  os_dbg.o [1]
OSDebugEn               0x00080eba     0x2  Data  Gb  os_dbg.o [1]
OSDebugInit             0x0008a9d1   0x1cc  Code  Gb  os_dbg.o [1]
OSEndiannessTest        0x0008fdec     0x4  Data  Gb  os_dbg.o [1]
OSEventEn               0x00081002     0x2  Data  Gb  os_dbg.o [1]
OSEventFreeList         0x200835f0     0x4  Data  Gb  os_core.o [1]
OSEventMax              0x000810ea     0x2  Data  Gb  os_dbg.o [1]
OSEventMultiEn          0x000837aa     0x2  Data  Gb  os_dbg.o [1]
OSEventNameEn           0x0008111a     0x2  Data  Gb  os_dbg.o [1]
OSEventNameSet          0x000873e1    0x54  Code  Gb  os_core.o [1]
OSEventSize             0x000815d2     0x2  Data  Gb  os_dbg.o [1]
OSEventTbl              0x2008175c   0x258  Data  Gb  os_core.o [1]
OSEventTblSize          0x0008182a     0x2  Data  Gb  os_dbg.o [1]
OSFlagEn                0x000859be     0x2  Data  Gb  os_dbg.o [1]
OSFlagFreeList          0x200835f4     0x4  Data  Gb  os_core.o [1]
OSFlagGrpSize           0x000880c2     0x2  Data  Gb  os_dbg.o [1]
OSFlagMax               0x000899f2     0x2  Data  Gb  os_dbg.o [1]
OSFlagNameEn            0x0008a382     0x2  Data  Gb  os_dbg.o [1]
OSFlagNodeSize          0x000882ca     0x2  Data  Gb  os_dbg.o [1]
OSFlagTbl               0x20083350    0x50  Data  Gb  os_core.o [1]
OSFlagWidth             0x00088a9a     0x2  Data  Gb  os_dbg.o [1]
OSIdleCtr               0x20083600     0x4  Data  Gb  os_core.o [1]
OSIdleCtrMax            0x200835f8     0x4  Data  Gb  os_core.o [1]
OSIdleCtrRun            0x200835fc     0x4  Data  Gb  os_core.o [1]
OSInit                  0x00087435    0x38  Code  Gb  os_core.o [1]
OSInitHookBegin         0x0008a575     0x8  Code  Gb  os_cpu_c.o [1]
OSIntCtxSw              0x00085193          Code  Gb  os_cpu_a.o [1]
OSIntEnter              0x0008746d    0x24  Code  Gb  os_core.o [1]
OSIntExit               0x00087491    0x94  Code  Gb  os_core.o [1]
OSIntNesting            0x200836c4     0x1  Data  Gb  os_core.o [1]
OSLockNesting           0x200836c5     0x1  Data  Gb  os_core.o [1]
OSLowestPrio            0x0008a572     0x2  Data  Gb  os_dbg.o [1]
OSMboxCreate            0x0008a385    0x52  Code  Gb  os_mbox.o [1]
OSMboxEn                0x0008a74e     0x2  Data  Gb  os_dbg.o [1]
OSMboxPend              0x0008a3d7   0x11e  Code  Gb  os_mbox.o [1]
OSMboxPost              0x0008a50d    0x66  Code  Gb  os_mbox.o [1]
OSMemCreate             0x00089271    0xc6  Code  Gb  os_mem.o [1]
OSMemEn                 0x0008b1c2     0x2  Data  Gb  os_dbg.o [1]
OSMemFreeList           0x20083614     0x4  Data  Gb  os_core.o [1]
OSMemGet                0x00089337    0x52  Code  Gb  os_mem.o [1]
OSMemMax                0x0008b2b6     0x2  Data  Gb  os_dbg.o [1]
OSMemNameEn             0x0008f70a     0x2  Data  Gb  os_dbg.o [1]
OSMemNameSet            0x00089389    0x44  Code  Gb  os_mem.o [1]
OSMemPut                0x000893cd    0x46  Code  Gb  os_mem.o [1]
OSMemSize               0x0008f716     0x2  Data  Gb  os_dbg.o [1]
OSMemTbl                0x200834e0    0x1c  Data  Gb  os_core.o [1]
OSMemTblSize            0x0008fe00     0x2  Data  Gb  os_dbg.o [1]
OSMutexEn               0x0008fe02     0x2  Data  Gb  os_dbg.o [1]
OSPrioCur               0x200836c6     0x1  Data  Gb  os_core.o [1]
OSPrioHighRdy           0x200836c7     0x1  Data  Gb  os_core.o [1]
OSPtrSize               0x0008fe04     0x2  Data  Gb  os_dbg.o [1]
OSQCreate               0x000826db    0xb8  Code  Gb  os_q.o [1]
OSQEn                   0x0008fe06     0x2  Data  Gb  os_dbg.o [1]
OSQFreeList             0x20083618     0x4  Data  Gb  os_core.o [1]
OSQGet                  0x0008267d    0x5e  Code  Gb  os_q.o [1]
OSQMax                  0x0008fe08     0x2  Data  Gb  os_dbg.o [1]
OSQPend                 0x00082793   0x15c  Code  Gb  os_q.o [1]
OSQPost                 0x000828f5    0x80  Code  Gb  os_q.o [1]
OSQPostOpt              0x00082975    0xba  Code  Gb  os_q.o [1]
OSQSize                 0x0008fe0a     0x2  Data  Gb  os_dbg.o [1]
OSQTbl                  0x20082ef4    0x90  Data  Gb  os_core.o [1]
OSRdyGrp                0x200836c8     0x1  Data  Gb  os_core.o [1]
OSRdyTbl                0x200835bc     0x8  Data  Gb  os_core.o [1]
OSRdyTblSize            0x0008fe0c     0x2  Data  Gb  os_dbg.o [1]
OSRunning               0x200836c9     0x1  Data  Gb  os_core.o [1]
OSSchedLock             0x00087525    0x3e  Code  Gb  os_core.o [1]
OSSchedUnlock           0x00087563    0x64  Code  Gb  os_core.o [1]
OSSemCreate             0x000856a5    0x52  Code  Gb  os_sem.o [1]
OSSemDel                0x000856f7   0x10e  Code  Gb  os_sem.o [1]
OSSemEn                 0x0008fe0e     0x2  Data  Gb  os_dbg.o [1]
OSSemPend               0x00085805    0xf0  Code  Gb  os_sem.o [1]
OSSemPost               0x0008590d    0x64  Code  Gb  os_sem.o [1]
OSSemSet                0x00085971    0x4e  Code  Gb  os_sem.o [1]
OSStart                 0x000875c7    0x42  Code  Gb  os_core.o [1]
OSStartHighRdy          0x0008516f          Code  Gb  os_cpu_a.o [1]
OSStatInit              0x00087609    0x46  Code  Gb  os_core.o [1]
OSStatRdy               0x200836c3     0x1  Data  Gb  os_core.o [1]
OSStkWidth              0x0008fe10     0x2  Data  Gb  os_dbg.o [1]
OSTCBCur                0x20083604     0x4  Data  Gb  os_core.o [1]
OSTCBFreeList           0x20083608     0x4  Data  Gb  os_core.o [1]
OSTCBHighRdy            0x2008360c     0x4  Data  Gb  os_core.o [1]
OSTCBInitHook           0x0008a637     0xc  Code  Gb  os_cpu_c.o [1]
OSTCBList               0x20083610     0x4  Data  Gb  os_core.o [1]
OSTCBPrioTbl            0x20082df4   0x100  Data  Gb  os_core.o [1]
OSTCBPrioTblMax         0x0008fe28     0x2  Data  Gb  os_dbg.o [1]
OSTCBSize               0x0008fe2a     0x2  Data  Gb  os_dbg.o [1]
OSTCBTbl                0x2007fb04   0x5d8  Data  Gb  os_core.o [1]
OSTaskCreateEn          0x0008fe12     0x2  Data  Gb  os_dbg.o [1]
OSTaskCreateExt         0x0008ab9d    0xe2  Code  Gb  os_task.o [1]
OSTaskCreateExtEn       0x0008fe14     0x2  Data  Gb  os_dbg.o [1]
OSTaskCreateHook        0x0008a57d     0xc  Code  Gb  os_cpu_c.o [1]
OSTaskCtr               0x200836ca     0x1  Data  Gb  os_core.o [1]
OSTaskDel               0x0008ac7f   0x18e  Code  Gb  os_task.o [1]
OSTaskDelEn             0x0008fe16     0x2  Data  Gb  os_dbg.o [1]
OSTaskDelHook           0x0008a589     0xc  Code  Gb  os_cpu_c.o [1]
OSTaskIdleHook          0x0008a595     0x8  Code  Gb  os_cpu_c.o [1]
OSTaskIdleStk           0x200825b4   0x200  Data  Gb  os_core.o [1]
OSTaskIdleStkSize       0x0008fe18     0x2  Data  Gb  os_dbg.o [1]
OSTaskMax               0x0008fe1c     0x2  Data  Gb  os_dbg.o [1]
OSTaskNameEn            0x0008fe1e     0x2  Data  Gb  os_dbg.o [1]
OSTaskNameSet           0x0008ae0d    0x92  Code  Gb  os_task.o [1]
OSTaskProfileEn         0x0008fe1a     0x2  Data  Gb  os_dbg.o [1]
OSTaskReturnHook        0x0008a59d     0xc  Code  Gb  os_cpu_c.o [1]
[...]
Queue_WriteBuf          0x000836f7    0x90  Code  Gb  queue.o [1]
Raw_Read                0x0008a0bb   0x13a  Code  Gb  uif.o [1]
Raw_Write               0x00089bbd   0x4fe  Code  Gb  uif.o [1]
ReadCMFunc              0x0008bcb5    0x5c  Code  Gb  commands.o [1]
ReadDMFunc              0x0008bbdd    0x5c  Code  Gb  commands.o [1]
ReadDSPREGFunc          0x0008be61    0x60  Code  Gb  commands.o [1]
ReadHostREGFunc         0x0008bf55    0x5e  Code  Gb  commands.o [1]
ReadPMFunc              0x0008bd89    0x5e  Code  Gb  commands.o [1]
Read_Flash_State        0x000820d5    0x12  Code  Gb  ruler.o [1]
RebootFunc              0x0008bba9    0x32  Code  Gb  commands.o [1]
Rec_Voice_Buffer_Start  0x00081e1d    0xc0  Code  Gb  ruler.o [1]
Reg_RW_Data             0x2007daa4  0x1060  Data  Gb  uif.o [1]
Region$$Table$$Base     0x0008f148           --   Gb  - Linker created -
Region$$Table$$Limit    0x0008f174           --   Gb  - Linker created -
Request_Enter_PSM       0x00086e65    0x3a  Code  Gb  im501_comm.o [1]
Reset_Audio             0x00081d5b    0x6e  Code  Gb  ruler.o [1]
Revert_patch_Endien     0x000847a1     0xe  Code  Lc  dsp.o [1]
Ruler_Active_Control    0x00081f7d   0x112  Code  Gb  ruler.o [1]
Ruler_CMD_Result        0x200836cd     0x1  Data  Gb  ruler.o [1]
SPI_Configure           0x00085211    0x1e  Code  Gb  spi.o [1]
SPI_ConfigureNPCS       0x0008522f     0x8  Code  Gb  spi.o [1]
SPI_Init                0x0008557d    0xa0  Code  Gb  spi.o [1]
SPI_Initialize          0x00085501    0x7c  Code  Gb  spi.o [1]
SPI_ReadBuffer          0x000852bb    0x8e  Code  Gb  spi.o [1]
SPI_Sem                 0x2008363c     0x4  Data  Gb  spi.o [1]
SPI_WriteBuffer         0x00085267    0x54  Code  Gb  spi.o [1]
SPI_WriteBuffer_API     0x00085349    0x86  Code  Gb  spi.o [1]
SPI_WriteReadBuffer_API
                        0x000853cf   0x132  Code  Gb  spi.o [1]
Save_DSP_VEC            0x00082121    0xde  Code  Gb  ruler.o [1]
Send_Report             0x00085d2f    0x18  Code  Gb  noah_cmd.o [1]
Service_To_iM501_IRQ    0x00086ecd    0x9c  Code  Gb  im501_comm.o [1]
Set_AT91C_SPI_CSAAT     0x00085237    0x18  Code  Gb  spi.o [1]
Set_DSP_VEC             0x00082201    0xa0  Code  Gb  ruler.o [1]
Set_Volume              0x00082421    0xee  Code  Gb  ruler.o [1]
Setup_Audio             0x000819bd   0x220  Code  Gb  ruler.o [1]
Setup_Interface         0x000899f5   0x1c8  Code  Gb  uif.o [1]
ShellComms              0x20082bb4   0x140  Data  Gb  commands.o [1]
Start_Audio             0x00081bdd    0xc8  Code  Gb  ruler.o [1]
Stop_Audio              0x00081ca5    0xb6  Code  Gb  ruler.o [1]
Str_CmpIgnoreCase       0x0008c375    0x1a  Code  Gb  lib_str.o [1]
Str_CmpIgnoreCase_N     0x0008c38f   0x1d8  Code  Gb  lib_str.o [1]
Str_Copy                0x0008c30d    0x18  Code  Gb  lib_str.o [1]
Str_Copy_N              0x0008c325    0x50  Code  Gb  lib_str.o [1]
Str_Len                 0x0008c2dd    0x14  Code  Gb  lib_str.o [1]
Str_Len_N               0x0008c2f1    0x1c  Code  Gb  lib_str.o [1]
Str_MultOvfThTbl_Int32U
                        0x0008d5f0    0x94  Data  Lc  lib_str.o [1]
Str_ParseNbr_Int32      0x0008c587   0x230  Code  Lc  lib_str.o [1]
Str_ParseNbr_Int32U     0x0008c567    0x20  Code  Gb  lib_str.o [1]
TWID_Initialize         0x000882cd     0x8  Code  Gb  twid.o [1]
TWID_Read               0x000882d5   0x182  Code  Gb  twid.o [1]
TWID_Write              0x00088457   0x176  Code  Gb  twid.o [1]
TWI_ByteReceived        0x0008b28b     0xc  Code  Gb  twi.o [1]
TWI_ByteSent            0x0008b297     0xc  Code  Gb  twi.o [1]
TWI_ConfigureMaster     0x0008b1c5    0x6e  Code  Gb  twi.o [1]
TWI_Init                0x000885cd    0x4a  Code  Gb  twid.o [1]
TWI_Init_Re             0x00088617    0x10  Code  Gb  twid.o [1]
TWI_Sem_lock            0x20083690     0x4  Data  Gb  twid.o [1]
TWI_SendSTOPCondition   0x0008b2ad     0xa  Code  Gb  twi.o [1]
TWI_StartRead           0x0008b233    0x24  Code  Gb  twi.o [1]
TWI_StartWrite          0x0008b257    0x34  Code  Gb  twi.o [1]
TWI_TransferComplete    0x0008b2a3     0xa  Code  Gb  twi.o [1]
TaskFunc                0x0008b9f5    0x64  Code  Gb  commands.o [1]
Timer_Init              0x0008872d    0x1c  Code  Gb  timer.o [1]
Tx_ReSend_Happens       0x2008367c     0x4  Data  Gb  task_uart_tx.o [1]
Tx_ReSend_Happens_Ruler
                        0x20083688     0x4  Data  Gb  task_uart_tx_ruler.o [1]
UART0_Rece_Buf          0x20083420    0x40  Data  Gb  uart.o [1]
UART0_Rece_Buf_PDC      0x20083004    0x80  Data  Gb  uart.o [1]
UART0_Send_Buf          0x200833e0    0x40  Data  Gb  uart.o [1]
UART0_Send_Buf_PDC      0x20082f84    0x80  Data  Gb  uart.o [1]
UART1_PINS              0x0008dab4    0x80  Data  Lc  uart.o [1]
UART1_Rece_Buf          0x200810dc   0x400  Data  Gb  uart.o [1]
UART1_Rece_Buf_PDC      0x20083104    0x80  Data  Gb  uart.o [1]
UART1_Send_Buf          0x20080cdc   0x400  Data  Gb  uart.o [1]
UART1_Send_Buf_PDC      0x20083084    0x80  Data  Gb  uart.o [1]
UART2_Rece_Buf          0x200836a4     0x4  Data  Gb  uart.o [1]
UART2_Rece_Buf_PDC      0x20083204    0x80  Data  Gb  uart.o [1]
UART2_Send_Buf          0x200836a0     0x4  Data  Gb  uart.o [1]
UART2_Send_Buf_PDC      0x20083184    0x80  Data  Gb  uart.o [1]
UART_Init               0x00083b29   0x1fa  Code  Gb  uart.o [1]
UART_MUX_Sem_lock       0x20083650     0x4  Data  Gb  task_noah_ruler.o [1]
UART_PID                0x0008fdfc     0x4  Data  Lc  uart.o [1]
UART_PINS               0x0008dba4    0x60  Data  Lc  uart.o [1]
UART_Rece_Buf_Size      0x0008fc48     0xc  Data  Lc  uart.o [1]
UART_Rx_ReStart         0x00083f8f    0x80  Code  Gb  uart.o [1]
UART_Send_Buf_Size      0x0008fc3c     0xc  Data  Lc  uart.o [1]
UART_WriteStart         0x00083d23    0xd6  Code  Gb  uart.o [1]
USART_Configure         0x00084131    0x1c  Code  Gb  uart.o [1]
USART_ReadBuffer        0x000841af    0x3c  Code  Lc  uart.o [1]
USART_Read_Timeout      0x000841eb    0xb4  Code  Gb  uart.o [1]
USART_Sem               0x200835b0     0xc  Data  Lc  uart.o [1]
USART_SendBuf           0x000842e5    0x52  Code  Gb  uart.o [1]
USART_SendByte          0x0008429f    0x46  Code  Gb  uart.o [1]
USART_SetReceiverEnabled
                        0x0008415f    0x12  Code  Gb  uart.o [1]
USART_SetTransmitterEnabled
                        0x0008414d    0x12  Code  Gb  uart.o [1]
USART_WriteBuffer       0x00084171    0x3e  Code  Lc  uart.o [1]
Unlock_PM               0x00088ab3    0x3e  Code  Lc  mem_basic.o [1]
Update_Ruler_FW         0x000822a5   0x176  Code  Gb  ruler.o [1]
Wait_Keywords_Detect    0x00086e3f    0x26  Code  Gb  im501_comm.o [1]
WriteCMFunc             0x0008bd11    0x76  Code  Gb  commands.o [1]
WriteDMFunc             0x0008bc3d    0x78  Code  Gb  commands.o [1]
WriteDSPREGFunc         0x0008bec1    0x92  Code  Gb  commands.o [1]
WriteGPIOFunc           0x0008bb01    0x62  Code  Gb  commands.o [1]
WriteHostREGFunc        0x0008bfb5    0x92  Code  Gb  commands.o [1]
WritePMFunc             0x0008bded    0x74  Code  Gb  commands.o [1]
Write_CMD_To_iM501      0x00086e9f    0x2e  Code  Gb  im501_comm.o [1]
Write_Flash_State       0x000820e7    0x2e  Code  Gb  ruler.o [1]
Write_Ruler_FW          0x0008c049    0x40  Code  Gb  commands.o [1]
Xmodem_Transmit         0x000871ab   0x224  Code  Gb  Xmodem.o [1]
_GenldFullNoMb          0x00080b99   0x262  Code  Lc  xprintffull_nomb.o [3]
_LdtobFullNoMb          0x000807ad   0x3e6  Code  Lc  xprintffull_nomb.o [3]
_LitobFullNoMb          0x000806a5   0x106  Code  Lc  xprintffull_nomb.o [3]
_PrintfFullNoMb         0x000800bd   0x5e2  Code  Gb  xprintffull_nomb.o [3]
_PutcharsFullNoMb       0x00080dfb    0x2e  Code  Lc  xprintffull_nomb.o [3]
_SProut                 0x00080e7b     0xa  Code  Gb  xsprout.o [3]
__ICFEDIT_vector_start__ {Abs}
                        0x00080000           --   Gb  command line/config [2]
__aeabi_cdcmple         0x000810bd          Code  Gb  DblCmpLe.o [4]
__aeabi_cdrcmple        0x000810ed          Code  Gb  DblCmpGe.o [4]
__aeabi_d2iz            0x00081229          Code  Gb  DblToI32.o [4]
__aeabi_d2uiz           0x00081255          Code  Gb  DblToI32.o [4]
__aeabi_ddiv            0x000815d5          Code  Gb  DblDiv.o [4]
__aeabi_dmul            0x00081431          Code  Gb  DblMul.o [4]
__aeabi_dsub            0x000812b1          Code  Gb  DblSub.o [4]
__aeabi_i2d             0x00081281          Code  Gb  I32ToDbl.o [4]
__aeabi_ldiv0           0x00081829          Code  Gb  I64DivZer.o [5]
__aeabi_memset          0x0008a31d          Code  Gb  ABImemset.o [5]
__aeabi_ui2d            0x00081295          Code  Gb  I32ToDbl.o [4]
__aeabi_uldivmod        0x00080f15          Code  Gb  I64DivMod.o [5]
__cmain                 0x0008f6ed          Code  Gb  cmain.o [5]
__exit                  0x0008d1e5          Code  Gb  XXexit.o [5]
__iar_Dnorm             0x0008107b    0x42  Code  Gb  xdnorm.o [4]
__iar_Dscale            0x0008111d   0x10c  Code  Gb  xdscale.o [4]
__iar_Memchr            0x00080ebd          Code  Gb  memchr.o [5]
__iar_Memset            0x0008a31d          Code  Gb  ABImemset.o [5]
__iar_Memset_word       0x0008a325          Code  Gb  ABImemset.o [5]
__iar_Strchr            0x00080e65          Code  Gb  strchr.o [5]
__iar_d2uiz             0x00081261          Code  Gb  DblToI32.o [4]
__iar_dadd              0x0008182d          Code  Gb  DblAdd.o [4]
__iar_data_init3        0x0008ee75    0x28  Code  Gb  data_init.o [5]
__iar_dsub              0x000812c5          Code  Gb  DblSub.o [4]
__iar_dsubStart         0x000812d7          Code  Gb  DblSub.o [4]
__iar_lz77_init3        0x0008d07b   0x164  Code  Gb  lz77_init.o [5]
__iar_program_start     0x0008fc61          Code  Gb  cstartup_M.o [5]
__iar_ui2d              0x00081299          Code  Gb  I32ToDbl.o [4]
__iar_unaligned___aeabi_memcpy
                        0x00081005          Code  Gb  ABImemcpy_unaligned.o [5]
__iar_unaligned___aeabi_memcpy4
                        0x00081025          Code  Gb  ABImemcpy_unaligned.o [5]
__iar_unaligned___aeabi_memcpy8
                        0x00081025          Code  Gb  ABImemcpy_unaligned.o [5]
__iar_unaligned_strcpy  0x0008676d          Code  Gb  strcpy_unaligned.o [5]
__iar_zero_init3        0x00080e43    0x22  Code  Gb  zero_init3.o [5]
__low_level_init        0x0008f125    0x10  Code  Gb  app_vect.o [1]
__vector_table          0x00080000    0xbc  Data  Gb  app_vect.o [1]
_call_main              0x0008f6f9          Code  Gb  cmain.o [5]
_exit                   0x0008f70d          Code  Gb  cexit.o [5]
_main                   0x0008f703          Code  Gb  cmain.o [5]
abort                   0x0008d1df     0x6  Code  Gb  abort.o [3]
bit_length_saved        0x200836be     0x1  Data  Lc  dsp.o [1]
calc_crc                0x00087169    0x40  Code  Lc  Xmodem.o [1]
codec_saved_format      0x200836b9     0x1  Data  Lc  codec.o [1]
codec_saved_sample_length
                        0x200836b8     0x1  Data  Lc  codec.o [1]
codec_saved_sr          0x200835d4     0x4  Data  Lc  codec.o [1]
config_aic3204          0x200787dc    0x54  Data  Gb  codec.o [1]
debug_uart_fifo_data_max
                        0x200836b2     0x2  Data  Gb  task_debug_info.o [1]
debug_uart_fifo_oveflow_counter
                        0x200836b4     0x2  Data  Gb  task_debug_info.o [1]
delay                   0x0008b2c1     0x2  Code  Lc  i2c_gpio.o [1]
delay_us                0x20078781    0x5c  Code  Gb  timer.o [1]
div                     0x0008181b     0xe  Code  Gb  div.o [3]
emb_append_attr_binary  0x00089963    0x52  Code  Gb  emb.o [1]
emb_append_attr_string  0x00089923    0x40  Code  Gb  emb.o [1]
emb_append_attr_uint    0x000898e3    0x40  Code  Gb  emb.o [1]
emb_append_end          0x000899b5    0x22  Code  Gb  emb.o [1]
emb_attach              0x00089441     0xa  Code  Gb  emb.o [1]
emb_encode_binary       0x00089885    0x3e  Code  Lc  emb.o [1]
emb_encode_fixed        0x00089845    0x24  Code  Lc  emb.o [1]
emb_encode_header       0x000897f9    0x4c  Code  Lc  emb.o [1]
emb_encode_string       0x00089869    0x1c  Code  Lc  emb.o [1]
emb_encode_uint         0x000897c9    0x30  Code  Lc  emb.o [1]
emb_get_attr_binary     0x000897a1    0x28  Code  Gb  emb.o [1]
emb_get_attr_int        0x0008977d    0x24  Code  Gb  emb.o [1]
emb_get_binary          0x0008973f    0x3e  Code  Gb  emb.o [1]
emb_get_id              0x000896d3    0x1e  Code  Gb  emb.o [1]
emb_get_int             0x000896f1    0x4e  Code  Gb  emb.o [1]
emb_get_node            0x00089663    0x70  Code  Lc  emb.o [1]
emb_init_builder        0x000898c3    0x20  Code  Gb  emb.o [1]
emb_parse_binary        0x000894b9    0x2c  Code  Lc  emb.o [1]
emb_parse_id_type       0x000894e5    0x52  Code  Lc  emb.o [1]
emb_parse_sint          0x0008947b    0x3e  Code  Lc  emb.o [1]
emb_parse_uint          0x0008944b    0x30  Code  Lc  emb.o [1]
emb_skip_binary         0x00089595    0x26  Code  Lc  emb.o [1]
emb_skip_element        0x000895bb    0x44  Code  Lc  emb.o [1]
emb_skip_fixed          0x0008956d    0x10  Code  Lc  emb.o [1]
emb_skip_header         0x0008954f    0x1e  Code  Lc  emb.o [1]
emb_skip_int            0x00089537    0x18  Code  Lc  emb.o [1]
emb_skip_node           0x000895ff    0x64  Code  Lc  emb.o [1]
emb_skip_string         0x0008957d    0x18  Code  Lc  emb.o [1]
exit                    0x0008f707     0x4  Code  Gb  exit.o [3]
flag_power_lose         0x20078894     0x1  Data  Lc  dsp.o [1]
flag_state_pwd          0x200836ba     0x1  Data  Lc  dsp.o [1]
flushinput              0x000871a9     0x2  Code  Lc  Xmodem.o [1]
fm36_para_table_3       0x200785d8    0xfc  Data  Lc  dsp.o [1]
fm36_para_table_tdm_aec
                        0x20078850    0x14  Data  Lc  dsp.o [1]
fm36_patch_code_3       0x200784ac   0x12c  Data  Lc  dsp.o [1]
fw_version              0x0008f9c0    0x10  Data  Gb  bsp.o [1]
get_os_state            0x00083063    0x38  Code  Gb  bsp.o [1]
global_i2s_tdm_sel      0x200836b0     0x2  Data  Lc  ruler.o [1]
hw_model                0x0008fb64     0xc  Data  Gb  bsp.o [1]
hw_version              0x0008fb58     0xc  Data  Gb  bsp.o [1]
i2c_read_ack            0x0008b373    0x46  Code  Lc  i2c_gpio.o [1]
i2c_read_byte           0x0008b443    0x5c  Code  Lc  i2c_gpio.o [1]
i2c_restart             0x0008b2f3    0x40  Code  Lc  i2c_gpio.o [1]
i2c_send_ack            0x0008b3b9    0x30  Code  Lc  i2c_gpio.o [1]
i2c_start               0x0008b2c3    0x30  Code  Lc  i2c_gpio.o [1]
i2c_stop                0x0008b333    0x40  Code  Lc  i2c_gpio.o [1]
i2c_write_byte          0x0008b3e9    0x5a  Code  Lc  i2c_gpio.o [1]
i2s_tdm_sel_saved       0x200836bf     0x1  Data  Lc  dsp.o [1]
im501_change_if_speed   0x000867b1    0x68  Code  Gb  im501_comm.o [1]
im501_check_pll_ready   0x00086819    0x50  Code  Gb  im501_comm.o [1]
im501_irq_counter       0x200835dc     0x4  Data  Lc  im501_comm.o [1]
im501_irq_gpio          0x200835e0     0x4  Data  Lc  im501_comm.o [1]
im501_key_words_detect  0x200835e4     0x4  Data  Lc  im501_comm.o [1]
im501_read_dram_i2c     0x00086c35    0xa6  Code  Gb  im501_comm.o [1]
im501_read_dram_spi     0x00086cdb    0x78  Code  Gb  im501_comm.o [1]
im501_read_reg_i2c      0x00086b9d    0x60  Code  Gb  im501_comm.o [1]
im501_write_dram_spi    0x00086d53    0x66  Code  Gb  im501_comm.o [1]
im501_write_reg_spi     0x00086bfd    0x38  Code  Gb  im501_comm.o [1]
kfifo_get               0x00088a49    0x52  Code  Gb  kfifo.o [1]
kfifo_get_data_size     0x20078871     0x8  Code  Gb  kfifo.o [1]
kfifo_get_free_space    0x20078865     0xc  Code  Gb  kfifo.o [1]
kfifo_init_static       0x000889e7     0xc  Code  Gb  kfifo.o [1]
kfifo_put               0x000889f3    0x56  Code  Gb  kfifo.o [1]
lin_sp_index_saved      0x200836bc     0x1  Data  Lc  dsp.o [1]
main                    0x0008c8a5    0x5c  Code  Gb  app.o [1]
memchr                  0x00080ebd          Code  Gb  memchr.o [5]
memcpy                  0x0008a311     0xc  Code  Gb  memcpy.o [3]
memset                  0x00086fc5    0x14  Code  Gb  memset.o [3]
mic_num_saved           0x200836bb     0x1  Data  Lc  dsp.o [1]
min                     0x0008a2f3     0xe  Code  Gb  math.o [1]
min_kfifo               0x000889df     0x8  Code  Gb  kfifo.o [1]
numGpios                0x0008fddc     0x4  Data  Lc  gpio.o [1]
numLeds                 0x0008fde0     0x4  Data  Lc  led.o [1]
os_stat_desp            0x0008e444    0x38  Data  Gb  bsp.o [1]
pMEM_Part_MsgUART       0x20083670     0x4  Data  Gb  task_uart_tx.o [1]
pPageBuffer             0x20082cf4   0x100  Data  Lc  flashd_eefc.o [1]
pTCREG                  0x20078878     0xc  Data  Lc  timer.o [1]
pUARTREG                0x0008fc00     0xc  Data  Lc  uart.o [1]
pUART_Rece_Buf          0x0008fc18     0xc  Data  Gb  uart.o [1]
pUART_Rece_Buf_PDC      0x0008fc30     0xc  Data  Gb  uart.o [1]
pUART_Rece_kfifo        0x0008fbf4     0xc  Data  Gb  uart.o [1]
pUART_Send_Buf          0x0008fc0c     0xc  Data  Gb  uart.o [1]
pUART_Send_Buf_PDC      0x0008fc24     0xc  Data  Gb  uart.o [1]
pUART_Send_kfifo        0x0008fbe8     0xc  Data  Gb  uart.o [1]
parse_to_host_command   0x00086db9    0x1a  Code  Gb  im501_comm.o [1]
pcSendDateToBuf         0x00085b1d   0x146  Code  Gb  noah_cmd.o [1]
pcSendDateToBuffer      0x00085c63    0xcc  Code  Gb  noah_cmd.o [1]
pinsBuzzer              0x0008f294    0x20  Data  Lc  led.o [1]
pinsGpios               0x20078000   0x260  Data  Lc  gpio.o [1]
pinsLeds                0x0008e1bc    0x40  Data  Lc  led.o [1]
pinsSwitches            0x0008e17c    0x40  Data  Lc  gpio.o [1]
port_enable             0x20078899     0x1  Data  Lc  task_user_if.o [1]
power                   0x0008a301    0x10  Code  Gb  math.o [1]
ppcer_offset            0x20078890     0x4  Data  Lc  timer.o [1]
rx_data                 0x200829b4   0x200  Data  Gb  task_uart_rx.o [1]
send_to_dsp_command     0x00086dd3    0x6c  Code  Gb  im501_comm.o [1]
spi_if                  0x2007888c     0x4  Data  Gb  spi.o [1]
spi_pins                0x0008d9b4    0x80  Data  Lc  spi.o [1]
spi_pins_dis            0x0008da34    0x80  Data  Lc  spi.o [1]
sr_saved                0x200836a8     0x2  Data  Lc  dsp.o [1]
start_slot_index_saved  0x200836bd     0x1  Data  Lc  dsp.o [1]
strcat                  0x000899d7    0x1c  Code  Gb  strcat.o [3]
strchr                  0x00080e65          Code  Gb  strchr.o [5]
strlen                  0x00080e85          Code  Gb  strlen.o [5]
test_counter1           0x2008365c     0x4  Data  Gb  task_noah_ruler.o [1]
test_counter2           0x20083660     0x4  Data  Gb  task_noah_ruler.o [1]
test_counter3           0x20083664     0x4  Data  Gb  task_noah_ruler.o [1]
test_counter4           0x20083668     0x4  Data  Gb  task_noah_ruler.o [1]
test_counter5           0x2008366c     0x4  Data  Gb  task_noah_ruler.o [1]
twi_clock_save          0x20083694     0x4  Data  Lc  twid.o [1]
twi_pins                0x0008e1fc    0x40  Data  Lc  twid.o [1]
twi_rw_done             0x200836d0     0x1  Data  Gb  twid.o [1]
twid                    0x200835c4     0x8  Data  Gb  twid.o [1]
uart_rx_fifo            0x20083490    0x30  Data  Gb  uart.o [1]
uart_tx_fifo            0x20083460    0x30  Data  Gb  uart.o [1]
uartin_start_cmd        0x200836d1     0x1  Data  Gb  uart.o [1]
uartout_start_cmd       0x200836d2     0x1  Data  Gb  uart.o [1]
vsprintf                0x00088749    0x2c  Code  Gb  vsprintf.o [3]


[1] = E:\SVN Dir\PQ\UIF Board\UIF_Host_OS_V2\Release\Obj
[2] = command line
[3] = dl7M_tln.a
[4] = m7M_tl.a
[5] = rt7M_tl.a

  54 510 bytes of readonly  code memory
     284 bytes of readwrite code memory
  11 639 bytes of readonly  data memory
  47 517 bytes of readwrite data memory

Errors: none
Warnings: none
