###############################################################################
#
# IAR ELF Linker V7.10.3.6832/W32 for ARM                 05/May/2015  18:57:08
# Copyright 2007-2014 IAR Systems AB.
#
#    Output file  =  
#        E:\SVN Dir\PQ\UIF Board\UIF_Host_OS_V2\Release\Exe\AT91SAM3U-OS-PQ.out
#    Map file     =  
#        E:\SVN Dir\PQ\UIF
#        Board\UIF_Host_OS_V2\Release\List\AT91SAM3U-OS-PQ.map
#    Command line =  
#        "E:\SVN Dir\PQ\UIF Board\UIF_Host_OS_V2\Release\Obj\app.o" "E:\SVN
#        Dir\PQ\UIF Board\UIF_Host_OS_V2\Release\Obj\app_hooks.o" "E:\SVN
#        Dir\PQ\UIF Board\UIF_Host_OS_V2\Release\Obj\app_probe.o" "E:\SVN
#        Dir\PQ\UIF Board\UIF_Host_OS_V2\Release\Obj\app_vect.o" "E:\SVN
#        Dir\PQ\UIF Board\UIF_Host_OS_V2\Release\Obj\bsp.o" "E:\SVN Dir\PQ\UIF
#        Board\UIF_Host_OS_V2\Release\Obj\bsp_cpu.o" "E:\SVN Dir\PQ\UIF
#        Board\UIF_Host_OS_V2\Release\Obj\bsp_gpio.o" "E:\SVN Dir\PQ\UIF
#        Board\UIF_Host_OS_V2\Release\Obj\bsp_int.o" "E:\SVN Dir\PQ\UIF
#        Board\UIF_Host_OS_V2\Release\Obj\bsp_os.o" "E:\SVN Dir\PQ\UIF
#        Board\UIF_Host_OS_V2\Release\Obj\bsp_pmc.o" "E:\SVN Dir\PQ\UIF
#        Board\UIF_Host_OS_V2\Release\Obj\codec.o" "E:\SVN Dir\PQ\UIF
#        Board\UIF_Host_OS_V2\Release\Obj\commands.o" "E:\SVN Dir\PQ\UIF
#        Board\UIF_Host_OS_V2\Release\Obj\core_cm3.o" "E:\SVN Dir\PQ\UIF
#        Board\UIF_Host_OS_V2\Release\Obj\cpu_a.o" "E:\SVN Dir\PQ\UIF
#        Board\UIF_Host_OS_V2\Release\Obj\cpu_c.o" "E:\SVN Dir\PQ\UIF
#        Board\UIF_Host_OS_V2\Release\Obj\cpu_core.o" "E:\SVN Dir\PQ\UIF
#        Board\UIF_Host_OS_V2\Release\Obj\dma.o" "E:\SVN Dir\PQ\UIF
#        Board\UIF_Host_OS_V2\Release\Obj\dmad.o" "E:\SVN Dir\PQ\UIF
#        Board\UIF_Host_OS_V2\Release\Obj\dsp.o" "E:\SVN Dir\PQ\UIF
#        Board\UIF_Host_OS_V2\Release\Obj\eefc.o" "E:\SVN Dir\PQ\UIF
#        Board\UIF_Host_OS_V2\Release\Obj\emb.o" "E:\SVN Dir\PQ\UIF
#        Board\UIF_Host_OS_V2\Release\Obj\flashd_eefc.o" "E:\SVN Dir\PQ\UIF
#        Board\UIF_Host_OS_V2\Release\Obj\gpio.o" "E:\SVN Dir\PQ\UIF
#        Board\UIF_Host_OS_V2\Release\Obj\i2c_gpio.o" "E:\SVN Dir\PQ\UIF
#        Board\UIF_Host_OS_V2\Release\Obj\kfifo.o" "E:\SVN Dir\PQ\UIF
#        Board\UIF_Host_OS_V2\Release\Obj\led.o" "E:\SVN Dir\PQ\UIF
#        Board\UIF_Host_OS_V2\Release\Obj\lib_ascii.o" "E:\SVN Dir\PQ\UIF
#        Board\UIF_Host_OS_V2\Release\Obj\lib_math.o" "E:\SVN Dir\PQ\UIF
#        Board\UIF_Host_OS_V2\Release\Obj\lib_mem.o" "E:\SVN Dir\PQ\UIF
#        Board\UIF_Host_OS_V2\Release\Obj\lib_mem_a.o" "E:\SVN Dir\PQ\UIF
#        Board\UIF_Host_OS_V2\Release\Obj\lib_str.o" "E:\SVN Dir\PQ\UIF
#        Board\UIF_Host_OS_V2\Release\Obj\math.o" "E:\SVN Dir\PQ\UIF
#        Board\UIF_Host_OS_V2\Release\Obj\mem_basic.o" "E:\SVN Dir\PQ\UIF
#        Board\UIF_Host_OS_V2\Release\Obj\noah_cmd.o" "E:\SVN Dir\PQ\UIF
#        Board\UIF_Host_OS_V2\Release\Obj\nvic.o" "E:\SVN Dir\PQ\UIF
#        Board\UIF_Host_OS_V2\Release\Obj\os_core.o" "E:\SVN Dir\PQ\UIF
#        Board\UIF_Host_OS_V2\Release\Obj\os_cpu_a.o" "E:\SVN Dir\PQ\UIF
#        Board\UIF_Host_OS_V2\Release\Obj\os_cpu_c.o" "E:\SVN Dir\PQ\UIF
#        Board\UIF_Host_OS_V2\Release\Obj\os_dbg.o" "E:\SVN Dir\PQ\UIF
#        Board\UIF_Host_OS_V2\Release\Obj\os_flag.o" "E:\SVN Dir\PQ\UIF
#        Board\UIF_Host_OS_V2\Release\Obj\os_mbox.o" "E:\SVN Dir\PQ\UIF
#        Board\UIF_Host_OS_V2\Release\Obj\os_mem.o" "E:\SVN Dir\PQ\UIF
#        Board\UIF_Host_OS_V2\Release\Obj\os_mutex.o" "E:\SVN Dir\PQ\UIF
#        Board\UIF_Host_OS_V2\Release\Obj\os_probe.o" "E:\SVN Dir\PQ\UIF
#        Board\UIF_Host_OS_V2\Release\Obj\os_q.o" "E:\SVN Dir\PQ\UIF
#        Board\UIF_Host_OS_V2\Release\Obj\os_sem.o" "E:\SVN Dir\PQ\UIF
#        Board\UIF_Host_OS_V2\Release\Obj\os_task.o" "E:\SVN Dir\PQ\UIF
#        Board\UIF_Host_OS_V2\Release\Obj\os_time.o" "E:\SVN Dir\PQ\UIF
#        Board\UIF_Host_OS_V2\Release\Obj\os_tmr.o" "E:\SVN Dir\PQ\UIF
#        Board\UIF_Host_OS_V2\Release\Obj\pio.o" "E:\SVN Dir\PQ\UIF
#        Board\UIF_Host_OS_V2\Release\Obj\pio_it.o" "E:\SVN Dir\PQ\UIF
#        Board\UIF_Host_OS_V2\Release\Obj\probe_com_os.o" "E:\SVN Dir\PQ\UIF
#        Board\UIF_Host_OS_V2\Release\Obj\probe_demo_intro.o" "E:\SVN
#        Dir\PQ\UIF Board\UIF_Host_OS_V2\Release\Obj\probe_rs232.o" "E:\SVN
#        Dir\PQ\UIF Board\UIF_Host_OS_V2\Release\Obj\probe_rs232_os.o" "E:\SVN
#        Dir\PQ\UIF Board\UIF_Host_OS_V2\Release\Obj\probe_rs232c.o" "E:\SVN
#        Dir\PQ\UIF Board\UIF_Host_OS_V2\Release\Obj\queue.o" "E:\SVN
#        Dir\PQ\UIF Board\UIF_Host_OS_V2\Release\Obj\ruler.o" "E:\SVN
#        Dir\PQ\UIF Board\UIF_Host_OS_V2\Release\Obj\spi.o" "E:\SVN Dir\PQ\UIF
#        Board\UIF_Host_OS_V2\Release\Obj\task_cmd_parse.o" "E:\SVN Dir\PQ\UIF
#        Board\UIF_Host_OS_V2\Release\Obj\task_debug_info.o" "E:\SVN Dir\PQ\UIF
#        Board\UIF_Host_OS_V2\Release\Obj\task_joy.o" "E:\SVN Dir\PQ\UIF
#        Board\UIF_Host_OS_V2\Release\Obj\task_noah.o" "E:\SVN Dir\PQ\UIF
#        Board\UIF_Host_OS_V2\Release\Obj\task_noah_ruler.o" "E:\SVN Dir\PQ\UIF
#        Board\UIF_Host_OS_V2\Release\Obj\task_shell.o" "E:\SVN Dir\PQ\UIF
#        Board\UIF_Host_OS_V2\Release\Obj\task_uart_rx.o" "E:\SVN Dir\PQ\UIF
#        Board\UIF_Host_OS_V2\Release\Obj\task_uart_tx.o" "E:\SVN Dir\PQ\UIF
#        Board\UIF_Host_OS_V2\Release\Obj\task_uart_tx_ruler.o" "E:\SVN
#        Dir\PQ\UIF Board\UIF_Host_OS_V2\Release\Obj\task_user_if.o" "E:\SVN
#        Dir\PQ\UIF Board\UIF_Host_OS_V2\Release\Obj\timer.o" "E:\SVN
#        Dir\PQ\UIF Board\UIF_Host_OS_V2\Release\Obj\twi.o" "E:\SVN Dir\PQ\UIF
#        Board\UIF_Host_OS_V2\Release\Obj\twid.o" "E:\SVN Dir\PQ\UIF
#        Board\UIF_Host_OS_V2\Release\Obj\uart.o" "E:\SVN Dir\PQ\UIF
#        Board\UIF_Host_OS_V2\Release\Obj\uif.o" "E:\SVN Dir\PQ\UIF
#        Board\UIF_Host_OS_V2\Release\Obj\Xmodem.o" -o "E:\SVN Dir\PQ\UIF
#        Board\UIF_Host_OS_V2\Release\Exe\AT91SAM3U-OS-PQ.out" --map "E:\SVN
#        Dir\PQ\UIF Board\UIF_Host_OS_V2\Release\List\AT91SAM3U-OS-PQ.map"
#        --config "E:\SVN Dir\PQ\UIF
#        Board\UIF_Host_OS_V2\BSP\AT91SAM3U_FLASH.icf" --entry
#        __iar_program_start --inline --vfe
#
###############################################################################

*******************************************************************************
*** RUNTIME MODEL ATTRIBUTES
***

CppFlavor       = *
__Heap_Handler  = DLMalloc
__SystemLibrary = DLib


*******************************************************************************
*** PLACEMENT SUMMARY
***

"A1":  place at 0x00080000 { ro section .vectors };
"P1":  place in [from 0x00080000 to 0x0009ffff] { ro };
"P2":  place in [from 0x20078000 to 0x20083fff] { rw, block HEAP, block CSTACK };

  Section            Kind        Address    Size  Object
  -------            ----        -------    ----  ------
"A1":                                       0xbc
  .vectors                    0x00080000    0xbc  <Block>
    .vectors         const    0x00080000    0xbc  app_vect.o [1]
                            - 0x000800bc    0xbc

"P1":                                     0xefbb
  .text              ro code  0x000800bc   0xd86  xprintffull_nomb.o [3]
  .text              ro code  0x00080e42    0x22  zero_init3.o [5]
  .text              ro code  0x00080e64    0x16  strchr.o [5]
  .text              ro code  0x00080e7a     0xa  xsprout.o [3]
  .text              ro code  0x00080e84    0x36  strlen.o [5]
  .rodata            const    0x00080eba     0x2  os_dbg.o [1]
  .text              ro code  0x00080ebc    0x58  memchr.o [5]
  .text              ro code  0x00080f14    0xee  I64DivMod.o [5]
  .rodata            const    0x00081002     0x2  os_dbg.o [1]
  .text              ro code  0x00081004    0x76  ABImemcpy_unaligned.o [5]
  .text              ro code  0x0008107a    0x42  xdnorm.o [4]
  .text              ro code  0x000810bc    0x2e  DblCmpLe.o [4]
  .rodata            const    0x000810ea     0x2  os_dbg.o [1]
  .text              ro code  0x000810ec    0x2e  DblCmpGe.o [4]
  .rodata            const    0x0008111a     0x2  os_dbg.o [1]
  .text              ro code  0x0008111c   0x10c  xdscale.o [4]
  .text              ro code  0x00081228    0x58  DblToI32.o [4]
  .text              ro code  0x00081280    0x30  I32ToDbl.o [4]
  .text              ro code  0x000812b0   0x180  DblSub.o [4]
  .text              ro code  0x00081430   0x1a2  DblMul.o [4]
  .rodata            const    0x000815d2     0x2  os_dbg.o [1]
  .text              ro code  0x000815d4   0x246  DblDiv.o [4]
  .text              ro code  0x0008181a     0xe  div.o [3]
  .text              ro code  0x00081828     0x2  I64DivZer.o [5]
  .rodata            const    0x0008182a     0x2  os_dbg.o [1]
  .text              ro code  0x0008182c    0xd4  DblAdd.o [4]
  .text              ro code  0x00081900   0xc18  ruler.o [1]
  .text              ro code  0x00082518   0x404  os_q.o [1]
  .text              ro code  0x0008291c    0x78  os_time.o [1]
  .text              ro code  0x00082994   0xb04  bsp.o [1]
  .text              ro code  0x00083498   0x16a  queue.o [1]
  .rodata            const    0x00083602     0x2  os_dbg.o [1]
  .text              ro code  0x00083604   0x32c  codec.o [1]
  Veneer             ro code  0x00083930     0x8  - Linker created -
  Veneer             ro code  0x00083938     0x8  - Linker created -
  .text              ro code  0x00083940   0x8c8  uart.o [1]
  .text              ro code  0x00084208   0x278  gpio.o [1]
  .text              ro code  0x00084480   0x99c  dsp.o [1]
  CODE               ro code  0x00084e1c    0xa0  os_cpu_a.o [1]
  .text              ro code  0x00084ebc   0x31a  os_sem.o [1]
  .rodata            const    0x000851d6     0x2  os_dbg.o [1]
  .text              ro code  0x000851d8   0xa84  noah_cmd.o [1]
  .text              ro code  0x00085c5c   0x104  flashd_eefc.o [1]
  .text              ro code  0x00085d60    0xfc  led.o [1]
  .text              ro code  0x00085e5c    0x44  strcpy_unaligned.o [5]
  .text              ro code  0x00085ea0    0x14  memset.o [3]
  .text              ro code  0x00085eb4   0x1fc  task_user_if.o [1]
  .text              ro code  0x000860b0   0x278  Xmodem.o [1]
  .text              ro code  0x00086328   0xa2c  os_core.o [1]
  .text              ro code  0x00086d54   0x110  bsp_pmc.o [1]
  .text              ro code  0x00086e64   0x1a6  bsp_int.o [1]
  .rodata            const    0x0008700a     0x2  os_dbg.o [1]
  .text              ro code  0x0008700c    0xec  bsp_gpio.o [1]
  .text              ro code  0x000870f8   0x100  nvic.o [1]
  .text              ro code  0x000871f8    0x1a  bsp_os.o [1]
  .rodata            const    0x00087212     0x2  os_dbg.o [1]
  .text              ro code  0x00087214   0x474  twid.o [1]
  .text              ro code  0x00087688    0xf8  timer.o [1]
  .text              ro code  0x00087780    0x2c  vsprintf.o [3]
  .text              ro code  0x000877ac   0x1b2  pio.o [1]
  .text              ro code  0x0008795e    0xbc  kfifo.o [1]
  .rodata            const    0x00087a1a     0x2  os_dbg.o [1]
  .text              ro code  0x00087a1c   0x740  mem_basic.o [1]
  .text              ro code  0x0008815c   0x1d0  os_mem.o [1]
  .text              ro code  0x0008832c   0x596  emb.o [1]
  .text              ro code  0x000888c2    0x1c  strcat.o [3]
  .rodata            const    0x000888de     0x2  os_dbg.o [1]
  .text              ro code  0x000888e0   0x7a0  uif.o [1]
  .text              ro code  0x00089080    0xc6  eefc.o [1]
  .text              ro code  0x00089146    0x1e  math.o [1]
  .text              ro code  0x00089164     0xc  memcpy.o [3]
  .text              ro code  0x00089170    0x66  ABImemset.o [5]
  .rodata            const    0x000891d6     0x2  os_dbg.o [1]
  .text              ro code  0x000891d8   0x1ee  os_mbox.o [1]
  .rodata            const    0x000893c6     0x2  os_dbg.o [1]
  .text              ro code  0x000893c8   0x4d8  os_task.o [1]
  .text              ro code  0x000898a0   0x4bc  app.o [1]
  .text              ro code  0x00089d5c   0x154  os_cpu_c.o [1]
  .text              ro code  0x00089eb0    0x86  os_flag.o [1]
  .rodata            const    0x00089f36     0x2  os_dbg.o [1]
  .text              ro code  0x00089f38   0x280  os_tmr.o [1]
  .text              ro code  0x0008a1b8   0x1cc  os_dbg.o [1]
  .text              ro code  0x0008a384   0x124  cpu_c.o [1]
  CODE               ro code  0x0008a4a8    0x2a  cpu_a.o [1]
  .rodata            const    0x0008a4d2     0x2  os_dbg.o [1]
  .text              ro code  0x0008a4d4    0xfe  twi.o [1]
  .rodata            const    0x0008a5d2     0x2  os_dbg.o [1]
  Veneer             ro code  0x0008a5d4     0x8  - Linker created -
  Veneer             ro code  0x0008a5dc     0x8  - Linker created -
  .text              ro code  0x0008a5e4   0x358  i2c_gpio.o [1]
  .text              ro code  0x0008a93c   0x250  spi.o [1]
  .text              ro code  0x0008ab8c    0x6c  cpu_core.o [1]
  .text              ro code  0x0008abf8    0x28  lib_math.o [1]
  .text              ro code  0x0008ac20    0x5c  dma.o [1]
  .text              ro code  0x0008ac7c    0x38  dmad.o [1]
  .text              ro code  0x0008acb4    0x94  lib_mem.o [1]
  .text              ro code  0x0008ad48   0x4e0  lib_str.o [1]
  .text              ro code  0x0008b228    0xe8  lib_ascii.o [1]
  .text              ro code  0x0008b310   0xb10  commands.o [1]
  .text              ro code  0x0008be20   0x1e0  task_shell.o [1]
  .text              ro code  0x0008c000   0x1c6  lz77_init.o [5]
  .text              ro code  0x0008c1c6     0x6  abort.o [3]
  .text              ro code  0x0008c1cc     0xc  XXexit.o [5]
  .text              ro code  0x0008c1d8   0x160  task_joy.o [1]
  .rodata            const    0x0008c338   0x100  os_core.o [1]
  .text              ro code  0x0008c438    0xb0  task_uart_rx.o [1]
  .rodata            const    0x0008c4e8    0x94  lib_str.o [1]
  .rodata            const    0x0008c57c    0x88  bsp.o [1]
  .rodata            const    0x0008c604    0x88  bsp.o [1]
  .rodata            const    0x0008c68c    0x88  bsp.o [1]
  .rodata            const    0x0008c714    0x88  bsp.o [1]
  .rodata            const    0x0008c79c    0x88  bsp.o [1]
  .rodata            const    0x0008c824    0x88  bsp.o [1]
  .text              ro code  0x0008c8ac    0x84  task_uart_tx.o [1]
  .rodata            const    0x0008c930    0x80  spi.o [1]
  .rodata            const    0x0008c9b0    0x80  uart.o [1]
  .text              ro code  0x0008ca30    0x74  task_debug_info.o [1]
  .rodata            const    0x0008caa4    0x70  commands.o [1]
  .rodata            const    0x0008cb14    0x60  uart.o [1]
  .rodata            const    0x0008cb74    0x5c  commands.o [1]
  .rodata            const    0x0008cbd0    0x5c  commands.o [1]
  .rodata            const    0x0008cc2c    0x54  ruler.o [1]
  .rodata            const    0x0008cc80    0x50  bsp.o [1]
  .rodata            const    0x0008ccd0    0x50  uif.o [1]
  .text              ro code  0x0008cd20    0x50  task_cmd_parse.o [1]
  .rodata            const    0x0008cd70    0x4c  bsp.o [1]
  .rodata            const    0x0008cdbc    0x4c  bsp.o [1]
  .rodata            const    0x0008ce08    0x48  bsp.o [1]
  .rodata            const    0x0008ce50    0x48  task_user_if.o [1]
  .rodata            const    0x0008ce98    0x44  bsp.o [1]
  .rodata            const    0x0008cedc    0x44  bsp.o [1]
  .rodata            const    0x0008cf20    0x44  commands.o [1]
  .rodata            const    0x0008cf64    0x40  bsp.o [1]
  .rodata            const    0x0008cfa4    0x40  bsp.o [1]
  .rodata            const    0x0008cfe4    0x40  bsp.o [1]
  .rodata            const    0x0008d024    0x40  bsp.o [1]
  .rodata            const    0x0008d064    0x40  commands.o [1]
  .rodata            const    0x0008d0a4    0x40  commands.o [1]
  .rodata            const    0x0008d0e4    0x40  gpio.o [1]
  .rodata            const    0x0008d124    0x40  led.o [1]
  .rodata            const    0x0008d164    0x40  twid.o [1]
  .rodata            const    0x0008d1a4    0x3c  commands.o [1]
  .rodata            const    0x0008d1e0    0x3c  commands.o [1]
  .rodata            const    0x0008d21c    0x3c  commands.o [1]
  .rodata            const    0x0008d258    0x3c  uif.o [1]
  .rodata            const    0x0008d294    0x38  bsp.o [1]
  .rodata            const    0x0008d2cc    0x38  bsp.o [1]
  .rodata            const    0x0008d304    0x38  bsp.o [1]
  .rodata            const    0x0008d33c    0x38  bsp.o [1]
  .rodata            const    0x0008d374    0x38  bsp.o [1]
  .rodata            const    0x0008d3ac    0x38  bsp.o [1]
  .rodata            const    0x0008d3e4    0x38  commands.o [1]
  .rodata            const    0x0008d41c    0x38  commands.o [1]
  .rodata            const    0x0008d454    0x38  ruler.o [1]
  .rodata            const    0x0008d48c    0x38  ruler.o [1]
  .rodata            const    0x0008d4c4    0x38  uif.o [1]
  .rodata            const    0x0008d4fc    0x34  bsp.o [1]
  .rodata            const    0x0008d530    0x34  bsp.o [1]
  .rodata            const    0x0008d564    0x34  bsp.o [1]
  .rodata            const    0x0008d598    0x34  bsp.o [1]
  .rodata            const    0x0008d5cc    0x34  bsp.o [1]
  .rodata            const    0x0008d600    0x34  bsp.o [1]
  .rodata            const    0x0008d634    0x34  commands.o [1]
  .rodata            const    0x0008d668    0x34  dsp.o [1]
  .rodata            const    0x0008d69c    0x34  dsp.o [1]
  .rodata            const    0x0008d6d0    0x34  ruler.o [1]
  .rodata            const    0x0008d704    0x34  ruler.o [1]
  .rodata            const    0x0008d738    0x34  ruler.o [1]
  .rodata            const    0x0008d76c    0x34  task_shell.o [1]
  .rodata            const    0x0008d7a0    0x30  commands.o [1]
  .rodata            const    0x0008d7d0    0x30  commands.o [1]
  .rodata            const    0x0008d800    0x30  commands.o [1]
  .rodata            const    0x0008d830    0x30  noah_cmd.o [1]
  .rodata            const    0x0008d860    0x30  ruler.o [1]
  .rodata            const    0x0008d890    0x30  ruler.o [1]
  .rodata            const    0x0008d8c0    0x30  ruler.o [1]
  .rodata            const    0x0008d8f0    0x30  ruler.o [1]
  .rodata            const    0x0008d920    0x30  ruler.o [1]
  .rodata            const    0x0008d950    0x30  ruler.o [1]
  .rodata            const    0x0008d980    0x30  ruler.o [1]
  .rodata            const    0x0008d9b0    0x30  task_user_if.o [1]
  .rodata            const    0x0008d9e0    0x30  uif.o [1]
  .rodata            const    0x0008da10    0x2c  commands.o [1]
  .rodata            const    0x0008da3c    0x2c  dsp.o [1]
  .rodata            const    0x0008da68    0x2c  dsp.o [1]
  .rodata            const    0x0008da94    0x2c  dsp.o [1]
  .rodata            const    0x0008dac0    0x2c  i2c_gpio.o [1]
  .rodata            const    0x0008daec    0x2c  ruler.o [1]
  .rodata            const    0x0008db18    0x2c  spi.o [1]
  .rodata            const    0x0008db44    0x2c  task_joy.o [1]
  .rodata            const    0x0008db70    0x28  commands.o [1]
  .rodata            const    0x0008db98    0x28  dsp.o [1]
  .rodata            const    0x0008dbc0    0x28  ruler.o [1]
  .rodata            const    0x0008dbe8    0x28  ruler.o [1]
  .rodata            const    0x0008dc10    0x28  ruler.o [1]
  .rodata            const    0x0008dc38    0x28  ruler.o [1]
  .rodata            const    0x0008dc60    0x28  task_shell.o [1]
  .rodata            const    0x0008dc88    0x28  task_shell.o [1]
  .rodata            const    0x0008dcb0    0x28  task_shell.o [1]
  .rodata            const    0x0008dcd8    0x28  task_user_if.o [1]
  .rodata            const    0x0008dd00    0x28  uif.o [1]
  .rodata            const    0x0008dd28    0x28  uif.o [1]
  .text              ro code  0x0008dd50    0x28  data_init.o [5]
  .rodata            const    0x0008dd78    0x24  app.o [1]
  .rodata            const    0x0008dd9c    0x24  app.o [1]
  .rodata            const    0x0008ddc0    0x24  bsp.o [1]
  .rodata            const    0x0008dde4    0x24  commands.o [1]
  .rodata            const    0x0008de08    0x24  commands.o [1]
  .rodata            const    0x0008de2c    0x24  dsp.o [1]
  .rodata            const    0x0008de50    0x24  i2c_gpio.o [1]
  .rodata            const    0x0008de74    0x24  ruler.o [1]
  .rodata            const    0x0008de98    0x24  ruler.o [1]
  .rodata            const    0x0008debc    0x24  ruler.o [1]
  .rodata            const    0x0008dee0    0x24  ruler.o [1]
  .rodata            const    0x0008df04    0x24  ruler.o [1]
  .rodata            const    0x0008df28    0x24  ruler.o [1]
  .rodata            const    0x0008df4c    0x24  ruler.o [1]
  .rodata            const    0x0008df70    0x24  task_joy.o [1]
  .text              ro code  0x0008df94    0x24  app_vect.o [1]
  .iar.init_table    const    0x0008dfb8    0x2c  - Linker created -
  .rodata            const    0x0008dfe4    0x20  app.o [1]
  .rodata            const    0x0008e004    0x20  bsp.o [1]
  .rodata            const    0x0008e024    0x20  commands.o [1]
  .rodata            const    0x0008e044    0x20  commands.o [1]
  .rodata            const    0x0008e064    0x20  commands.o [1]
  .rodata            const    0x0008e084    0x20  commands.o [1]
  .rodata            const    0x0008e0a4    0x20  commands.o [1]
  .rodata            const    0x0008e0c4    0x20  dsp.o [1]
  .rodata            const    0x0008e0e4    0x20  dsp.o [1]
  .rodata            const    0x0008e104    0x20  dsp.o [1]
  .rodata            const    0x0008e124    0x20  led.o [1]
  .rodata            const    0x0008e144    0x20  ruler.o [1]
  .rodata            const    0x0008e164    0x20  ruler.o [1]
  .rodata            const    0x0008e184    0x20  ruler.o [1]
  .rodata            const    0x0008e1a4    0x20  ruler.o [1]
  .rodata            const    0x0008e1c4    0x20  ruler.o [1]
  .rodata            const    0x0008e1e4    0x20  ruler.o [1]
  .rodata            const    0x0008e204    0x20  task_shell.o [1]
  .rodata            const    0x0008e224    0x20  uif.o [1]
  .rodata            const    0x0008e244    0x20  uif.o [1]
  .rodata            const    0x0008e264    0x20  uif.o [1]
  .rodata            const    0x0008e284    0x20  uif.o [1]
  .rodata            const    0x0008e2a4    0x1c  app.o [1]
  .rodata            const    0x0008e2c0    0x1c  app.o [1]
  .rodata            const    0x0008e2dc    0x1c  app.o [1]
  .rodata            const    0x0008e2f8    0x1c  bsp.o [1]
  .rodata            const    0x0008e314    0x1c  commands.o [1]
  .rodata            const    0x0008e330    0x1c  commands.o [1]
  .rodata            const    0x0008e34c    0x1c  commands.o [1]
  .rodata            const    0x0008e368    0x1c  commands.o [1]
  .rodata            const    0x0008e384    0x1c  commands.o [1]
  .rodata            const    0x0008e3a0    0x1c  commands.o [1]
  .rodata            const    0x0008e3bc    0x1c  commands.o [1]
  .rodata            const    0x0008e3d8    0x1c  dsp.o [1]
  .rodata            const    0x0008e3f4    0x1c  dsp.o [1]
  .rodata            const    0x0008e410    0x1c  dsp.o [1]
  .rodata            const    0x0008e42c    0x1c  dsp.o [1]
  .rodata            const    0x0008e448    0x1c  gpio.o [1]
  .rodata            const    0x0008e464    0x1c  ruler.o [1]
  .rodata            const    0x0008e480    0x1c  ruler.o [1]
  .rodata            const    0x0008e49c    0x1c  ruler.o [1]
  .rodata            const    0x0008e4b8    0x1c  ruler.o [1]
  .rodata            const    0x0008e4d4    0x1c  ruler.o [1]
  .rodata            const    0x0008e4f0    0x1c  ruler.o [1]
  .rodata            const    0x0008e50c    0x1c  task_shell.o [1]
  .rodata            const    0x0008e528    0x1c  task_user_if.o [1]
  .rodata            const    0x0008e544    0x1c  task_user_if.o [1]
  .text              ro code  0x0008e560    0x1a  cmain.o [5]
  .text              ro code  0x0008e57a     0x4  exit.o [3]
  .rodata            const    0x0008e57e     0x2  os_dbg.o [1]
  .text              ro code  0x0008e580     0xa  cexit.o [5]
  .rodata            const    0x0008e58a     0x2  os_dbg.o [1]
  .rodata            const    0x0008e58c    0x18  app.o [1]
  .rodata            const    0x0008e5a4    0x18  app.o [1]
  .rodata            const    0x0008e5bc    0x18  app.o [1]
  .rodata            const    0x0008e5d4    0x18  codec.o [1]
  .rodata            const    0x0008e5ec    0x18  commands.o [1]
  .rodata            const    0x0008e604    0x18  commands.o [1]
  .rodata            const    0x0008e61c    0x18  commands.o [1]
  .rodata            const    0x0008e634    0x18  commands.o [1]
  .rodata            const    0x0008e64c    0x18  commands.o [1]
  .rodata            const    0x0008e664    0x18  commands.o [1]
  .rodata            const    0x0008e67c    0x18  commands.o [1]
  .rodata            const    0x0008e694    0x18  dsp.o [1]
  .rodata            const    0x0008e6ac    0x18  ruler.o [1]
  .rodata            const    0x0008e6c4    0x18  ruler.o [1]
  .rodata            const    0x0008e6dc    0x18  uif.o [1]
  .rodata            const    0x0008e6f4    0x14  app.o [1]
  .rodata            const    0x0008e708    0x14  app.o [1]
  .rodata            const    0x0008e71c    0x14  app.o [1]
  .rodata            const    0x0008e730    0x14  app.o [1]
  .rodata            const    0x0008e744    0x14  app.o [1]
  .rodata            const    0x0008e758    0x14  app.o [1]
  .rodata            const    0x0008e76c    0x14  app.o [1]
  .rodata            const    0x0008e780    0x14  app.o [1]
  .rodata            const    0x0008e794    0x14  commands.o [1]
  .rodata            const    0x0008e7a8    0x14  commands.o [1]
  .rodata            const    0x0008e7bc    0x14  commands.o [1]
  .rodata            const    0x0008e7d0    0x14  os_tmr.o [1]
  .rodata            const    0x0008e7e4    0x14  os_tmr.o [1]
  .rodata            const    0x0008e7f8    0x14  ruler.o [1]
  .rodata            const    0x0008e80c    0x14  ruler.o [1]
  .rodata            const    0x0008e820    0x14  ruler.o [1]
  .rodata            const    0x0008e834    0x10  bsp.o [1]
  .rodata            const    0x0008e844    0x10  codec.o [1]
  .rodata            const    0x0008e854    0x10  commands.o [1]
  .rodata            const    0x0008e864    0x10  dsp.o [1]
  .rodata            const    0x0008e874    0x10  dsp.o [1]
  .rodata            const    0x0008e884    0x10  dsp.o [1]
  .rodata            const    0x0008e894    0x10  noah_cmd.o [1]
  .rodata            const    0x0008e8a4    0x10  os_core.o [1]
  .rodata            const    0x0008e8b4    0x10  os_core.o [1]
  .rodata            const    0x0008e8c4    0x10  os_tmr.o [1]
  .rodata            const    0x0008e8d4    0x10  ruler.o [1]
  .rodata            const    0x0008e8e4    0x10  ruler.o [1]
  .rodata            const    0x0008e8f4    0x10  ruler.o [1]
  .rodata            const    0x0008e904    0x10  ruler.o [1]
  .rodata            const    0x0008e914    0x10  ruler.o [1]
  .rodata            const    0x0008e924    0x10  ruler.o [1]
  .rodata            const    0x0008e934    0x10  ruler.o [1]
  .rodata            const    0x0008e944    0x10  task_user_if.o [1]
  .rodata            const    0x0008e954    0x10  twid.o [1]
  .rodata            const    0x0008e964    0x10  twid.o [1]
  .rodata            const    0x0008e974     0xc  app.o [1]
  .rodata            const    0x0008e980     0xc  app.o [1]
  .rodata            const    0x0008e98c     0xc  app.o [1]
  .rodata            const    0x0008e998     0xc  app.o [1]
  .rodata            const    0x0008e9a4     0xc  app.o [1]
  .rodata            const    0x0008e9b0     0xc  bsp.o [1]
  .rodata            const    0x0008e9bc     0xc  bsp.o [1]
  .rodata            const    0x0008e9c8     0xc  bsp.o [1]
  .rodata            const    0x0008e9d4     0xc  bsp.o [1]
  .rodata            const    0x0008e9e0     0xc  bsp.o [1]
  .rodata            const    0x0008e9ec     0xc  commands.o [1]
  .rodata            const    0x0008e9f8     0xc  commands.o [1]
  .rodata            const    0x0008ea04     0xc  commands.o [1]
  .rodata            const    0x0008ea10     0xc  commands.o [1]
  .rodata            const    0x0008ea1c     0xc  commands.o [1]
  .rodata            const    0x0008ea28     0xc  ruler.o [1]
  .rodata            const    0x0008ea34     0xc  ruler.o [1]
  .rodata            const    0x0008ea40     0xc  task_user_if.o [1]
  .rodata            const    0x0008ea4c     0xc  timer.o [1]
  .rodata            const    0x0008ea58     0xc  uart.o [1]
  .rodata            const    0x0008ea64     0xc  uart.o [1]
  .rodata            const    0x0008ea70     0xc  uart.o [1]
  .rodata            const    0x0008ea7c     0xc  uart.o [1]
  .rodata            const    0x0008ea88     0xc  uart.o [1]
  .rodata            const    0x0008ea94     0xc  uart.o [1]
  .rodata            const    0x0008eaa0     0xc  uart.o [1]
  .rodata            const    0x0008eaac     0xc  uart.o [1]
  .rodata            const    0x0008eab8     0xc  uart.o [1]
  .rodata            const    0x0008eac4     0xc  Xmodem.o [1]
  .text              ro code  0x0008ead0     0xc  cstartup_M.o [5]
  .rodata            const    0x0008eadc     0x8  app.o [1]
  .rodata            const    0x0008eae4     0x8  app.o [1]
  .rodata            const    0x0008eaec     0x8  app.o [1]
  .rodata            const    0x0008eaf4     0x8  app.o [1]
  .rodata            const    0x0008eafc     0x8  app.o [1]
  .rodata            const    0x0008eb04     0x8  bsp.o [1]
  .rodata            const    0x0008eb0c     0x8  bsp.o [1]
  .rodata            const    0x0008eb14     0x8  bsp.o [1]
  .rodata            const    0x0008eb1c     0x8  bsp.o [1]
  .rodata            const    0x0008eb24     0x8  bsp.o [1]
  .rodata            const    0x0008eb2c     0x8  bsp.o [1]
  .rodata            const    0x0008eb34     0x8  bsp.o [1]
  .rodata            const    0x0008eb3c     0x8  bsp.o [1]
  .rodata            const    0x0008eb44     0x8  bsp.o [1]
  .rodata            const    0x0008eb4c     0x8  bsp.o [1]
  .rodata            const    0x0008eb54     0x8  bsp.o [1]
  .rodata            const    0x0008eb5c     0x8  bsp.o [1]
  .rodata            const    0x0008eb64     0x8  commands.o [1]
  .rodata            const    0x0008eb6c     0x8  commands.o [1]
  .rodata            const    0x0008eb74     0x8  commands.o [1]
  .rodata            const    0x0008eb7c     0x8  commands.o [1]
  .rodata            const    0x0008eb84     0x8  commands.o [1]
  .rodata            const    0x0008eb8c     0x8  commands.o [1]
  .rodata            const    0x0008eb94     0x8  commands.o [1]
  .rodata            const    0x0008eb9c     0x8  commands.o [1]
  .rodata            const    0x0008eba4     0x8  commands.o [1]
  .rodata            const    0x0008ebac     0x8  commands.o [1]
  .rodata            const    0x0008ebb4     0x8  commands.o [1]
  .rodata            const    0x0008ebbc     0x8  commands.o [1]
  .rodata            const    0x0008ebc4     0x8  commands.o [1]
  .rodata            const    0x0008ebcc     0x8  commands.o [1]
  .rodata            const    0x0008ebd4     0x8  mem_basic.o [1]
  .rodata            const    0x0008ebdc     0x8  mem_basic.o [1]
  .rodata            const    0x0008ebe4     0x8  mem_basic.o [1]
  .rodata            const    0x0008ebec     0x8  mem_basic.o [1]
  .rodata            const    0x0008ebf4     0x8  mem_basic.o [1]
  .rodata            const    0x0008ebfc     0x8  mem_basic.o [1]
  .rodata            const    0x0008ec04     0x8  mem_basic.o [1]
  .rodata            const    0x0008ec0c     0x8  mem_basic.o [1]
  .rodata            const    0x0008ec14     0x8  mem_basic.o [1]
  .rodata            const    0x0008ec1c     0x8  mem_basic.o [1]
  .rodata            const    0x0008ec24     0x8  ruler.o [1]
  .rodata            const    0x0008ec2c     0x8  ruler.o [1]
  .rodata            const    0x0008ec34     0x8  spi.o [1]
  .rodata            const    0x0008ec3c     0x8  task_user_if.o [1]
  .rodata            const    0x0008ec44     0x8  Xmodem.o [1]
  .rodata            const    0x0008ec4c     0x8  Xmodem.o [1]
  .rodata            const    0x0008ec54     0x4  gpio.o [1]
  .rodata            const    0x0008ec58     0x4  led.o [1]
  .rodata            const    0x0008ec5c     0x4  mem_basic.o [1]
  .rodata            const    0x0008ec60     0x4  mem_basic.o [1]
  .rodata            const    0x0008ec64     0x4  os_dbg.o [1]
  .rodata            const    0x0008ec68     0x4  ruler.o [1]
  .rodata            const    0x0008ec6c     0x4  ruler.o [1]
  .rodata            const    0x0008ec70     0x4  ruler.o [1]
  .rodata            const    0x0008ec74     0x4  uart.o [1]
  .rodata            const    0x0008ec78     0x2  os_dbg.o [1]
  .rodata            const    0x0008ec7a     0x2  os_dbg.o [1]
  .rodata            const    0x0008ec7c     0x2  os_dbg.o [1]
  .rodata            const    0x0008ec7e     0x2  os_dbg.o [1]
  .rodata            const    0x0008ec80     0x2  os_dbg.o [1]
  .rodata            const    0x0008ec82     0x2  os_dbg.o [1]
  .rodata            const    0x0008ec84     0x2  os_dbg.o [1]
  .rodata            const    0x0008ec86     0x2  os_dbg.o [1]
  .rodata            const    0x0008ec88     0x2  os_dbg.o [1]
  .rodata            const    0x0008ec8a     0x2  os_dbg.o [1]
  .rodata            const    0x0008ec8c     0x2  os_dbg.o [1]
  .rodata            const    0x0008ec8e     0x2  os_dbg.o [1]
  .rodata            const    0x0008ec90     0x2  os_dbg.o [1]
  .rodata            const    0x0008ec92     0x2  os_dbg.o [1]
  .rodata            const    0x0008ec94     0x2  os_dbg.o [1]
  .rodata            const    0x0008ec96     0x2  os_dbg.o [1]
  .rodata            const    0x0008ec98     0x2  os_dbg.o [1]
  .rodata            const    0x0008ec9a     0x2  os_dbg.o [1]
  .rodata            const    0x0008ec9c     0x2  os_dbg.o [1]
  .rodata            const    0x0008ec9e     0x2  os_dbg.o [1]
  .rodata            const    0x0008eca0     0x2  os_dbg.o [1]
  .rodata            const    0x0008eca2     0x2  os_dbg.o [1]
  .rodata            const    0x0008eca4     0x2  os_dbg.o [1]
  .rodata            const    0x0008eca6     0x2  os_dbg.o [1]
  .rodata            const    0x0008eca8     0x2  os_dbg.o [1]
  .rodata            const    0x0008ecaa     0x2  os_dbg.o [1]
  .rodata            const    0x0008ecac     0x2  os_dbg.o [1]
  .rodata            const    0x0008ecae     0x2  os_dbg.o [1]
  .rodata            const    0x0008ecb0     0x2  os_dbg.o [1]
  .rodata            const    0x0008ecb2     0x2  os_dbg.o [1]
  .rodata            const    0x0008ecb4     0x2  os_dbg.o [1]
  .rodata            const    0x0008ecb6     0x2  os_dbg.o [1]
  .rodata            const    0x0008ecb8     0x2  os_dbg.o [1]
  .rodata            const    0x0008ecba     0x2  os_dbg.o [1]
  .rodata            const    0x0008ecbc     0x2  os_dbg.o [1]
  .rodata            const    0x0008ecbe     0x2  ruler.o [1]
  .rodata            const    0x0008ecc0     0x0  zero_init3.o [5]
  .rodata            const    0x0008ecc0     0x0  lz77_init.o [5]
  Initializer bytes  ro data  0x0008ecc0   0x3b7  <for P2 s0>
                            - 0x0008f077  0xefbb

"P2", part 1 of 3:                         0x82c
  P2 s0                       0x20078000   0x829  <Init block>
    .data            inited   0x20078000   0x260  gpio.o [1]
    .data            inited   0x20078260   0x24c  codec.o [1]
    .data            inited   0x200784ac   0x12c  dsp.o [1]
    .data            inited   0x200785d8    0xfc  dsp.o [1]
    .textrw          inited   0x200786d4    0xac  gpio.o [1]
    .data            inited   0x20078780    0x54  codec.o [1]
    .data            inited   0x200787d4    0x20  bsp.o [1]
    .textrw          inited   0x200787f4    0x14  kfifo.o [1]
    .data            inited   0x20078808     0xc  timer.o [1]
    .data            inited   0x20078814     0x8  codec.o [1]
    .data            inited   0x2007881c     0x4  spi.o [1]
    .data            inited   0x20078820     0x4  timer.o [1]
    .data            inited   0x20078824     0x1  dsp.o [1]
    .data            inited   0x20078825     0x1  i2c_gpio.o [1]
    .data            inited   0x20078826     0x1  i2c_gpio.o [1]
    .data            inited   0x20078827     0x1  mem_basic.o [1]
    .data            inited   0x20078828     0x1  task_user_if.o [1]
                            - 0x20078829   0x829

"P2", part 2 of 3:                        0x777c
  .bss               zero     0x2007882c  0x2800  task_uart_tx.o [1]
  .bss               zero     0x2007b02c  0x1000  task_debug_info.o [1]
  .bss               zero     0x2007c02c   0x7f8  uif.o [1]
  .bss               zero     0x2007c824   0x5d8  os_core.o [1]
  .bss               zero     0x2007cdfc   0x400  app.o [1]
  .bss               zero     0x2007d1fc   0x400  app.o [1]
  .bss               zero     0x2007d5fc   0x400  app.o [1]
  .bss               zero     0x2007d9fc   0x400  uart.o [1]
  .bss               zero     0x2007ddfc   0x400  uart.o [1]
  .bss               zero     0x2007e1fc   0x280  os_core.o [1]
  .bss               zero     0x2007e47c   0x258  os_core.o [1]
  .bss               zero     0x2007e6d4   0x200  app.o [1]
  .bss               zero     0x2007e8d4   0x200  app.o [1]
  .bss               zero     0x2007ead4   0x200  app.o [1]
  .bss               zero     0x2007ecd4   0x200  app.o [1]
  .bss               zero     0x2007eed4   0x200  app.o [1]
  .bss               zero     0x2007f0d4   0x200  os_core.o [1]
  .bss               zero     0x2007f2d4   0x200  os_core.o [1]
  .bss               zero     0x2007f4d4   0x200  os_core.o [1]
  .bss               zero     0x2007f6d4   0x140  commands.o [1]
  .bss               zero     0x2007f814   0x100  flashd_eefc.o [1]
  .bss               zero     0x2007f914   0x100  os_core.o [1]
  .bss               zero     0x2007fa14    0x90  os_core.o [1]
  .bss               zero     0x2007faa4    0x78  bsp_int.o [1]
  .bss               zero     0x2007fb1c    0x54  bsp.o [1]
  .bss               zero     0x2007fb70    0x50  os_core.o [1]
  .bss               zero     0x2007fbc0    0x40  os_core.o [1]
  .bss               zero     0x2007fc00    0x40  uart.o [1]
  .bss               zero     0x2007fc40    0x40  uart.o [1]
  .bss               zero     0x2007fc80    0x30  uart.o [1]
  .bss               zero     0x2007fcb0    0x30  uart.o [1]
  .bss               zero     0x2007fce0    0x20  uart.o [1]
  .bss               zero     0x2007fd00    0x20  uart.o [1]
  .bss               zero     0x2007fd20    0x20  uart.o [1]
  .bss               zero     0x2007fd40    0x20  uart.o [1]
  .bss               zero     0x2007fd60    0x20  uart.o [1]
  .bss               zero     0x2007fd80    0x20  uart.o [1]
  .bss               zero     0x2007fda0    0x20  uif.o [1]
  .bss               zero     0x2007fdc0    0x1c  os_core.o [1]
  .bss               zero     0x2007fddc    0x14  task_cmd_parse.o [1]
  .bss               zero     0x2007fdf0    0x14  task_uart_tx.o [1]
  .bss               zero     0x2007fe04    0x14  task_uart_tx.o [1]
  .bss               zero     0x2007fe18    0x14  task_uart_tx_ruler.o [1]
  .bss               zero     0x2007fe2c    0x14  task_uart_tx_ruler.o [1]
  .bss               zero     0x2007fe40    0x14  twid.o [1]
  .bss               zero     0x2007fe54    0x10  cpu_core.o [1]
  .bss               zero     0x2007fe64    0x10  ruler.o [1]
  .bss               zero     0x2007fe74    0x10  task_debug_info.o [1]
  .bss               zero     0x2007fe84     0xc  ruler.o [1]
  .bss               zero     0x2007fe90     0xc  ruler.o [1]
  .bss               zero     0x2007fe9c     0xc  uart.o [1]
  .bss               zero     0x2007fea8     0x8  os_core.o [1]
  .bss               zero     0x2007feb0     0x8  twid.o [1]
  .bss               zero     0x2007feb8     0x4  bsp.o [1]
  .bss               zero     0x2007febc     0x4  bsp.o [1]
  .bss               zero     0x2007fec0     0x4  codec.o [1]
  .bss               zero     0x2007fec4     0x4  lib_math.o [1]
  .bss               zero     0x2007fec8     0x4  os_core.o [1]
  .bss               zero     0x2007fecc     0x4  os_core.o [1]
  .bss               zero     0x2007fed0     0x4  os_core.o [1]
  .bss               zero     0x2007fed4     0x4  os_core.o [1]
  .bss               zero     0x2007fed8     0x4  os_core.o [1]
  .bss               zero     0x2007fedc     0x4  os_core.o [1]
  .bss               zero     0x2007fee0     0x4  os_core.o [1]
  .bss               zero     0x2007fee4     0x4  os_core.o [1]
  .bss               zero     0x2007fee8     0x4  os_core.o [1]
  .bss               zero     0x2007feec     0x4  os_core.o [1]
  .bss               zero     0x2007fef0     0x4  os_core.o [1]
  .bss               zero     0x2007fef4     0x4  os_core.o [1]
  .bss               zero     0x2007fef8     0x4  os_core.o [1]
  .bss               zero     0x2007fefc     0x4  os_core.o [1]
  .bss               zero     0x2007ff00     0x4  os_core.o [1]
  .bss               zero     0x2007ff04     0x4  os_core.o [1]
  .bss               zero     0x2007ff08     0x4  os_core.o [1]
  .bss               zero     0x2007ff0c     0x4  ruler.o [1]
  .bss               zero     0x2007ff10     0x4  ruler.o [1]
  .bss               zero     0x2007ff14     0x4  ruler.o [1]
  .bss               zero     0x2007ff18     0x4  spi.o [1]
  .bss               zero     0x2007ff1c     0x4  spi.o [1]
  .bss               zero     0x2007ff20     0x4  spi.o [1]
  .bss               zero     0x2007ff24     0x4  task_cmd_parse.o [1]
  .bss               zero     0x2007ff28     0x4  task_noah.o [1]
  .bss               zero     0x2007ff2c     0x4  task_noah_ruler.o [1]
  .bss               zero     0x2007ff30     0x4  task_noah_ruler.o [1]
  .bss               zero     0x2007ff34     0x4  task_noah_ruler.o [1]
  .bss               zero     0x2007ff38     0x4  task_noah_ruler.o [1]
  .bss               zero     0x2007ff3c     0x4  task_noah_ruler.o [1]
  .bss               zero     0x2007ff40     0x4  task_noah_ruler.o [1]
  .bss               zero     0x2007ff44     0x4  task_noah_ruler.o [1]
  .bss               zero     0x2007ff48     0x4  task_noah_ruler.o [1]
  .bss               zero     0x2007ff4c     0x4  task_uart_tx.o [1]
  .bss               zero     0x2007ff50     0x4  task_uart_tx.o [1]
  .bss               zero     0x2007ff54     0x4  task_uart_tx.o [1]
  .bss               zero     0x2007ff58     0x4  task_uart_tx.o [1]
  .bss               zero     0x2007ff5c     0x4  task_uart_tx_ruler.o [1]
  .bss               zero     0x2007ff60     0x4  task_uart_tx_ruler.o [1]
  .bss               zero     0x2007ff64     0x4  task_uart_tx_ruler.o [1]
  .bss               zero     0x2007ff68     0x4  task_user_if.o [1]
  .bss               zero     0x2007ff6c     0x4  twid.o [1]
  .bss               zero     0x2007ff70     0x4  twid.o [1]
  .bss               zero     0x2007ff74     0x4  uart.o [1]
  .bss               zero     0x2007ff78     0x4  uart.o [1]
  .bss               zero     0x2007ff7c     0x4  uart.o [1]
  .bss               zero     0x2007ff80     0x4  uart.o [1]
  .bss               zero     0x2007ff84     0x2  dsp.o [1]
  .bss               zero     0x2007ff86     0x2  os_core.o [1]
  .bss               zero     0x2007ff88     0x2  os_core.o [1]
  .bss               zero     0x2007ff8a     0x2  os_cpu_c.o [1]
  .bss               zero     0x2007ff8c     0x2  task_debug_info.o [1]
  .bss               zero     0x2007ff8e     0x2  task_debug_info.o [1]
  .bss               zero     0x2007ff90     0x1  bsp.o [1]
  .bss               zero     0x2007ff91     0x1  bsp.o [1]
  .bss               zero     0x2007ff92     0x1  codec.o [1]
  .bss               zero     0x2007ff93     0x1  dsp.o [1]
  .bss               zero     0x2007ff94     0x1  dsp.o [1]
  .bss               zero     0x2007ff95     0x1  dsp.o [1]
  .bss               zero     0x2007ff96     0x1  dsp.o [1]
  .bss               zero     0x2007ff97     0x1  gpio.o [1]
  .bss               zero     0x2007ff98     0x1  led.o [1]
  .bss               zero     0x2007ff99     0x1  os_core.o [1]
  .bss               zero     0x2007ff9a     0x1  os_core.o [1]
  .bss               zero     0x2007ff9b     0x1  os_core.o [1]
  .bss               zero     0x2007ff9c     0x1  os_core.o [1]
  .bss               zero     0x2007ff9d     0x1  os_core.o [1]
  .bss               zero     0x2007ff9e     0x1  os_core.o [1]
  .bss               zero     0x2007ff9f     0x1  os_core.o [1]
  .bss               zero     0x2007ffa0     0x1  os_core.o [1]
  .bss               zero     0x2007ffa1     0x1  os_core.o [1]
  .bss               zero     0x2007ffa2     0x1  ruler.o [1]
  .bss               zero     0x2007ffa3     0x1  ruler.o [1]
  .bss               zero     0x2007ffa4     0x1  ruler.o [1]
  .bss               zero     0x2007ffa5     0x1  task_uart_rx.o [1]
  .bss               zero     0x2007ffa6     0x1  twid.o [1]
  .bss               zero     0x2007ffa7     0x1  uart.o [1]
                            - 0x2007ffa8  0x777c

"P2", part 3 of 3:                         0x3e8
  CSTACK                      0x2007ffa8   0x3e8  <Block>
    CSTACK           uninit   0x2007ffa8   0x3e8  <Block tail>
                            - 0x20080390   0x3e8


*******************************************************************************
*** INIT TABLE
***

          Address     Size
          -------     ----
Zero (__iar_zero_init3)
    1 destination range, total size 0x777c:
          0x2007882c  0x777c

Copy/lz77 (__iar_lz77_init3)
    1 source range, total size 0x3b7 (45% of destination):
          0x0008ecc0   0x3b7
    1 destination range, total size 0x829:
          0x20078000   0x829



*******************************************************************************
*** MODULE SUMMARY
***

    Module                 ro code  rw code  ro data  rw data
    ------                 -------  -------  -------  -------
E:\SVN Dir\PQ\UIF Board\UIF_Host_OS_V2\Release\Obj: [1]
    Xmodem.o                   632                28
    app.o                    1 212               520    5 632
    app_vect.o                  36               188
    bsp.o                    2 820             2 442      126
    bsp_gpio.o                 236
    bsp_int.o                  422                        120
    bsp_os.o                    26
    bsp_pmc.o                  272
    codec.o                    812               350      685
    commands.o               2 832             1 908      320
    cpu_a.o                     42
    cpu_c.o                    292
    cpu_core.o                 108                         16
    dma.o                       92
    dmad.o                      56
    dsp.o                    2 460               844      559
    eefc.o                     198
    emb.o                    1 430
    flashd_eefc.o              260                        256
    gpio.o                     632      172      451      609
    i2c_gpio.o                 856                81        2
    kfifo.o                    188       20        9
    led.o                      252               100        1
    lib_ascii.o                232
    lib_math.o                  40                          4
    lib_mem.o                  148
    lib_str.o                1 248               148
    math.o                      30
    mem_basic.o              1 856                88        1
    noah_cmd.o               2 692                64
    nvic.o                     256
    os_core.o                2 604               288    4 933
    os_cpu_a.o                 160
    os_cpu_c.o                 340                          2
    os_dbg.o                   460               112
    os_flag.o                  134
    os_mbox.o                  494
    os_mem.o                   464
    os_q.o                   1 028
    os_sem.o                   794
    os_task.o                1 240
    os_time.o                  120
    os_tmr.o                   640                56
    pio.o                      434
    queue.o                    362
    ruler.o                  3 096             1 778       55
    spi.o                      592               181       16
    task_cmd_parse.o            80                         24
    task_debug_info.o          116                      4 116
    task_joy.o                 352                80
    task_noah.o                                             4
    task_noah_ruler.o                                      32
    task_shell.o               480               232
    task_uart_rx.o             176                          1
    task_uart_tx.o             132                     10 296
    task_uart_tx_ruler.o                                   52
    task_user_if.o             508               253        5
    timer.o                    248                20       16
    twi.o                      254
    twid.o                   1 140                96       37
    uart.o                   2 248               336    2 493
    uif.o                    1 952               476    2 072
    ---------------------------------------------------------
    Total:                  43 316      192   11 129   32 485

command line: [2]
    ---------------------------------------------------------
    Total:

dl7M_tln.a: [3]
    abort.o                      6
    div.o                       14
    exit.o                       4
    memcpy.o                    12
    memset.o                    20
    strcat.o                    28
    vsprintf.o                  44
    xprintffull_nomb.o       3 462
    xsprout.o                   10
    ---------------------------------------------------------
    Total:                   3 600

m7M_tl.a: [4]
    DblAdd.o                   212
    DblCmpGe.o                  46
    DblCmpLe.o                  46
    DblDiv.o                   582
    DblMul.o                   418
    DblSub.o                   384
    DblToI32.o                  88
    I32ToDbl.o                  48
    xdnorm.o                    66
    xdscale.o                  268
    ---------------------------------------------------------
    Total:                   2 158

rt7M_tl.a: [5]
    ABImemcpy_unaligned.o      118
    ABImemset.o                102
    I64DivMod.o                238
    I64DivZer.o                  2
    XXexit.o                    12
    cexit.o                     10
    cmain.o                     26
    cstartup_M.o                12
    data_init.o                 40
    lz77_init.o                454
    memchr.o                    88
    strchr.o                    22
    strcpy_unaligned.o          68
    strlen.o                    54
    zero_init3.o                34
    ---------------------------------------------------------
    Total:                   1 280

    Linker created              32                44    1 000
-------------------------------------------------------------
    Grand Total:            50 386      192   11 173   33 485


*******************************************************************************
*** ENTRY LIST
***

Entry                      Address    Size  Type      Object
-----                      -------    ----  ----      ------
.vectors$$Base          0x00080000           --   Gb  - Linker created -
.vectors$$Limit         0x000800bc           --   Gb  - Linker created -
?main                   0x0008e561          Code  Gb  cmain.o [5]
AB_POST                 0x000823c1    0xca  Code  Gb  ruler.o [1]
ACK_Sem_PCUART          0x2007ff28     0x4  Data  Gb  task_noah.o [1]
ACK_Sem_RulerUART       0x2007ff30     0x4  Data  Gb  task_noah_ruler.o [1]
ASCII_IsAlphaNum        0x0008b229    0x58  Code  Gb  lib_ascii.o [1]
ASCII_IsDig             0x0008b299    0x18  Code  Gb  lib_ascii.o [1]
ASCII_IsDigHex          0x0008b2b1    0x30  Code  Gb  lib_ascii.o [1]
ASCII_IsLower           0x0008b281    0x18  Code  Gb  lib_ascii.o [1]
ASCII_IsSpace           0x0008b2e1    0x30  Code  Gb  lib_ascii.o [1]
AT91_TC_Init            0x00087689    0xcc  Code  Gb  timer.o [1]
App_BufferCreate        0x0008994d    0x32  Code  Gb  app.o [1]
App_BusFault_ISR        0x0008dfb1     0x2  Code  Lc  app_vect.o [1]
App_EventCreate         0x0008997f   0x152  Code  Lc  app.o [1]
App_Fault_ISR           0x0008dfaf     0x2  Code  Lc  app_vect.o [1]
App_MemFault_ISR        0x0008dfb5     0x2  Code  Lc  app_vect.o [1]
App_NMI_ISR             0x0008dfad     0x2  Code  Lc  app_vect.o [1]
App_Spurious_ISR        0x0008dfb7     0x2  Code  Lc  app_vect.o [1]
App_TaskCMDParse        0x0008cd21    0x50  Code  Gb  task_cmd_parse.o [1]
App_TaskCMDParseStk     0x2007d5fc   0x400  Data  Lc  app.o [1]
App_TaskCreate          0x00089ad1   0x13a  Code  Lc  app.o [1]
App_TaskDebugInfo       0x0008ca31    0x66  Code  Gb  task_debug_info.o [1]
App_TaskDebugInfoStk    0x2007eed4   0x200  Data  Lc  app.o [1]
App_TaskGenieShell      0x0008be21   0x1e0  Code  Gb  task_shell.o [1]
App_TaskGenieShellStk   0x2007d1fc   0x400  Data  Lc  app.o [1]
App_TaskJoy             0x0008c1d9   0x160  Code  Gb  task_joy.o [1]
App_TaskJoyStk          0x2007e8d4   0x200  Data  Lc  app.o [1]
App_TaskStart           0x000898fd    0x50  Code  Lc  app.o [1]
App_TaskStartStk        0x2007e6d4   0x200  Data  Lc  app.o [1]
App_TaskUART_Rx         0x0008c439    0xb0  Code  Gb  task_uart_rx.o [1]
App_TaskUART_RxStk      0x2007ead4   0x200  Data  Lc  app.o [1]
App_TaskUART_Tx         0x0008c8ad    0x84  Code  Gb  task_uart_tx.o [1]
App_TaskUART_TxStk      0x2007ecd4   0x200  Data  Lc  app.o [1]
App_TaskUserIF          0x00085eb5   0x1a4  Code  Gb  task_user_if.o [1]
App_TaskUserIF_Stk      0x2007cdfc   0x400  Data  Lc  app.o [1]
App_UsageFault_ISR      0x0008dfb3     0x2  Code  Lc  app_vect.o [1]
App_UserIF_Mbox         0x2007ff68     0x4  Data  Gb  task_user_if.o [1]
Audio_Version           0x2007fe84     0xc  Data  Gb  ruler.o [1]
BCLK_SOURCE             0x20078814     0x8  Data  Gb  codec.o [1]
BSP_BP_Init             0x00082bb9     0x2  Code  Lc  bsp.o [1]
BSP_CPU_ClkFreq         0x00082c53    0x50  Code  Gb  bsp.o [1]
BSP_ClkInit             0x000829ff   0x140  Code  Lc  bsp.o [1]
BSP_GPIO_Cfg            0x0008700d    0xa8  Code  Gb  bsp_gpio.o [1]
BSP_GPIO_Set            0x000870b5    0x36  Code  Gb  bsp_gpio.o [1]
BSP_Init                0x00082c03    0x50  Code  Gb  bsp.o [1]
BSP_IntEn               0x00086e65    0x14  Code  Gb  bsp_int.o [1]
BSP_IntHandler          0x00086fd5    0x30  Code  Lc  bsp_int.o [1]
BSP_IntHandlerAD12B     0x00086fad     0xa  Code  Gb  bsp_int.o [1]
BSP_IntHandlerADC       0x00086fb7     0xa  Code  Gb  bsp_int.o [1]
BSP_IntHandlerDMAC      0x00086fc1     0xa  Code  Gb  bsp_int.o [1]
BSP_IntHandlerDummy     0x00087009     0x2  Code  Lc  bsp_int.o [1]
BSP_IntHandlerEEFC0     0x00086eef     0xa  Code  Gb  bsp_int.o [1]
BSP_IntHandlerEEFC1     0x00086ef9     0xa  Code  Gb  bsp_int.o [1]
BSP_IntHandlerHSMCI     0x00086f53     0xa  Code  Gb  bsp_int.o [1]
BSP_IntHandlerPIOA      0x00086f17     0xa  Code  Gb  bsp_int.o [1]
BSP_IntHandlerPIOB      0x00086f21     0xa  Code  Gb  bsp_int.o [1]
BSP_IntHandlerPIOC      0x00086f2b     0xa  Code  Gb  bsp_int.o [1]
BSP_IntHandlerPMC       0x00086ee5     0xa  Code  Gb  bsp_int.o [1]
BSP_IntHandlerPWM       0x00086fa3     0xa  Code  Gb  bsp_int.o [1]
BSP_IntHandlerRSTC      0x00086ebd     0xa  Code  Gb  bsp_int.o [1]
BSP_IntHandlerRTC       0x00086ec7     0xa  Code  Gb  bsp_int.o [1]
BSP_IntHandlerRTT       0x00086ed1     0xa  Code  Gb  bsp_int.o [1]
BSP_IntHandlerSMC       0x00086f0d     0xa  Code  Gb  bsp_int.o [1]
BSP_IntHandlerSPI0      0x00086f71     0xa  Code  Gb  bsp_int.o [1]
BSP_IntHandlerSSC0      0x00086f7b     0xa  Code  Gb  bsp_int.o [1]
BSP_IntHandlerSUPC      0x00086eb3     0xa  Code  Gb  bsp_int.o [1]
BSP_IntHandlerTC0       0x00086f85     0xa  Code  Gb  bsp_int.o [1]
BSP_IntHandlerTC1       0x00086f8f     0xa  Code  Gb  bsp_int.o [1]
BSP_IntHandlerTC2       0x00086f99     0xa  Code  Gb  bsp_int.o [1]
BSP_IntHandlerTWI0      0x00086f5d     0xa  Code  Gb  bsp_int.o [1]
BSP_IntHandlerTWI1      0x00086f67     0xa  Code  Gb  bsp_int.o [1]
BSP_IntHandlerUART      0x00086f03     0xa  Code  Gb  bsp_int.o [1]
BSP_IntHandlerUDPHS     0x00086fcb     0xa  Code  Gb  bsp_int.o [1]
BSP_IntHandlerUS0       0x00086f35     0xa  Code  Gb  bsp_int.o [1]
BSP_IntHandlerUS1       0x00086f3f     0xa  Code  Gb  bsp_int.o [1]
BSP_IntHandlerUS2       0x00086f49     0xa  Code  Gb  bsp_int.o [1]
BSP_IntHandlerWDT       0x00086edb     0xa  Code  Gb  bsp_int.o [1]
BSP_IntInit             0x00086e99    0x1a  Code  Gb  bsp_int.o [1]
BSP_IntVectSet          0x00086e79    0x20  Code  Gb  bsp_int.o [1]
BSP_IntVectTbl          0x2007faa4    0x78  Data  Lc  bsp_int.o [1]
BSP_LED_Init            0x00082b57    0x1a  Code  Lc  bsp.o [1]
BSP_LED_Off             0x00082b71    0x32  Code  Gb  bsp.o [1]
BSP_LowLevelInit        0x00082995    0x6a  Code  Gb  bsp.o [1]
BSP_OS_TmrTickInit      0x000871f9    0x1a  Code  Gb  bsp_os.o [1]
BSP_PB_Init             0x00082ba3    0x16  Code  Lc  bsp.o [1]
BSP_PLL_GetFreq         0x00082ca3    0x34  Code  Gb  bsp.o [1]
BSP_PMC_MainOscFreqGet  0x00086def    0x3c  Code  Lc  bsp_pmc.o [1]
BSP_PMC_SlowOscFreqGet  0x00086e2b    0x26  Code  Lc  bsp_pmc.o [1]
BSP_PerClkEn            0x00086d55    0x16  Code  Gb  bsp_pmc.o [1]
BSP_PostInit            0x00082b4f     0x8  Code  Gb  bsp.o [1]
BSP_PreInit             0x00082b3f    0x10  Code  Gb  bsp.o [1]
BSP_ResetInit           0x00082bd5    0x2e  Code  Lc  bsp.o [1]
BSP_Reset_ISR_Handler   0x00082bbb    0x1a  Code  Lc  bsp.o [1]
BSP_Ser_Init            0x00082cd7    0xd2  Code  Gb  bsp.o [1]
BSP_Ser_Printf          0x00082e85    0x24  Code  Gb  bsp.o [1]
BSP_Ser_RdByte          0x00082e19    0x6c  Code  Gb  bsp.o [1]
BSP_Ser_WrByte          0x00082da9    0x5a  Code  Gb  bsp.o [1]
BSP_Ser_WrStr           0x00082e03    0x16  Code  Gb  bsp.o [1]
BSP_SysClkFreqGet       0x00086d6b    0x84  Code  Gb  bsp_pmc.o [1]
BUZZER_MUTE             0x2007ff98     0x1  Data  Gb  led.o [1]
Beep                    0x00082ea9    0x46  Code  Gb  bsp.o [1]
Bsp_Ser_Rx_Sem_lock     0x2007febc     0x4  Data  Gb  bsp.o [1]
Bsp_Ser_Tx_Sem_lock     0x2007feb8     0x4  Data  Gb  bsp.o [1]
Buzzer_OnOff            0x00085e05    0x22  Code  Gb  led.o [1]
Buzzer_Toggle           0x00085e27    0x24  Code  Gb  led.o [1]
CM_LegacyRead           0x00087dd1    0xfc  Code  Gb  mem_basic.o [1]
CM_SingleWrite          0x00087b31    0x56  Code  Gb  mem_basic.o [1]
CODEC_PARA_TABLE        0x20078260   0x24c  Data  Gb  codec.o [1]
CPU_CntLeadZeros        0x0008a4bf          Code  Gb  cpu_a.o [1]
CPU_Init                0x0008ab8d     0x8  Code  Gb  cpu_core.o [1]
CPU_IntDis              0x0008a4a9          Code  Gb  cpu_a.o [1]
CPU_IntEn               0x0008a4ad          Code  Gb  cpu_a.o [1]
CPU_IntSrcEn            0x0008a385   0x114  Code  Gb  cpu_c.o [1]
CPU_Name                0x2007fe54    0x10  Data  Gb  cpu_core.o [1]
CPU_NameClr             0x0008ab95    0x1a  Code  Gb  cpu_core.o [1]
CPU_NameInit            0x0008abf1     0x8  Code  Lc  cpu_core.o [1]
CPU_NameSet             0x0008abaf    0x3e  Code  Gb  cpu_core.o [1]
CPU_RevBits             0x0008a4c5          Code  Gb  cpu_a.o [1]
CPU_SR_Restore          0x0008a4b9          Code  Gb  cpu_a.o [1]
CPU_SR_Save             0x0008a4b1          Code  Gb  cpu_a.o [1]
CPU_WaitForExcept       0x0008a4cf          Code  Gb  cpu_a.o [1]
CPU_WaitForInt          0x0008a4cb          Code  Gb  cpu_a.o [1]
CSTACK$$Base            0x2007ffa8           --   Gb  - Linker created -
CSTACK$$Limit           0x20080390           --   Gb  - Linker created -
Check_SR_Support        0x000838f1    0x20  Code  Gb  codec.o [1]
Check_UART_Mixer_Ready  0x0008195b    0x62  Code  Gb  ruler.o [1]
Codec_Write             0x00083605    0x2c  Code  Gb  codec.o [1]
CommandParse            0x0008bc21    0xf2  Code  Gb  commands.o [1]
Config_Lin              0x00084521    0x7a  Code  Lc  dsp.o [1]
Config_SP0_Out          0x0008459b    0x72  Code  Lc  dsp.o [1]
Config_SPx_Format       0x0008460d    0x5e  Code  Lc  dsp.o [1]
Config_SR               0x0008466b    0xb0  Code  Lc  dsp.o [1]
DBGU_Configure          0x00084155    0x4a  Code  Gb  uart.o [1]
DBGU_Rx_Sem_lock        0x2007ff78     0x4  Data  Gb  uart.o [1]
DBGU_Tx_Sem_lock        0x2007ff74     0x4  Data  Gb  uart.o [1]
DBG_UART_Send_Buffer    0x2007b02c  0x1000  Data  Gb  task_debug_info.o [1]
DBG_UART_Send_kFIFO     0x2007fe74    0x10  Data  Gb  task_debug_info.o [1]
DMAD_Initialize         0x0008ac7d    0x34  Code  Gb  dmad.o [1]
DMA_Disable             0x0008ac29     0xa  Code  Gb  dma.o [1]
DMA_DisableChannel      0x0008ac49    0x14  Code  Gb  dma.o [1]
DMA_DisableIt           0x0008ac33     0x6  Code  Gb  dma.o [1]
DMA_Enable              0x0008ac21     0x8  Code  Gb  dma.o [1]
DMA_EnableChannel       0x0008ac3f     0xa  Code  Gb  dma.o [1]
DMA_GetChannelStatus    0x0008ac5d     0x6  Code  Gb  dma.o [1]
DMA_GetStatus           0x0008ac39     0x6  Code  Gb  dma.o [1]
DMIC_PGA_Control        0x0008448f    0x92  Code  Gb  dsp.o [1]
DM_LegacyRead           0x00087b87    0xf8  Code  Gb  mem_basic.o [1]
DM_SingleWrite          0x00087a71    0x54  Code  Gb  mem_basic.o [1]
DM_Write                0x00087a1d    0x16  Code  Gb  mem_basic.o [1]
DSP_LegacyRead          0x00088045    0xe4  Code  Gb  mem_basic.o [1]
DSP_PM_Type             0x20078827     0x1  Data  Gb  mem_basic.o [1]
DSP_SingleWrite_1       0x00087fbb    0x40  Code  Gb  mem_basic.o [1]
DSP_SingleWrite_2       0x00087ffb    0x4a  Code  Gb  mem_basic.o [1]
Debug_COM_Sel           0x2007ff90     0x1  Data  Gb  bsp.o [1]
Done_Sem_RulerUART      0x2007ff34     0x4  Data  Gb  task_noah_ruler.o [1]
EFC_ComputeAddress      0x000890e3    0x36  Code  Gb  eefc.o [1]
EFC_DisableFrdyIt       0x00089081     0xa  Code  Gb  eefc.o [1]
EFC_PerformCommand      0x00089125    0x22  Code  Gb  eefc.o [1]
EFC_TranslateAddress    0x0008908b    0x58  Code  Gb  eefc.o [1]
EMB_Data_Build          0x00085561   0x162  Code  Gb  noah_cmd.o [1]
EMB_Data_Parse          0x000856c3   0x56c  Code  Gb  noah_cmd.o [1]
EVENT_MsgQ_Noah2CMDParse
                        0x2007ff24     0x4  Data  Gb  task_cmd_parse.o [1]
EVENT_MsgQ_Noah2PCUART  0x2007ff54     0x4  Data  Gb  task_uart_tx.o [1]
EVENT_MsgQ_Noah2RulerUART
                        0x2007ff60     0x4  Data  Gb  task_uart_tx_ruler.o [1]
EVENT_MsgQ_PCUART2Noah  0x2007ff50     0x4  Data  Gb  task_uart_tx.o [1]
EVENT_MsgQ_RulerUART2Noah
                        0x2007ff5c     0x4  Data  Gb  task_uart_tx_ruler.o [1]
FLASHD_Initialize       0x00085c5d    0x12  Code  Gb  flashd_eefc.o [1]
FLASHD_Write            0x00085c6f    0xe6  Code  Gb  flashd_eefc.o [1]
FLASHD_Write_Safe       0x00081f69    0x34  Code  Gb  ruler.o [1]
FM36_PDMADC_CLK_Onoff   0x00084745    0xba  Code  Gb  dsp.o [1]
FM36_PDMADC_CLK_Set     0x000847ff   0x118  Code  Gb  dsp.o [1]
FM36_PWD_Bypass         0x0008471b    0x2a  Code  Gb  dsp.o [1]
Flag_Reset_Pin_Trigger  0x2007ff91     0x1  Data  Gb  bsp.o [1]
Flash_Info              0x0008bbe9    0x38  Code  Gb  commands.o [1]
GPIODIR_FLOAT           0x0008421d    0x3e  Code  Gb  gpio.o [1]
GPIOPIN_Get             0x000842e3    0x1e  Code  Gb  gpio.o [1]
GPIOPIN_Get_Fast        0x20078753    0x2a  Code  Gb  gpio.o [1]
GPIOPIN_Init_Fast       0x00084301    0x52  Code  Gb  gpio.o [1]
GPIOPIN_Set             0x0008425b    0x88  Code  Gb  gpio.o [1]
GPIOPIN_Set_Fast        0x200786d5    0x7e  Code  Gb  gpio.o [1]
GPIO_Init               0x00084209    0x14  Code  Gb  gpio.o [1]
GPIO_SCL                0x20078826     0x1  Data  Gb  i2c_gpio.o [1]
GPIO_SDA                0x20078825     0x1  Data  Gb  i2c_gpio.o [1]
Get_Audio_Version       0x00081d69    0x54  Code  Gb  ruler.o [1]
Get_Flash_Info          0x0008308f    0x8c  Code  Gb  bsp.o [1]
Get_Mask_Num            0x0008193b    0x20  Code  Gb  ruler.o [1]
Get_Port_Detect         0x000843dd    0x28  Code  Gb  gpio.o [1]
Get_Run_Time            0x00083019    0x76  Code  Gb  bsp.o [1]
Get_Switches            0x000843b3    0x2a  Code  Gb  gpio.o [1]
Get_Task_Info           0x00082f27    0xf2  Code  Gb  bsp.o [1]
Get_Ver_Info            0x0008bbcd    0x1a  Code  Gb  commands.o [1]
Global_Bridge_POST      0x2007ffa3     0x1  Data  Gb  ruler.o [1]
Global_Idle_Ready       0x2007ffa5     0x1  Data  Gb  task_uart_rx.o [1]
Global_Mic_Mask         0x2007fe64    0x10  Data  Gb  ruler.o [1]
Global_Mic_State        0x2007ff14     0x4  Data  Gb  ruler.o [1]
Global_Ruler_Index      0x2007ffa2     0x1  Data  Gb  ruler.o [1]
Global_Ruler_State      0x2007ff0c     0x4  Data  Gb  ruler.o [1]
Global_Ruler_Type       0x2007ff10     0x4  Data  Gb  ruler.o [1]
Global_UIF_Setting      0x2007fda0    0x20  Data  Gb  uif.o [1]
Global_VEC_Cfg          0x2007fe90     0xc  Data  Gb  ruler.o [1]
HOST_LegacyRead         0x00087f57    0x64  Code  Gb  mem_basic.o [1]
HOST_SingleWrite_1      0x00087ecd    0x40  Code  Gb  mem_basic.o [1]
HOST_SingleWrite_2      0x00087f0d    0x4a  Code  Gb  mem_basic.o [1]
Head_Info               0x0008316d   0x18a  Code  Gb  bsp.o [1]
HelpFunc                0x0008b59d    0x70  Code  Gb  commands.o [1]
HostNameFunc            0x0008b60d    0x38  Code  Gb  commands.o [1]
I2CWrite_Codec_AIC3204  0x00083631    0x1c  Code  Gb  codec.o [1]
I2C_GPIO_Init           0x0008a8f5    0x36  Code  Gb  i2c_gpio.o [1]
I2C_GPIO_Read_iM205     0x0008a7ad    0x9a  Code  Gb  i2c_gpio.o [1]
I2C_GPIO_Write_iM205    0x0008a847    0xae  Code  Gb  i2c_gpio.o [1]
I2C_Mix_Index_Save      0x2007ff97     0x1  Data  Lc  gpio.o [1]
I2C_Mixer               0x00084353    0x60  Code  Gb  gpio.o [1]
IRQ_ConfigureIT         0x0008715b    0x6c  Code  Gb  nvic.o [1]
IRQ_DisableIT           0x000871d5     0xe  Code  Gb  nvic.o [1]
IRQ_EnableIT            0x000871c7     0xe  Code  Gb  nvic.o [1]
ISR_PC_UART             0x00083c11   0x192  Code  Gb  uart.o [1]
ISR_Ruler_UART          0x00083e23   0x122  Code  Gb  uart.o [1]
InStream_Read           0x0008c001    0x22  Code  Lc  lz77_init.o [5]
InitCommands            0x0008b311   0x1e4  Code  Gb  commands.o [1]
InitI2CFunc             0x0008b6a9    0x44  Code  Gb  commands.o [1]
Init_CMD_Read           0x000851d9    0x14  Code  Gb  noah_cmd.o [1]
Init_CODEC              0x0008364d   0x2a4  Code  Gb  codec.o [1]
Init_FM36_AB03          0x00084917   0x2c4  Code  Gb  dsp.o [1]
Init_Global_Var         0x00081901    0x3a  Code  Gb  ruler.o [1]
LED_Clear               0x00085d97    0x36  Code  Gb  led.o [1]
LED_Set                 0x00085d61    0x36  Code  Gb  led.o [1]
LED_Toggle              0x00085dcd    0x38  Code  Gb  led.o [1]
LsFunc                  0x0008b4f5    0x3e  Code  Gb  commands.o [1]
MCU_Load_Vec            0x00084bdb   0x1ca  Code  Gb  dsp.o [1]
Math_Init               0x0008abf9     0xa  Code  Gb  lib_math.o [1]
Math_RandSeedCur        0x2007fec4     0x4  Data  Gb  lib_math.o [1]
Math_RandSetSeed        0x0008ac03    0x18  Code  Gb  lib_math.o [1]
MemPartition_MsgUART    0x2007882c  0x2800  Data  Gb  task_uart_tx.o [1]
Mem_Clr                 0x0008acb5    0x12  Code  Gb  lib_mem.o [1]
Mem_Set                 0x0008acc7    0x82  Code  Gb  lib_mem.o [1]
MsgQ_Noah2CMDParse      0x2007fddc    0x14  Data  Gb  task_cmd_parse.o [1]
MsgQ_Noah2PCUART        0x2007fe04    0x14  Data  Gb  task_uart_tx.o [1]
MsgQ_Noah2RulerUART     0x2007fe2c    0x14  Data  Gb  task_uart_tx_ruler.o [1]
MsgQ_PCUART2Noah        0x2007fdf0    0x14  Data  Gb  task_uart_tx.o [1]
MsgQ_RulerUART2Noah     0x2007fe18    0x14  Data  Gb  task_uart_tx_ruler.o [1]
NVIC_ClearPendingIRQ    0x00087121    0x14  Code  Lc  nvic.o [1]
NVIC_DisableIRQ         0x0008710d    0x14  Code  Lc  nvic.o [1]
NVIC_EnableIRQ          0x000870f9    0x14  Code  Lc  nvic.o [1]
NVIC_SetPriority        0x00087135    0x26  Code  Lc  nvic.o [1]
Noah_CMD_Read           0x000851ed   0x148  Code  Gb  noah_cmd.o [1]
OSCPUUsage              0x2007ff99     0x1  Data  Gb  os_core.o [1]
OSCtxSw                 0x00084e47          Code  Gb  os_cpu_a.o [1]
OSCtxSwCtr              0x2007fec8     0x4  Data  Gb  os_core.o [1]
OSDataSize              0x0008ecbc     0x2  Data  Gb  os_dbg.o [1]
OSDebugEn               0x00080eba     0x2  Data  Gb  os_dbg.o [1]
OSDebugInit             0x0008a1b9   0x1cc  Code  Gb  os_dbg.o [1]
OSEndiannessTest        0x0008ec64     0x4  Data  Gb  os_dbg.o [1]
OSEventEn               0x00081002     0x2  Data  Gb  os_dbg.o [1]
OSEventFreeList         0x2007fecc     0x4  Data  Gb  os_core.o [1]
OSEventMax              0x000810ea     0x2  Data  Gb  os_dbg.o [1]
OSEventMultiEn          0x00083602     0x2  Data  Gb  os_dbg.o [1]
OSEventNameEn           0x0008111a     0x2  Data  Gb  os_dbg.o [1]
OSEventNameSet          0x00086329    0x54  Code  Gb  os_core.o [1]
OSEventSize             0x000815d2     0x2  Data  Gb  os_dbg.o [1]
OSEventTbl              0x2007e47c   0x258  Data  Gb  os_core.o [1]
OSEventTblSize          0x0008182a     0x2  Data  Gb  os_dbg.o [1]
OSFlagEn                0x000851d6     0x2  Data  Gb  os_dbg.o [1]
OSFlagFreeList          0x2007fed0     0x4  Data  Gb  os_core.o [1]
OSFlagGrpSize           0x0008700a     0x2  Data  Gb  os_dbg.o [1]
OSFlagMax               0x000888de     0x2  Data  Gb  os_dbg.o [1]
OSFlagNameEn            0x000891d6     0x2  Data  Gb  os_dbg.o [1]
OSFlagNodeSize          0x00087212     0x2  Data  Gb  os_dbg.o [1]
OSFlagTbl               0x2007fb70    0x50  Data  Gb  os_core.o [1]
OSFlagWidth             0x00087a1a     0x2  Data  Gb  os_dbg.o [1]
OSIdleCtr               0x2007fedc     0x4  Data  Gb  os_core.o [1]
OSIdleCtrMax            0x2007fed4     0x4  Data  Gb  os_core.o [1]
OSIdleCtrRun            0x2007fed8     0x4  Data  Gb  os_core.o [1]
OSInit                  0x0008637d    0x38  Code  Gb  os_core.o [1]
OSInitHookBegin         0x00089d5d     0x8  Code  Gb  os_cpu_c.o [1]
OSIntCtxSw              0x00084e4f          Code  Gb  os_cpu_a.o [1]
OSIntEnter              0x000863b5    0x24  Code  Gb  os_core.o [1]
OSIntExit               0x000863d9    0x94  Code  Gb  os_core.o [1]
OSIntNesting            0x2007ff9b     0x1  Data  Gb  os_core.o [1]
OSLockNesting           0x2007ff9c     0x1  Data  Gb  os_core.o [1]
OSLowestPrio            0x000893c6     0x2  Data  Gb  os_dbg.o [1]
OSMboxCreate            0x000891d9    0x52  Code  Gb  os_mbox.o [1]
OSMboxEn                0x00089f36     0x2  Data  Gb  os_dbg.o [1]
OSMboxPend              0x0008922b   0x11e  Code  Gb  os_mbox.o [1]
OSMboxPost              0x00089361    0x66  Code  Gb  os_mbox.o [1]
OSMemCreate             0x0008815d    0xc6  Code  Gb  os_mem.o [1]
OSMemEn                 0x0008a4d2     0x2  Data  Gb  os_dbg.o [1]
OSMemFreeList           0x2007fef0     0x4  Data  Gb  os_core.o [1]
OSMemGet                0x00088223    0x52  Code  Gb  os_mem.o [1]
OSMemMax                0x0008a5d2     0x2  Data  Gb  os_dbg.o [1]
OSMemNameEn             0x0008e57e     0x2  Data  Gb  os_dbg.o [1]
OSMemNameSet            0x00088275    0x44  Code  Gb  os_mem.o [1]
OSMemPut                0x000882b9    0x46  Code  Gb  os_mem.o [1]
OSMemSize               0x0008e58a     0x2  Data  Gb  os_dbg.o [1]
OSMemTbl                0x2007fdc0    0x1c  Data  Gb  os_core.o [1]
OSMemTblSize            0x0008ec78     0x2  Data  Gb  os_dbg.o [1]
OSMutexEn               0x0008ec7a     0x2  Data  Gb  os_dbg.o [1]
OSPrioCur               0x2007ff9d     0x1  Data  Gb  os_core.o [1]
OSPrioHighRdy           0x2007ff9e     0x1  Data  Gb  os_core.o [1]
OSPtrSize               0x0008ec7c     0x2  Data  Gb  os_dbg.o [1]
OSQCreate               0x00082577    0xb8  Code  Gb  os_q.o [1]
OSQEn                   0x0008ec7e     0x2  Data  Gb  os_dbg.o [1]
OSQFreeList             0x2007fef4     0x4  Data  Gb  os_core.o [1]
OSQGet                  0x00082519    0x5e  Code  Gb  os_q.o [1]
OSQMax                  0x0008ec80     0x2  Data  Gb  os_dbg.o [1]
OSQPend                 0x0008262f   0x15c  Code  Gb  os_q.o [1]
OSQPost                 0x00082791    0x80  Code  Gb  os_q.o [1]
OSQPostOpt              0x00082811    0xba  Code  Gb  os_q.o [1]
OSQSize                 0x0008ec82     0x2  Data  Gb  os_dbg.o [1]
OSQTbl                  0x2007fa14    0x90  Data  Gb  os_core.o [1]
OSRdyGrp                0x2007ff9f     0x1  Data  Gb  os_core.o [1]
OSRdyTbl                0x2007fea8     0x8  Data  Gb  os_core.o [1]
OSRdyTblSize            0x0008ec84     0x2  Data  Gb  os_dbg.o [1]
OSRunning               0x2007ffa0     0x1  Data  Gb  os_core.o [1]
OSSchedLock             0x0008646d    0x3e  Code  Gb  os_core.o [1]
OSSchedUnlock           0x000864ab    0x64  Code  Gb  os_core.o [1]
OSSemCreate             0x00084ebd    0x52  Code  Gb  os_sem.o [1]
OSSemDel                0x00084f0f   0x10e  Code  Gb  os_sem.o [1]
OSSemEn                 0x0008ec86     0x2  Data  Gb  os_dbg.o [1]
OSSemPend               0x0008501d    0xf0  Code  Gb  os_sem.o [1]
OSSemPost               0x00085125    0x64  Code  Gb  os_sem.o [1]
OSSemSet                0x00085189    0x4e  Code  Gb  os_sem.o [1]
OSStart                 0x0008650f    0x42  Code  Gb  os_core.o [1]
OSStartHighRdy          0x00084e2b          Code  Gb  os_cpu_a.o [1]
OSStatInit              0x00086551    0x46  Code  Gb  os_core.o [1]
OSStatRdy               0x2007ff9a     0x1  Data  Gb  os_core.o [1]
OSStkWidth              0x0008ec88     0x2  Data  Gb  os_dbg.o [1]
OSTCBCur                0x2007fee0     0x4  Data  Gb  os_core.o [1]
OSTCBFreeList           0x2007fee4     0x4  Data  Gb  os_core.o [1]
OSTCBHighRdy            0x2007fee8     0x4  Data  Gb  os_core.o [1]
OSTCBInitHook           0x00089e1f     0xc  Code  Gb  os_cpu_c.o [1]
OSTCBList               0x2007feec     0x4  Data  Gb  os_core.o [1]
OSTCBPrioTbl            0x2007f914   0x100  Data  Gb  os_core.o [1]
OSTCBPrioTblMax         0x0008eca0     0x2  Data  Gb  os_dbg.o [1]
OSTCBSize               0x0008eca2     0x2  Data  Gb  os_dbg.o [1]
OSTCBTbl                0x2007c824   0x5d8  Data  Gb  os_core.o [1]
OSTaskCreateEn          0x0008ec8a     0x2  Data  Gb  os_dbg.o [1]
OSTaskCreateExt         0x000893c9    0xe2  Code  Gb  os_task.o [1]
OSTaskCreateExtEn       0x0008ec8c     0x2  Data  Gb  os_dbg.o [1]
OSTaskCreateHook        0x00089d65     0xc  Code  Gb  os_cpu_c.o [1]
OSTaskCtr               0x2007ffa1     0x1  Data  Gb  os_core.o [1]
OSTaskDel               0x000894ab   0x18e  Code  Gb  os_task.o [1]
OSTaskDelEn             0x0008ec8e     0x2  Data  Gb  os_dbg.o [1]
OSTaskDelHook           0x00089d71     0xc  Code  Gb  os_cpu_c.o [1]
OSTaskIdleHook          0x00089d7d     0x8  Code  Gb  os_cpu_c.o [1]
OSTaskIdleStk           0x2007f2d4   0x200  Data  Gb  os_core.o [1]
OSTaskIdleStkSize       0x0008ec90     0x2  Data  Gb  os_dbg.o [1]
OSTaskMax               0x0008ec94     0x2  Data  Gb  os_dbg.o [1]
OSTaskNameEn            0x0008ec96     0x2  Data  Gb  os_dbg.o [1]
OSTaskNameSet           0x00089639    0x92  Code  Gb  os_task.o [1]
OSTaskProfileEn         0x0008ec92     0x2  Data  Gb  os_dbg.o [1]
OSTaskReturnHook        0x00089d85     0xc  Code  Gb  os_cpu_c.o [1]
OSTaskStatEn            0x0008ec98     0x2  Data  Gb  os_dbg.o [1]
OSTaskStatHook          0x00089d91     0x8  Code  Gb  os_cpu_c.o [1]
OSTaskStatStk           0x2007f0d4   0x200  Data  Gb  os_core.o [1]
OSTaskStatStkChkEn      0x0008ec9c     0x2  Data  Gb  os_dbg.o [1]
OSTaskStatStkSize       0x0008ec9a     0x2  Data  Gb  os_dbg.o [1]
OSTaskStkChk            0x000896d1    0xae  Code  Gb  os_task.o [1]
OSTaskStkInit           0x00089d99    0x7e  Code  Gb  os_cpu_c.o [1]
OSTaskSuspend           0x0008977f    0xd0  Code  Gb  os_task.o [1]
OSTaskSwHook            0x00089e17     0x8  Code  Gb  os_cpu_c.o [1]
OSTaskSwHookEn          0x0008ec9e     0x2  Data  Gb  os_dbg.o [1]
OSTicksPerSec           0x0008eca4     0x2  Data  Gb  os_dbg.o [1]
OSTime                  0x2007fef8     0x4  Data  Gb  os_core.o [1]
OSTimeDly               0x0008291d    0x66  Code  Gb  os_time.o [1]
OSTimeTick              0x00086597    0xb8  Code  Gb  os_core.o [1]
OSTimeTickHook          0x00089e2b    0x24  Code  Gb  os_cpu_c.o [1]
OSTimeTickHookEn        0x0008eca6     0x2  Data  Gb  os_dbg.o [1]
OSTmrCfgMax             0x0008ecac     0x2  Data  Gb  os_dbg.o [1]
OSTmrCfgNameEn          0x0008ecae     0x2  Data  Gb  os_dbg.o [1]
OSTmrCfgTicksPerSec     0x0008ecb2     0x2  Data  Gb  os_dbg.o [1]
OSTmrCfgWheelSize       0x0008ecb0     0x2  Data  Gb  os_dbg.o [1]
OSTmrCtr                0x2007ff8a     0x2  Data  Lc  os_cpu_c.o [1]
OSTmrEn                 0x0008ecaa     0x2  Data  Gb  os_dbg.o [1]
OSTmrFree               0x2007ff86     0x2  Data  Gb  os_core.o [1]
OSTmrFreeList           0x2007ff08     0x4  Data  Gb  os_core.o [1]
OSTmrSem                0x2007ff00     0x4  Data  Gb  os_core.o [1]
OSTmrSemSignal          0x2007ff04     0x4  Data  Gb  os_core.o [1]
OSTmrSignal             0x00089f39    0x12  Code  Gb  os_tmr.o [1]
OSTmrSize               0x0008ecb4     0x2  Data  Gb  os_dbg.o [1]
OSTmrTaskStk            0x2007f4d4   0x200  Data  Gb  os_core.o [1]
OSTmrTbl                0x2007e1fc   0x280  Data  Gb  os_core.o [1]
OSTmrTblSize            0x0008ecb6     0x2  Data  Gb  os_dbg.o [1]
OSTmrTime               0x2007fefc     0x4  Data  Gb  os_core.o [1]
OSTmrUsed               0x2007ff88     0x2  Data  Gb  os_core.o [1]
OSTmrWheelSize          0x0008ecb8     0x2  Data  Gb  os_dbg.o [1]
OSTmrWheelTbl           0x2007fbc0    0x40  Data  Gb  os_core.o [1]
OSTmrWheelTblSize       0x0008ecba     0x2  Data  Gb  os_dbg.o [1]
OSTmr_Init              0x00089f4b    0x9c  Code  Gb  os_tmr.o [1]
OSTmr_InitTask          0x00089fe7    0x38  Code  Lc  os_tmr.o [1]
OSTmr_Link              0x0008a01f    0x78  Code  Lc  os_tmr.o [1]
OSTmr_Task              0x0008a0f1    0x8c  Code  Lc  os_tmr.o [1]
OSTmr_Unlink            0x0008a097    0x58  Code  Lc  os_tmr.o [1]
OSUnMapTbl              0x0008c338   0x100  Data  Gb  os_core.o [1]
OSVersionNbr            0x0008eca8     0x2  Data  Gb  os_dbg.o [1]
OS_CPU_PendSVHandler    0x00084e57          Code  Gb  os_cpu_a.o [1]
OS_CPU_SR_Restore       0x00084e25          Code  Gb  os_cpu_a.o [1]
OS_CPU_SR_Save          0x00084e1d          Code  Gb  os_cpu_a.o [1]
OS_CPU_SysTickHandler   0x00089e4f    0x22  Code  Gb  os_cpu_c.o [1]
OS_CPU_SysTickInit      0x00089e71    0x26  Code  Gb  os_cpu_c.o [1]
OS_EventTaskRdy         0x0008664f    0xba  Code  Gb  os_core.o [1]
OS_EventTaskRemove      0x00086797    0x32  Code  Gb  os_core.o [1]
[...]
OS_TCBInit              0x00086b65   0x174  Code  Gb  os_core.o [1]
OS_TaskIdle             0x00086a79    0x22  Code  Gb  os_core.o [1]
OS_TaskReturn           0x0008984f    0x12  Code  Gb  os_task.o [1]
OS_TaskStat             0x00086aa1    0x76  Code  Gb  os_core.o [1]
OS_TaskStatStkChk       0x00086b17    0x44  Code  Gb  os_core.o [1]
OS_TaskStkClr           0x00089889    0x18  Code  Gb  os_task.o [1]
OutStream_Write         0x0008c023    0x40  Code  Lc  lz77_init.o [5]
PIO_Clear               0x00087919     0x8  Code  Gb  pio.o [1]
PIO_Configure           0x00087857    0xb4  Code  Gb  pio.o [1]
PIO_Get                 0x00087921    0x2a  Code  Gb  pio.o [1]
PIO_GetOutputDataStatus
                        0x0008794b    0x14  Code  Gb  pio.o [1]
PIO_Set                 0x00087911     0x8  Code  Gb  pio.o [1]
PIO_SetFilter           0x000877f1    0x14  Code  Lc  pio.o [1]
PIO_SetInput            0x00087805    0x20  Code  Lc  pio.o [1]
PIO_SetOutput           0x00087825    0x32  Code  Lc  pio.o [1]
PIO_SetPeripheralA      0x000877ad    0x24  Code  Lc  pio.o [1]
PIO_SetPeripheralB      0x000877d1    0x20  Code  Lc  pio.o [1]
PM_LegacyRead           0x00087c7f   0x152  Code  Gb  mem_basic.o [1]
PM_SingleWrite          0x00087ac5    0x6c  Code  Gb  mem_basic.o [1]
PinBuzzer               0x200787d4    0x20  Data  Lc  bsp.o [1]
Pin_Reset_Audio_MCU     0x0008443d    0x1c  Code  Gb  gpio.o [1]
Pin_Reset_Codec         0x00084405    0x1c  Code  Gb  gpio.o [1]
Pin_Reset_FM36          0x00084421    0x1c  Code  Gb  gpio.o [1]
Port_Detect_Enable      0x00086059    0x16  Code  Gb  task_user_if.o [1]
Queue_NData             0x000835df    0x24  Code  Gb  queue.o [1]
Queue_ReadBuf           0x00083499    0xb6  Code  Gb  queue.o [1]
Queue_WriteBuf          0x0008354f    0x90  Code  Gb  queue.o [1]
Raw_Read                0x00088f3b   0x112  Code  Gb  uif.o [1]
Raw_Write               0x00088a57   0x4e4  Code  Gb  uif.o [1]
ReadCMFunc              0x0008b7f9    0x5c  Code  Gb  commands.o [1]
ReadDMFunc              0x0008b721    0x5c  Code  Gb  commands.o [1]
ReadDSPREGFunc          0x0008b9a5    0x60  Code  Gb  commands.o [1]
ReadHostREGFunc         0x0008ba99    0x5e  Code  Gb  commands.o [1]
ReadPMFunc              0x0008b8cd    0x5e  Code  Gb  commands.o [1]
Read_Flash_State        0x00081f9d    0x12  Code  Gb  ruler.o [1]
RebootFunc              0x0008b6ed    0x32  Code  Gb  commands.o [1]
Reg_RW_Data             0x2007c02c   0x7f8  Data  Gb  uif.o [1]
Region$$Table$$Base     0x0008dfb8           --   Gb  - Linker created -
Region$$Table$$Limit    0x0008dfe4           --   Gb  - Linker created -
Reset_Audio             0x00081cfb    0x6e  Code  Gb  ruler.o [1]
Revert_patch_Endien     0x00084481     0xe  Code  Lc  dsp.o [1]
Ruler_Active_Control    0x00081e35   0x112  Code  Gb  ruler.o [1]
Ruler_CMD_Result        0x2007ffa4     0x1  Data  Gb  ruler.o [1]
SPI_Configure           0x0008a93d    0x1c  Code  Gb  spi.o [1]
SPI_ConfigureNPCS       0x0008a959     0x8  Code  Gb  spi.o [1]
SPI_Init                0x0008aabd    0x84  Code  Gb  spi.o [1]
SPI_Initialize          0x0008aa45    0x78  Code  Gb  spi.o [1]
SPI_ReadWriteBuffer_API
                        0x0008a9e7    0x5e  Code  Gb  spi.o [1]
SPI_Sem                 0x2007ff18     0x4  Data  Gb  spi.o [1]
SPI_WriteBuffer         0x0008a961    0x38  Code  Gb  spi.o [1]
SPI_WriteBuffer_API     0x0008a999    0x4e  Code  Gb  spi.o [1]
Save_DSP_VEC            0x00081fe9    0xde  Code  Gb  ruler.o [1]
Send_Report             0x00085549    0x18  Code  Gb  noah_cmd.o [1]
Set_DSP_VEC             0x000820c9    0x8e  Code  Gb  ruler.o [1]
Set_Volume              0x000822c9    0xee  Code  Gb  ruler.o [1]
Setup_Audio             0x000819bd   0x1d6  Code  Gb  ruler.o [1]
Setup_Interface         0x000888e1   0x176  Code  Gb  uif.o [1]
ShellComms              0x2007f6d4   0x140  Data  Gb  commands.o [1]
Start_Audio             0x00081b93    0xc8  Code  Gb  ruler.o [1]
Stop_Audio              0x00081c5b    0xa0  Code  Gb  ruler.o [1]
Str_CmpIgnoreCase       0x0008ade1    0x1a  Code  Gb  lib_str.o [1]
Str_CmpIgnoreCase_N     0x0008adfb   0x1d8  Code  Gb  lib_str.o [1]
Str_Copy                0x0008ad79    0x18  Code  Gb  lib_str.o [1]
Str_Copy_N              0x0008ad91    0x50  Code  Gb  lib_str.o [1]
Str_Len                 0x0008ad49    0x14  Code  Gb  lib_str.o [1]
Str_Len_N               0x0008ad5d    0x1c  Code  Gb  lib_str.o [1]
Str_MultOvfThTbl_Int32U
                        0x0008c4e8    0x94  Data  Lc  lib_str.o [1]
Str_ParseNbr_Int32      0x0008aff3   0x230  Code  Lc  lib_str.o [1]
Str_ParseNbr_Int32U     0x0008afd3    0x20  Code  Gb  lib_str.o [1]
TWID_Handler            0x0008721d    0xe4  Code  Gb  twid.o [1]
TWID_Initialize         0x00087215     0x8  Code  Gb  twid.o [1]
TWID_Read               0x00087301   0x17a  Code  Gb  twid.o [1]
TWID_Write              0x0008747b   0x166  Code  Gb  twid.o [1]
TWI_ByteReceived        0x0008a59b     0xc  Code  Gb  twi.o [1]
TWI_ByteSent            0x0008a5a7     0xc  Code  Gb  twi.o [1]
TWI_ConfigureMaster     0x0008a4d5    0x6e  Code  Gb  twi.o [1]
TWI_GetMaskedStatus     0x0008a5bd     0xc  Code  Gb  twi.o [1]
TWI_Init                0x000875e1    0x74  Code  Gb  twid.o [1]
TWI_Sem_done            0x2007ff70     0x4  Data  Gb  twid.o [1]
TWI_Sem_lock            0x2007ff6c     0x4  Data  Gb  twid.o [1]
TWI_SendSTOPCondition   0x0008a5c9     0xa  Code  Gb  twi.o [1]
TWI_StartRead           0x0008a543    0x24  Code  Gb  twi.o [1]
TWI_StartWrite          0x0008a567    0x34  Code  Gb  twi.o [1]
TWI_TransferComplete    0x0008a5b3     0xa  Code  Gb  twi.o [1]
TaskFunc                0x0008b539    0x64  Code  Gb  commands.o [1]
Task_ReCreate_Shell     0x00089c0b    0x34  Code  Gb  app.o [1]
Timer_Init              0x00087765    0x1c  Code  Gb  timer.o [1]
Tx_ReSend_Happens       0x2007ff58     0x4  Data  Gb  task_uart_tx.o [1]
Tx_ReSend_Happens_Ruler
                        0x2007ff64     0x4  Data  Gb  task_uart_tx_ruler.o [1]
UART0_Rece_Buf          0x2007fc40    0x40  Data  Gb  uart.o [1]
UART0_Rece_Buf_PDC      0x2007fd00    0x20  Data  Gb  uart.o [1]
UART0_Send_Buf          0x2007fc00    0x40  Data  Gb  uart.o [1]
UART0_Send_Buf_PDC      0x2007fce0    0x20  Data  Gb  uart.o [1]
UART1_PINS              0x0008c9b0    0x80  Data  Lc  uart.o [1]
UART1_Rece_Buf          0x2007ddfc   0x400  Data  Gb  uart.o [1]
UART1_Rece_Buf_PDC      0x2007fd40    0x20  Data  Gb  uart.o [1]
UART1_Send_Buf          0x2007d9fc   0x400  Data  Gb  uart.o [1]
UART1_Send_Buf_PDC      0x2007fd20    0x20  Data  Gb  uart.o [1]
UART2_Rece_Buf          0x2007ff80     0x4  Data  Gb  uart.o [1]
UART2_Rece_Buf_PDC      0x2007fd80    0x20  Data  Gb  uart.o [1]
UART2_Send_Buf          0x2007ff7c     0x4  Data  Gb  uart.o [1]
UART2_Send_Buf_PDC      0x2007fd60    0x20  Data  Gb  uart.o [1]
UART_Init               0x00083941   0x1fa  Code  Gb  uart.o [1]
UART_MUX_Sem_lock       0x2007ff2c     0x4  Data  Gb  task_noah_ruler.o [1]
UART_PID                0x0008ec74     0x4  Data  Lc  uart.o [1]
UART_PINS               0x0008cb14    0x60  Data  Lc  uart.o [1]
UART_Rece_Buf_Size      0x0008eab8     0xc  Data  Lc  uart.o [1]
UART_Rx_ReStart         0x00083da3    0x80  Code  Gb  uart.o [1]
UART_Send_Buf_Size      0x0008eaac     0xc  Data  Lc  uart.o [1]
UART_WriteStart         0x00083b3b    0xd6  Code  Gb  uart.o [1]
USART_Configure         0x00083f45    0x1c  Code  Gb  uart.o [1]
USART_ReadBuffer        0x00083fc3    0x3c  Code  Lc  uart.o [1]
USART_Read_Timeout      0x00083fff    0xbe  Code  Gb  uart.o [1]
USART_Sem               0x2007fe9c     0xc  Data  Lc  uart.o [1]
USART_SendBuf           0x00084103    0x52  Code  Gb  uart.o [1]
USART_SendByte          0x000840bd    0x46  Code  Gb  uart.o [1]
USART_SetReceiverEnabled
                        0x00083f73    0x12  Code  Gb  uart.o [1]
USART_SetTransmitterEnabled
                        0x00083f61    0x12  Code  Gb  uart.o [1]
USART_WriteBuffer       0x00083f85    0x3e  Code  Lc  uart.o [1]
Unlock_PM               0x00087a33    0x3e  Code  Lc  mem_basic.o [1]
Update_Ruler_FW         0x00082159   0x170  Code  Gb  ruler.o [1]
WriteCMFunc             0x0008b855    0x76  Code  Gb  commands.o [1]
WriteDMFunc             0x0008b781    0x78  Code  Gb  commands.o [1]
WriteDSPREGFunc         0x0008ba05    0x92  Code  Gb  commands.o [1]
WriteGPIOFunc           0x0008b645    0x62  Code  Gb  commands.o [1]
WriteHostREGFunc        0x0008baf9    0x92  Code  Gb  commands.o [1]
WritePMFunc             0x0008b931    0x74  Code  Gb  commands.o [1]
Write_Flash_State       0x00081faf    0x2e  Code  Gb  ruler.o [1]
Write_Ruler_FW          0x0008bb8d    0x40  Code  Gb  commands.o [1]
Xmodem_Transmit         0x000860f3   0x224  Code  Gb  Xmodem.o [1]
_GenldFullNoMb          0x00080b99   0x262  Code  Lc  xprintffull_nomb.o [3]
_LdtobFullNoMb          0x000807ad   0x3e6  Code  Lc  xprintffull_nomb.o [3]
_LitobFullNoMb          0x000806a5   0x106  Code  Lc  xprintffull_nomb.o [3]
_PrintfFullNoMb         0x000800bd   0x5e2  Code  Gb  xprintffull_nomb.o [3]
_PutcharsFullNoMb       0x00080dfb    0x2e  Code  Lc  xprintffull_nomb.o [3]
_SProut                 0x00080e7b     0xa  Code  Gb  xsprout.o [3]
__ICFEDIT_vector_start__ {Abs}
                        0x00080000           --   Gb  command line/config [2]
__aeabi_cdcmple         0x000810bd          Code  Gb  DblCmpLe.o [4]
__aeabi_cdrcmple        0x000810ed          Code  Gb  DblCmpGe.o [4]
__aeabi_d2iz            0x00081229          Code  Gb  DblToI32.o [4]
__aeabi_d2uiz           0x00081255          Code  Gb  DblToI32.o [4]
__aeabi_ddiv            0x000815d5          Code  Gb  DblDiv.o [4]
__aeabi_dmul            0x00081431          Code  Gb  DblMul.o [4]
__aeabi_dsub            0x000812b1          Code  Gb  DblSub.o [4]
__aeabi_i2d             0x00081281          Code  Gb  I32ToDbl.o [4]
__aeabi_ldiv0           0x00081829          Code  Gb  I64DivZer.o [5]
__aeabi_memset          0x00089171          Code  Gb  ABImemset.o [5]
__aeabi_ui2d            0x00081295          Code  Gb  I32ToDbl.o [4]
__aeabi_uldivmod        0x00080f15          Code  Gb  I64DivMod.o [5]
__cmain                 0x0008e561          Code  Gb  cmain.o [5]
__exit                  0x0008c1cd          Code  Gb  XXexit.o [5]
__iar_Dnorm             0x0008107b    0x42  Code  Gb  xdnorm.o [4]
__iar_Dscale            0x0008111d   0x10c  Code  Gb  xdscale.o [4]
__iar_Memchr            0x00080ebd          Code  Gb  memchr.o [5]
__iar_Memset            0x00089171          Code  Gb  ABImemset.o [5]
__iar_Memset_word       0x00089179          Code  Gb  ABImemset.o [5]
__iar_Strchr            0x00080e65          Code  Gb  strchr.o [5]
__iar_d2uiz             0x00081261          Code  Gb  DblToI32.o [4]
__iar_dadd              0x0008182d          Code  Gb  DblAdd.o [4]
__iar_data_init3        0x0008dd51    0x28  Code  Gb  data_init.o [5]
__iar_dsub              0x000812c5          Code  Gb  DblSub.o [4]
__iar_dsubStart         0x000812d7          Code  Gb  DblSub.o [4]
__iar_lz77_init3        0x0008c063   0x164  Code  Gb  lz77_init.o [5]
__iar_program_start     0x0008ead1          Code  Gb  cstartup_M.o [5]
__iar_ui2d              0x00081299          Code  Gb  I32ToDbl.o [4]
__iar_unaligned___aeabi_memcpy
                        0x00081005          Code  Gb  ABImemcpy_unaligned.o [5]
__iar_unaligned___aeabi_memcpy4
                        0x00081025          Code  Gb  ABImemcpy_unaligned.o [5]
__iar_unaligned___aeabi_memcpy8
                        0x00081025          Code  Gb  ABImemcpy_unaligned.o [5]
__iar_unaligned_strcpy  0x00085e5d          Code  Gb  strcpy_unaligned.o [5]
__iar_zero_init3        0x00080e43    0x22  Code  Gb  zero_init3.o [5]
__low_level_init        0x0008df95    0x10  Code  Gb  app_vect.o [1]
__vector_table          0x00080000    0xbc  Data  Gb  app_vect.o [1]
_call_main              0x0008e56d          Code  Gb  cmain.o [5]
_exit                   0x0008e581          Code  Gb  cexit.o [5]
_main                   0x0008e577          Code  Gb  cmain.o [5]
abort                   0x0008c1c7     0x6  Code  Gb  abort.o [3]
bit_length_saved        0x2007ff96     0x1  Data  Lc  dsp.o [1]
calc_crc                0x000860b1    0x40  Code  Lc  Xmodem.o [1]
codec_saved_sample_length
                        0x2007ff92     0x1  Data  Lc  codec.o [1]
codec_saved_sr          0x2007fec0     0x4  Data  Lc  codec.o [1]
config_aic3204          0x20078780    0x54  Data  Gb  codec.o [1]
debug_uart_fifo_data_max
                        0x2007ff8c     0x2  Data  Gb  task_debug_info.o [1]
debug_uart_fifo_oveflow_counter
                        0x2007ff8e     0x2  Data  Gb  task_debug_info.o [1]
delay                   0x0008a5e5     0x2  Code  Lc  i2c_gpio.o [1]
div                     0x0008181b     0xe  Code  Gb  div.o [3]
emb_append_attr_binary  0x0008884f    0x52  Code  Gb  emb.o [1]
emb_append_attr_string  0x0008880f    0x40  Code  Gb  emb.o [1]
emb_append_attr_uint    0x000887cf    0x40  Code  Gb  emb.o [1]
emb_append_end          0x000888a1    0x22  Code  Gb  emb.o [1]
emb_attach              0x0008832d     0xa  Code  Gb  emb.o [1]
emb_encode_binary       0x00088771    0x3e  Code  Lc  emb.o [1]
emb_encode_fixed        0x00088731    0x24  Code  Lc  emb.o [1]
emb_encode_header       0x000886e5    0x4c  Code  Lc  emb.o [1]
emb_encode_string       0x00088755    0x1c  Code  Lc  emb.o [1]
emb_encode_uint         0x000886b5    0x30  Code  Lc  emb.o [1]
emb_get_attr_binary     0x0008868d    0x28  Code  Gb  emb.o [1]
emb_get_attr_int        0x00088669    0x24  Code  Gb  emb.o [1]
emb_get_binary          0x0008862b    0x3e  Code  Gb  emb.o [1]
emb_get_id              0x000885bf    0x1e  Code  Gb  emb.o [1]
emb_get_int             0x000885dd    0x4e  Code  Gb  emb.o [1]
emb_get_node            0x0008854f    0x70  Code  Lc  emb.o [1]
emb_init_builder        0x000887af    0x20  Code  Gb  emb.o [1]
emb_parse_binary        0x000883a5    0x2c  Code  Lc  emb.o [1]
emb_parse_id_type       0x000883d1    0x52  Code  Lc  emb.o [1]
emb_parse_sint          0x00088367    0x3e  Code  Lc  emb.o [1]
emb_parse_uint          0x00088337    0x30  Code  Lc  emb.o [1]
emb_skip_binary         0x00088481    0x26  Code  Lc  emb.o [1]
emb_skip_element        0x000884a7    0x44  Code  Lc  emb.o [1]
emb_skip_fixed          0x00088459    0x10  Code  Lc  emb.o [1]
emb_skip_header         0x0008843b    0x1e  Code  Lc  emb.o [1]
emb_skip_int            0x00088423    0x18  Code  Lc  emb.o [1]
emb_skip_node           0x000884eb    0x64  Code  Lc  emb.o [1]
emb_skip_string         0x00088469    0x18  Code  Lc  emb.o [1]
exit                    0x0008e57b     0x4  Code  Gb  exit.o [3]
flag_power_lose         0x20078824     0x1  Data  Lc  dsp.o [1]
flushinput              0x000860f1     0x2  Code  Lc  Xmodem.o [1]
fm36_para_table_3       0x200785d8    0xfc  Data  Lc  dsp.o [1]
fm36_patch_code_3       0x200784ac   0x12c  Data  Lc  dsp.o [1]
fw_version              0x0008e834    0x10  Data  Gb  bsp.o [1]
get_os_state            0x00082eef    0x38  Code  Gb  bsp.o [1]
hw_model                0x0008eb5c     0x8  Data  Gb  bsp.o [1]
hw_version              0x0008e9e0     0xc  Data  Gb  bsp.o [1]
i2c_read_ack            0x0008a695    0x3e  Code  Lc  i2c_gpio.o [1]
i2c_read_byte           0x0008a751    0x5c  Code  Lc  i2c_gpio.o [1]
i2c_restart             0x0008a617    0x40  Code  Lc  i2c_gpio.o [1]
i2c_send_ack            0x0008a6d3    0x2a  Code  Lc  i2c_gpio.o [1]
i2c_start               0x0008a5e7    0x30  Code  Lc  i2c_gpio.o [1]
i2c_stop                0x0008a657    0x3e  Code  Lc  i2c_gpio.o [1]
i2c_write_byte          0x0008a6fd    0x54  Code  Lc  i2c_gpio.o [1]
kfifo_get               0x000879c9    0x52  Code  Gb  kfifo.o [1]
kfifo_get_data_size     0x20078801     0x8  Code  Gb  kfifo.o [1]
kfifo_get_free_space    0x200787f5     0xc  Code  Gb  kfifo.o [1]
kfifo_init_static       0x00087967     0xc  Code  Gb  kfifo.o [1]
kfifo_put               0x00087973    0x56  Code  Gb  kfifo.o [1]
lin_sp_index_saved      0x2007ff94     0x1  Data  Lc  dsp.o [1]
main                    0x000898a1    0x5c  Code  Gb  app.o [1]
memchr                  0x00080ebd          Code  Gb  memchr.o [5]
memcpy                  0x00089165     0xc  Code  Gb  memcpy.o [3]
memset                  0x00085ea1    0x14  Code  Gb  memset.o [3]
mic_num_saved           0x2007ff93     0x1  Data  Lc  dsp.o [1]
min                     0x00089147     0xe  Code  Gb  math.o [1]
min_kfifo               0x0008795f     0x8  Code  Gb  kfifo.o [1]
numGpios                0x0008ec54     0x4  Data  Lc  gpio.o [1]
numLeds                 0x0008ec58     0x4  Data  Lc  led.o [1]
os_stat_desp            0x0008d3ac    0x38  Data  Gb  bsp.o [1]
pMEM_Part_MsgUART       0x2007ff4c     0x4  Data  Gb  task_uart_tx.o [1]
pPageBuffer             0x2007f814   0x100  Data  Lc  flashd_eefc.o [1]
pTCREG                  0x20078808     0xc  Data  Lc  timer.o [1]
pUARTREG                0x0008ea70     0xc  Data  Lc  uart.o [1]
pUART_Rece_Buf          0x0008ea88     0xc  Data  Gb  uart.o [1]
pUART_Rece_Buf_PDC      0x0008eaa0     0xc  Data  Gb  uart.o [1]
pUART_Rece_kfifo        0x0008ea64     0xc  Data  Gb  uart.o [1]
pUART_Send_Buf          0x0008ea7c     0xc  Data  Gb  uart.o [1]
pUART_Send_Buf_PDC      0x0008ea94     0xc  Data  Gb  uart.o [1]
pUART_Send_kfifo        0x0008ea58     0xc  Data  Gb  uart.o [1]
pcSendDateToBuf         0x00085335   0x146  Code  Gb  noah_cmd.o [1]
pcSendDateToBuffer      0x0008547b    0xce  Code  Gb  noah_cmd.o [1]
pinsBuzzer              0x0008e124    0x20  Data  Lc  led.o [1]
pinsGpios               0x20078000   0x260  Data  Lc  gpio.o [1]
pinsLeds                0x0008d124    0x40  Data  Lc  led.o [1]
pinsSwitches            0x0008d0e4    0x40  Data  Lc  gpio.o [1]
port_enable             0x20078828     0x1  Data  Lc  task_user_if.o [1]
power                   0x00089155    0x10  Code  Gb  math.o [1]
ppcer_offset            0x20078820     0x4  Data  Lc  timer.o [1]
spi_if                  0x2007881c     0x4  Data  Gb  spi.o [1]
spi_pins                0x0008c930    0x80  Data  Lc  spi.o [1]
sr_saved                0x2007ff84     0x2  Data  Lc  dsp.o [1]
start_slot_index_saved  0x2007ff95     0x1  Data  Lc  dsp.o [1]
strcat                  0x000888c3    0x1c  Code  Gb  strcat.o [3]
strchr                  0x00080e65          Code  Gb  strchr.o [5]
strlen                  0x00080e85          Code  Gb  strlen.o [5]
test_counter1           0x2007ff38     0x4  Data  Gb  task_noah_ruler.o [1]
test_counter2           0x2007ff3c     0x4  Data  Gb  task_noah_ruler.o [1]
test_counter3           0x2007ff40     0x4  Data  Gb  task_noah_ruler.o [1]
test_counter4           0x2007ff44     0x4  Data  Gb  task_noah_ruler.o [1]
test_counter5           0x2007ff48     0x4  Data  Gb  task_noah_ruler.o [1]
twi_async               0x2007fe40    0x14  Data  Gb  twid.o [1]
twi_pins                0x0008d164    0x40  Data  Lc  twid.o [1]
twi_rw_done             0x2007ffa6     0x1  Data  Gb  twid.o [1]
twid                    0x2007feb0     0x8  Data  Gb  twid.o [1]
uart_rx_fifo            0x2007fcb0    0x30  Data  Gb  uart.o [1]
uart_tx_fifo            0x2007fc80    0x30  Data  Gb  uart.o [1]
uartin_start_cmd        0x2007ffa7     0x1  Data  Gb  uart.o [1]
vsprintf                0x00087781    0x2c  Code  Gb  vsprintf.o [3]


[1] = E:\SVN Dir\PQ\UIF Board\UIF_Host_OS_V2\Release\Obj
[2] = command line
[3] = dl7M_tln.a
[4] = m7M_tl.a
[5] = rt7M_tl.a

  50 386 bytes of readonly  code memory
     192 bytes of readwrite code memory
  11 173 bytes of readonly  data memory
  33 485 bytes of readwrite data memory

Errors: none
Warnings: none
